[0.553s] DEBUG:colcon:Command line arguments: ['/usr/bin/colcon', 'build', '--packages-select', 'station_web_gui']
[0.553s] DEBUG:colcon:Parsed command line arguments: Namespace(log_base=None, log_level=None, verb_name='build', build_base='build', install_base='install', merge_install=False, symlink_install=False, test_result_base=None, continue_on_error=False, executor='parallel', parallel_workers=4, event_handlers=None, ignore_user_meta=False, metas=['./colcon.meta'], base_paths=['.'], packages_ignore=None, packages_ignore_regex=None, paths=None, packages_up_to=None, packages_up_to_regex=None, packages_above=None, packages_above_and_dependencies=None, packages_above_depth=None, packages_select_by_dep=None, packages_skip_by_dep=None, packages_skip_up_to=None, packages_select_build_failed=False, packages_skip_build_finished=False, packages_select_test_failures=False, packages_skip_test_passed=False, packages_select=['station_web_gui'], packages_skip=None, packages_select_regex=None, packages_skip_regex=None, packages_start=None, packages_end=None, allow_overriding=[], cmake_args=None, cmake_target=None, cmake_target_skip_unavailable=False, cmake_clean_cache=False, cmake_clean_first=False, cmake_force_configure=False, ament_cmake_args=None, catkin_cmake_args=None, catkin_skip_building_tests=False, mixin_files=None, mixin=None, verb_parser=<colcon_mixin.mixin.mixin_argument.MixinArgumentDecorator object at 0xffff809360e0>, verb_extension=<colcon_core.verb.build.BuildVerb object at 0xffff80adb0d0>, main=<bound method BuildVerb.main of <colcon_core.verb.build.BuildVerb object at 0xffff80adb0d0>>, mixin_verb=('build',))
[1.553s] Level 1:colcon.colcon_core.package_discovery:discover_packages(colcon_meta) check parameters
[1.553s] Level 1:colcon.colcon_core.package_discovery:discover_packages(recursive) check parameters
[1.556s] Level 1:colcon.colcon_core.package_discovery:discover_packages(ignore) check parameters
[1.556s] Level 1:colcon.colcon_core.package_discovery:discover_packages(path) check parameters
[1.556s] Level 1:colcon.colcon_core.package_discovery:discover_packages(colcon_meta) discover
[1.556s] Level 1:colcon.colcon_core.package_discovery:discover_packages(recursive) discover
[1.557s] INFO:colcon.colcon_core.package_discovery:Crawling recursively for packages in '/home/sagre/SmartStationNew/ros2_ws'
[1.557s] Level 1:colcon.colcon_core.package_identification:_identify(.) by extensions ['ignore', 'ignore_ament_install']
[1.558s] Level 1:colcon.colcon_core.package_identification:_identify(.) by extension 'ignore'
[1.558s] Level 1:colcon.colcon_core.package_identification:_identify(.) by extension 'ignore_ament_install'
[1.558s] Level 1:colcon.colcon_core.package_identification:_identify(.) by extensions ['colcon_pkg']
[1.558s] Level 1:colcon.colcon_core.package_identification:_identify(.) by extension 'colcon_pkg'
[1.558s] Level 1:colcon.colcon_core.package_identification:_identify(.) by extensions ['colcon_meta']
[1.559s] Level 1:colcon.colcon_core.package_identification:_identify(.) by extension 'colcon_meta'
[1.559s] Level 1:colcon.colcon_core.package_identification:_identify(.) by extensions ['ros']
[1.559s] Level 1:colcon.colcon_core.package_identification:_identify(.) by extension 'ros'
[1.609s] Level 1:colcon.colcon_core.package_identification:_identify(.) by extensions ['cmake', 'python']
[1.610s] Level 1:colcon.colcon_core.package_identification:_identify(.) by extension 'cmake'
[1.610s] Level 1:colcon.colcon_core.package_identification:_identify(.) by extension 'python'
[1.610s] Level 1:colcon.colcon_core.package_identification:_identify(.) by extensions ['python_setup_py']
[1.610s] Level 1:colcon.colcon_core.package_identification:_identify(.) by extension 'python_setup_py'
[1.611s] Level 1:colcon.colcon_core.package_identification:_identify(build) by extensions ['ignore', 'ignore_ament_install']
[1.611s] Level 1:colcon.colcon_core.package_identification:_identify(build) by extension 'ignore'
[1.611s] Level 1:colcon.colcon_core.package_identification:_identify(build) ignored
[1.612s] Level 1:colcon.colcon_core.package_identification:_identify(config) by extensions ['ignore', 'ignore_ament_install']
[1.612s] Level 1:colcon.colcon_core.package_identification:_identify(config) by extension 'ignore'
[1.613s] Level 1:colcon.colcon_core.package_identification:_identify(config) by extension 'ignore_ament_install'
[1.613s] Level 1:colcon.colcon_core.package_identification:_identify(config) by extensions ['colcon_pkg']
[1.613s] Level 1:colcon.colcon_core.package_identification:_identify(config) by extension 'colcon_pkg'
[1.613s] Level 1:colcon.colcon_core.package_identification:_identify(config) by extensions ['colcon_meta']
[1.613s] Level 1:colcon.colcon_core.package_identification:_identify(config) by extension 'colcon_meta'
[1.614s] Level 1:colcon.colcon_core.package_identification:_identify(config) by extensions ['ros']
[1.614s] Level 1:colcon.colcon_core.package_identification:_identify(config) by extension 'ros'
[1.614s] Level 1:colcon.colcon_core.package_identification:_identify(config) by extensions ['cmake', 'python']
[1.614s] Level 1:colcon.colcon_core.package_identification:_identify(config) by extension 'cmake'
[1.614s] Level 1:colcon.colcon_core.package_identification:_identify(config) by extension 'python'
[1.615s] Level 1:colcon.colcon_core.package_identification:_identify(config) by extensions ['python_setup_py']
[1.615s] Level 1:colcon.colcon_core.package_identification:_identify(config) by extension 'python_setup_py'
[1.615s] Level 1:colcon.colcon_core.package_identification:_identify(install) by extensions ['ignore', 'ignore_ament_install']
[1.616s] Level 1:colcon.colcon_core.package_identification:_identify(install) by extension 'ignore'
[1.616s] Level 1:colcon.colcon_core.package_identification:_identify(install) ignored
[1.617s] Level 1:colcon.colcon_core.package_identification:_identify(log) by extensions ['ignore', 'ignore_ament_install']
[1.617s] Level 1:colcon.colcon_core.package_identification:_identify(log) by extension 'ignore'
[1.617s] Level 1:colcon.colcon_core.package_identification:_identify(log) ignored
[1.617s] Level 1:colcon.colcon_core.package_identification:_identify(src) by extensions ['ignore', 'ignore_ament_install']
[1.618s] Level 1:colcon.colcon_core.package_identification:_identify(src) by extension 'ignore'
[1.618s] Level 1:colcon.colcon_core.package_identification:_identify(src) by extension 'ignore_ament_install'
[1.618s] Level 1:colcon.colcon_core.package_identification:_identify(src) by extensions ['colcon_pkg']
[1.618s] Level 1:colcon.colcon_core.package_identification:_identify(src) by extension 'colcon_pkg'
[1.619s] Level 1:colcon.colcon_core.package_identification:_identify(src) by extensions ['colcon_meta']
[1.619s] Level 1:colcon.colcon_core.package_identification:_identify(src) by extension 'colcon_meta'
[1.619s] Level 1:colcon.colcon_core.package_identification:_identify(src) by extensions ['ros']
[1.619s] Level 1:colcon.colcon_core.package_identification:_identify(src) by extension 'ros'
[1.619s] Level 1:colcon.colcon_core.package_identification:_identify(src) by extensions ['cmake', 'python']
[1.620s] Level 1:colcon.colcon_core.package_identification:_identify(src) by extension 'cmake'
[1.620s] Level 1:colcon.colcon_core.package_identification:_identify(src) by extension 'python'
[1.620s] Level 1:colcon.colcon_core.package_identification:_identify(src) by extensions ['python_setup_py']
[1.620s] Level 1:colcon.colcon_core.package_identification:_identify(src) by extension 'python_setup_py'
[1.621s] Level 1:colcon.colcon_core.package_identification:_identify(src/mqtt_ros2_bridge) by extensions ['ignore', 'ignore_ament_install']
[1.621s] Level 1:colcon.colcon_core.package_identification:_identify(src/mqtt_ros2_bridge) by extension 'ignore'
[1.621s] Level 1:colcon.colcon_core.package_identification:_identify(src/mqtt_ros2_bridge) by extension 'ignore_ament_install'
[1.621s] Level 1:colcon.colcon_core.package_identification:_identify(src/mqtt_ros2_bridge) by extensions ['colcon_pkg']
[1.622s] Level 1:colcon.colcon_core.package_identification:_identify(src/mqtt_ros2_bridge) by extension 'colcon_pkg'
[1.622s] Level 1:colcon.colcon_core.package_identification:_identify(src/mqtt_ros2_bridge) by extensions ['colcon_meta']
[1.622s] Level 1:colcon.colcon_core.package_identification:_identify(src/mqtt_ros2_bridge) by extension 'colcon_meta'
[1.622s] Level 1:colcon.colcon_core.package_identification:_identify(src/mqtt_ros2_bridge) by extensions ['ros']
[1.622s] Level 1:colcon.colcon_core.package_identification:_identify(src/mqtt_ros2_bridge) by extension 'ros'
[1.632s] DEBUG:colcon.colcon_core.package_identification:Package 'src/mqtt_ros2_bridge' with type 'ros.ament_python' and name 'mqtt_ros2_bridge'
[1.633s] Level 1:colcon.colcon_core.package_identification:_identify(src/station_web_gui) by extensions ['ignore', 'ignore_ament_install']
[1.633s] Level 1:colcon.colcon_core.package_identification:_identify(src/station_web_gui) by extension 'ignore'
[1.634s] Level 1:colcon.colcon_core.package_identification:_identify(src/station_web_gui) by extension 'ignore_ament_install'
[1.634s] Level 1:colcon.colcon_core.package_identification:_identify(src/station_web_gui) by extensions ['colcon_pkg']
[1.634s] Level 1:colcon.colcon_core.package_identification:_identify(src/station_web_gui) by extension 'colcon_pkg'
[1.634s] Level 1:colcon.colcon_core.package_identification:_identify(src/station_web_gui) by extensions ['colcon_meta']
[1.634s] Level 1:colcon.colcon_core.package_identification:_identify(src/station_web_gui) by extension 'colcon_meta'
[1.635s] Level 1:colcon.colcon_core.package_identification:_identify(src/station_web_gui) by extensions ['ros']
[1.635s] Level 1:colcon.colcon_core.package_identification:_identify(src/station_web_gui) by extension 'ros'
[1.638s] DEBUG:colcon.colcon_core.package_identification:Package 'src/station_web_gui' with type 'ros.ament_python' and name 'station_web_gui'
[1.639s] Level 1:colcon.colcon_core.package_discovery:discover_packages(recursive) using defaults
[1.639s] Level 1:colcon.colcon_core.package_discovery:discover_packages(ignore) discover
[1.639s] Level 1:colcon.colcon_core.package_discovery:discover_packages(ignore) using defaults
[1.639s] Level 1:colcon.colcon_core.package_discovery:discover_packages(path) discover
[1.639s] Level 1:colcon.colcon_core.package_discovery:discover_packages(path) using defaults
[1.765s] INFO:colcon.colcon_core.package_selection:Skipping not selected package 'mqtt_ros2_bridge' in 'src/mqtt_ros2_bridge'
[1.767s] Level 1:colcon.colcon_core.package_discovery:discover_packages(prefix_path) check parameters
[1.767s] Level 1:colcon.colcon_core.package_discovery:discover_packages(prefix_path) discover
[1.777s] DEBUG:colcon.colcon_installed_package_information.package_discovery:Found 2 installed packages in /home/sagre/SmartStationNew/ros2_ws/install
[1.787s] DEBUG:colcon.colcon_installed_package_information.package_discovery:Found 272 installed packages in /opt/ros/humble
[1.795s] Level 1:colcon.colcon_core.package_discovery:discover_packages(prefix_path) using defaults
[1.988s] Level 5:colcon.colcon_core.verb:set package 'station_web_gui' build argument 'cmake_args' from command line to 'None'
[1.989s] Level 5:colcon.colcon_core.verb:set package 'station_web_gui' build argument 'cmake_target' from command line to 'None'
[1.989s] Level 5:colcon.colcon_core.verb:set package 'station_web_gui' build argument 'cmake_target_skip_unavailable' from command line to 'False'
[1.989s] Level 5:colcon.colcon_core.verb:set package 'station_web_gui' build argument 'cmake_clean_cache' from command line to 'False'
[1.989s] Level 5:colcon.colcon_core.verb:set package 'station_web_gui' build argument 'cmake_clean_first' from command line to 'False'
[1.989s] Level 5:colcon.colcon_core.verb:set package 'station_web_gui' build argument 'cmake_force_configure' from command line to 'False'
[1.989s] Level 5:colcon.colcon_core.verb:set package 'station_web_gui' build argument 'ament_cmake_args' from command line to 'None'
[1.989s] Level 5:colcon.colcon_core.verb:set package 'station_web_gui' build argument 'catkin_cmake_args' from command line to 'None'
[1.989s] Level 5:colcon.colcon_core.verb:set package 'station_web_gui' build argument 'catkin_skip_building_tests' from command line to 'False'
[1.990s] DEBUG:colcon.colcon_core.verb:Building package 'station_web_gui' with the following arguments: {'ament_cmake_args': None, 'build_base': '/home/sagre/SmartStationNew/ros2_ws/build/station_web_gui', 'catkin_cmake_args': None, 'catkin_skip_building_tests': False, 'cmake_args': None, 'cmake_clean_cache': False, 'cmake_clean_first': False, 'cmake_force_configure': False, 'cmake_target': None, 'cmake_target_skip_unavailable': False, 'install_base': '/home/sagre/SmartStationNew/ros2_ws/install/station_web_gui', 'merge_install': False, 'path': '/home/sagre/SmartStationNew/ros2_ws/src/station_web_gui', 'symlink_install': False, 'test_result_base': None}
[1.990s] INFO:colcon.colcon_core.executor:Executing jobs using 'parallel' executor
[1.994s] DEBUG:colcon.colcon_parallel_executor.executor.parallel:run_until_complete
[1.995s] INFO:colcon.colcon_ros.task.ament_python.build:Building ROS package in '/home/sagre/SmartStationNew/ros2_ws/src/station_web_gui' with build type 'ament_python'
[1.996s] Level 1:colcon.colcon_core.shell:create_environment_hook('station_web_gui', 'ament_prefix_path')
[2.007s] INFO:colcon.colcon_core.plugin_system:Skipping extension 'colcon_core.shell.bat': Not used on non-Windows systems
[2.008s] INFO:colcon.colcon_core.shell:Creating environment hook '/home/sagre/SmartStationNew/ros2_ws/install/station_web_gui/share/station_web_gui/hook/ament_prefix_path.ps1'
[2.011s] INFO:colcon.colcon_core.shell:Creating environment descriptor '/home/sagre/SmartStationNew/ros2_ws/install/station_web_gui/share/station_web_gui/hook/ament_prefix_path.dsv'
[2.013s] INFO:colcon.colcon_core.shell:Creating environment hook '/home/sagre/SmartStationNew/ros2_ws/install/station_web_gui/share/station_web_gui/hook/ament_prefix_path.sh'
[2.019s] INFO:colcon.colcon_core.shell:Skip shell extension 'powershell' for command environment: Not usable outside of PowerShell
[2.019s] DEBUG:colcon.colcon_core.shell:Skip shell extension 'dsv' for command environment
[3.471s] INFO:colcon.colcon_core.task.python.build:Building Python package in '/home/sagre/SmartStationNew/ros2_ws/src/station_web_gui'
[3.472s] INFO:colcon.colcon_core.shell:Skip shell extension 'powershell' for command environment: Not usable outside of PowerShell
[3.472s] DEBUG:colcon.colcon_core.shell:Skip shell extension 'dsv' for command environment
[5.453s] DEBUG:colcon.colcon_core.event_handler.log_command:Invoking command in '/home/sagre/SmartStationNew/ros2_ws/src/station_web_gui': PYTHONPATH=/home/sagre/SmartStationNew/ros2_ws/build/station_web_gui/prefix_override:/usr/lib/python3/dist-packages/colcon_core/task/python/colcon_distutils_commands:/home/sagre/SmartStationNew/ros2_ws/install/station_web_gui/lib/python3.10/site-packages:${PYTHONPATH} /usr/bin/python3 -W ignore:setup.py install is deprecated -W ignore:easy_install command is deprecated setup.py egg_info --egg-base ../../build/station_web_gui build --build-base /home/sagre/SmartStationNew/ros2_ws/build/station_web_gui/build install --record /home/sagre/SmartStationNew/ros2_ws/build/station_web_gui/install.log --single-version-externally-managed install_data
[7.062s] DEBUG:colcon.colcon_core.event_handler.log_command:Invoked command in '/home/sagre/SmartStationNew/ros2_ws/src/station_web_gui' returned '0': PYTHONPATH=/home/sagre/SmartStationNew/ros2_ws/build/station_web_gui/prefix_override:/usr/lib/python3/dist-packages/colcon_core/task/python/colcon_distutils_commands:/home/sagre/SmartStationNew/ros2_ws/install/station_web_gui/lib/python3.10/site-packages:${PYTHONPATH} /usr/bin/python3 -W ignore:setup.py install is deprecated -W ignore:easy_install command is deprecated setup.py egg_info --egg-base ../../build/station_web_gui build --build-base /home/sagre/SmartStationNew/ros2_ws/build/station_web_gui/build install --record /home/sagre/SmartStationNew/ros2_ws/build/station_web_gui/install.log --single-version-externally-managed install_data
[7.073s] Level 1:colcon.colcon_core.environment:checking '/home/sagre/SmartStationNew/ros2_ws/install/station_web_gui' for CMake module files
[7.077s] Level 1:colcon.colcon_core.environment:checking '/home/sagre/SmartStationNew/ros2_ws/install/station_web_gui' for CMake config files
[7.083s] Level 1:colcon.colcon_core.environment:checking '/home/sagre/SmartStationNew/ros2_ws/install/station_web_gui/lib'
[7.084s] Level 1:colcon.colcon_core.environment:checking '/home/sagre/SmartStationNew/ros2_ws/install/station_web_gui/bin'
[7.084s] Level 1:colcon.colcon_core.shell:create_environment_hook('station_web_gui', 'path')
[7.085s] INFO:colcon.colcon_core.shell:Creating environment hook '/home/sagre/SmartStationNew/ros2_ws/install/station_web_gui/share/station_web_gui/hook/path.ps1'
[7.087s] INFO:colcon.colcon_core.shell:Creating environment descriptor '/home/sagre/SmartStationNew/ros2_ws/install/station_web_gui/share/station_web_gui/hook/path.dsv'
[7.089s] INFO:colcon.colcon_core.shell:Creating environment hook '/home/sagre/SmartStationNew/ros2_ws/install/station_web_gui/share/station_web_gui/hook/path.sh'
[7.091s] Level 1:colcon.colcon_core.environment:checking '/home/sagre/SmartStationNew/ros2_ws/install/station_web_gui/lib/pkgconfig/station_web_gui.pc'
[7.092s] Level 1:colcon.colcon_core.environment:checking '/home/sagre/SmartStationNew/ros2_ws/install/station_web_gui/lib/python3.10/site-packages'
[7.093s] Level 1:colcon.colcon_core.shell:create_environment_hook('station_web_gui', 'pythonpath')
[7.094s] INFO:colcon.colcon_core.shell:Creating environment hook '/home/sagre/SmartStationNew/ros2_ws/install/station_web_gui/share/station_web_gui/hook/pythonpath.ps1'
[7.096s] INFO:colcon.colcon_core.shell:Creating environment descriptor '/home/sagre/SmartStationNew/ros2_ws/install/station_web_gui/share/station_web_gui/hook/pythonpath.dsv'
[7.099s] INFO:colcon.colcon_core.shell:Creating environment hook '/home/sagre/SmartStationNew/ros2_ws/install/station_web_gui/share/station_web_gui/hook/pythonpath.sh'
[7.102s] Level 1:colcon.colcon_core.environment:checking '/home/sagre/SmartStationNew/ros2_ws/install/station_web_gui/bin'
[7.103s] Level 1:colcon.colcon_core.shell:create_environment_hook('station_web_gui', 'pythonscriptspath')
[7.104s] INFO:colcon.colcon_core.shell:Creating environment hook '/home/sagre/SmartStationNew/ros2_ws/install/station_web_gui/share/station_web_gui/hook/pythonscriptspath.ps1'
[7.106s] INFO:colcon.colcon_core.shell:Creating environment descriptor '/home/sagre/SmartStationNew/ros2_ws/install/station_web_gui/share/station_web_gui/hook/pythonscriptspath.dsv'
[7.108s] INFO:colcon.colcon_core.shell:Creating environment hook '/home/sagre/SmartStationNew/ros2_ws/install/station_web_gui/share/station_web_gui/hook/pythonscriptspath.sh'
[7.110s] Level 1:colcon.colcon_core.environment:create_environment_scripts_only(station_web_gui)
[7.112s] INFO:colcon.colcon_core.shell:Creating package script '/home/sagre/SmartStationNew/ros2_ws/install/station_web_gui/share/station_web_gui/package.ps1'
[7.116s] INFO:colcon.colcon_core.shell:Creating package descriptor '/home/sagre/SmartStationNew/ros2_ws/install/station_web_gui/share/station_web_gui/package.dsv'
[7.120s] INFO:colcon.colcon_core.shell:Creating package script '/home/sagre/SmartStationNew/ros2_ws/install/station_web_gui/share/station_web_gui/package.sh'
[7.124s] INFO:colcon.colcon_core.shell:Creating package script '/home/sagre/SmartStationNew/ros2_ws/install/station_web_gui/share/station_web_gui/package.bash'
[7.128s] INFO:colcon.colcon_core.shell:Creating package script '/home/sagre/SmartStationNew/ros2_ws/install/station_web_gui/share/station_web_gui/package.zsh'
[7.132s] Level 1:colcon.colcon_core.environment:create_file_with_runtime_dependencies(/home/sagre/SmartStationNew/ros2_ws/install/station_web_gui/share/colcon-core/packages/station_web_gui)
[7.134s] DEBUG:colcon.colcon_parallel_executor.executor.parallel:closing loop
[7.135s] DEBUG:colcon.colcon_parallel_executor.executor.parallel:loop closed
[7.136s] DEBUG:colcon.colcon_parallel_executor.executor.parallel:run_until_complete finished with '0'
[7.136s] DEBUG:colcon.colcon_core.event_reactor:joining thread
[7.159s] INFO:colcon.colcon_core.plugin_system:Skipping extension 'colcon_notification.desktop_notification.terminal_notifier': Not used on non-Darwin systems
[7.160s] INFO:colcon.colcon_core.plugin_system:Skipping extension 'colcon_notification.desktop_notification.win32': Not used on non-Windows systems
[7.160s] INFO:colcon.colcon_notification.desktop_notification:Sending desktop notification using 'notify2'
[7.163s] DEBUG:colcon.colcon_notification.desktop_notification.notify2:Failed to initialize notify2: org.freedesktop.DBus.Error.ServiceUnknown: The name org.freedesktop.Notifications was not provided by any .service files
[7.164s] DEBUG:colcon.colcon_core.event_reactor:joined thread
[7.165s] INFO:colcon.colcon_core.shell:Creating prefix script '/home/sagre/SmartStationNew/ros2_ws/install/local_setup.ps1'
[7.169s] INFO:colcon.colcon_core.shell:Creating prefix util module '/home/sagre/SmartStationNew/ros2_ws/install/_local_setup_util_ps1.py'
[7.180s] INFO:colcon.colcon_core.shell:Creating prefix chain script '/home/sagre/SmartStationNew/ros2_ws/install/setup.ps1'
[7.186s] INFO:colcon.colcon_core.shell:Creating prefix script '/home/sagre/SmartStationNew/ros2_ws/install/local_setup.sh'
[7.189s] INFO:colcon.colcon_core.shell:Creating prefix util module '/home/sagre/SmartStationNew/ros2_ws/install/_local_setup_util_sh.py'
[7.192s] INFO:colcon.colcon_core.shell:Creating prefix chain script '/home/sagre/SmartStationNew/ros2_ws/install/setup.sh'
[7.198s] INFO:colcon.colcon_core.shell:Creating prefix script '/home/sagre/SmartStationNew/ros2_ws/install/local_setup.bash'
[7.201s] INFO:colcon.colcon_core.shell:Creating prefix chain script '/home/sagre/SmartStationNew/ros2_ws/install/setup.bash'
[7.207s] INFO:colcon.colcon_core.shell:Creating prefix script '/home/sagre/SmartStationNew/ros2_ws/install/local_setup.zsh'
[7.210s] INFO:colcon.colcon_core.shell:Creating prefix chain script '/home/sagre/SmartStationNew/ros2_ws/install/setup.zsh'
