[13.916s] Invoking command in '/home/sagre/SmartStationNew/ros2_ws/src/station_orchestrator': PYTHONPATH=/home/sagre/SmartStationNew/ros2_ws/build/station_orchestrator/prefix_override:/usr/lib/python3/dist-packages/colcon_core/task/python/colcon_distutils_commands:/home/sagre/SmartStationNew/ros2_ws/install/station_orchestrator/lib/python3.10/site-packages:${PYTHONPATH} /usr/bin/python3 -W ignore:setup.py install is deprecated -W ignore:easy_install command is deprecated setup.py egg_info --egg-base ../../build/station_orchestrator build --build-base /home/sagre/SmartStationNew/ros2_ws/build/station_orchestrator/build install --record /home/sagre/SmartStationNew/ros2_ws/build/station_orchestrator/install.log --single-version-externally-managed install_data
[18.030s] running egg_info
[18.034s] writing ../../build/station_orchestrator/station_orchestrator.egg-info/PKG-INFO
[18.035s] writing dependency_links to ../../build/station_orchestrator/station_orchestrator.egg-info/dependency_links.txt
[18.036s] writing entry points to ../../build/station_orchestrator/station_orchestrator.egg-info/entry_points.txt
[18.037s] writing requirements to ../../build/station_orchestrator/station_orchestrator.egg-info/requires.txt
[18.038s] writing top-level names to ../../build/station_orchestrator/station_orchestrator.egg-info/top_level.txt
[18.047s] reading manifest file '../../build/station_orchestrator/station_orchestrator.egg-info/SOURCES.txt'
[18.060s] writing manifest file '../../build/station_orchestrator/station_orchestrator.egg-info/SOURCES.txt'
[18.062s] running build
[18.062s] running build_py
[18.064s] running install
[18.066s] running install_lib
[18.114s] running install_data
[18.127s] running install_egg_info
[18.196s] removing '/home/sagre/SmartStationNew/ros2_ws/install/station_orchestrator/lib/python3.10/site-packages/station_orchestrator-0.1.0-py3.10.egg-info' (and everything under it)
[18.199s] Copying ../../build/station_orchestrator/station_orchestrator.egg-info to /home/sagre/SmartStationNew/ros2_ws/install/station_orchestrator/lib/python3.10/site-packages/station_orchestrator-0.1.0-py3.10.egg-info
[18.218s] running install_scripts
[18.387s] Installing station_orchestrator script to /home/sagre/SmartStationNew/ros2_ws/install/station_orchestrator/bin
[18.388s] writing list of installed files to '/home/sagre/SmartStationNew/ros2_ws/build/station_orchestrator/install.log'
[18.528s] Invoked command in '/home/sagre/SmartStationNew/ros2_ws/src/station_orchestrator' returned '0': PYTHONPATH=/home/sagre/SmartStationNew/ros2_ws/build/station_orchestrator/prefix_override:/usr/lib/python3/dist-packages/colcon_core/task/python/colcon_distutils_commands:/home/sagre/SmartStationNew/ros2_ws/install/station_orchestrator/lib/python3.10/site-packages:${PYTHONPATH} /usr/bin/python3 -W ignore:setup.py install is deprecated -W ignore:easy_install command is deprecated setup.py egg_info --egg-base ../../build/station_orchestrator build --build-base /home/sagre/SmartStationNew/ros2_ws/build/station_orchestrator/build install --record /home/sagre/SmartStationNew/ros2_ws/build/station_orchestrator/install.log --single-version-externally-managed install_data
