[0.057s] Invoking command in '/home/sagre/SmartStationNew/ros2_ws/build/mqtt_ros2_bridge': /usr/bin/cmake --build /home/sagre/SmartStationNew/ros2_ws/build/mqtt_ros2_bridge -- -j4 -l4
[0.325s] Built target ament_cmake_python_copy_mqtt_ros2_bridge_setup
[0.327s] Built target ament_cmake_python_copy_mqtt_ros2_bridge
[1.730s] running egg_info
[1.733s] writing mqtt_ros2_bridge.egg-info/PKG-INFO
[1.734s] writing dependency_links to mqtt_ros2_bridge.egg-info/dependency_links.txt
[1.735s] writing entry points to mqtt_ros2_bridge.egg-info/entry_points.txt
[1.736s] writing requirements to mqtt_ros2_bridge.egg-info/requires.txt
[1.736s] writing top-level names to mqtt_ros2_bridge.egg-info/top_level.txt
[1.747s] reading manifest file 'mqtt_ros2_bridge.egg-info/SOURCES.txt'
[1.750s] writing manifest file 'mqtt_ros2_bridge.egg-info/SOURCES.txt'
[1.882s] Built target ament_cmake_python_build_mqtt_ros2_bridge_egg
[1.926s] Invoked command in '/home/sagre/SmartStationNew/ros2_ws/build/mqtt_ros2_bridge' returned '0': /usr/bin/cmake --build /home/sagre/SmartStationNew/ros2_ws/build/mqtt_ros2_bridge -- -j4 -l4
[1.976s] Invoking command in '/home/sagre/SmartStationNew/ros2_ws/build/mqtt_ros2_bridge': /usr/bin/cmake --install /home/sagre/SmartStationNew/ros2_ws/build/mqtt_ros2_bridge
[2.007s] -- Install configuration: ""
[2.007s] -- Up-to-date: /home/sagre/SmartStationNew/ros2_ws/install/mqtt_ros2_bridge/share/mqtt_ros2_bridge/environment/pythonpath.sh
[2.008s] -- Up-to-date: /home/sagre/SmartStationNew/ros2_ws/install/mqtt_ros2_bridge/share/mqtt_ros2_bridge/environment/pythonpath.dsv
[2.009s] -- Up-to-date: /home/sagre/SmartStationNew/ros2_ws/install/mqtt_ros2_bridge/local/lib/python3.10/dist-packages/mqtt_ros2_bridge-0.1.0-py3.10.egg-info
[2.009s] -- Installing: /home/sagre/SmartStationNew/ros2_ws/install/mqtt_ros2_bridge/local/lib/python3.10/dist-packages/mqtt_ros2_bridge-0.1.0-py3.10.egg-info/PKG-INFO
[2.010s] -- Installing: /home/sagre/SmartStationNew/ros2_ws/install/mqtt_ros2_bridge/local/lib/python3.10/dist-packages/mqtt_ros2_bridge-0.1.0-py3.10.egg-info/top_level.txt
[2.012s] -- Installing: /home/sagre/SmartStationNew/ros2_ws/install/mqtt_ros2_bridge/local/lib/python3.10/dist-packages/mqtt_ros2_bridge-0.1.0-py3.10.egg-info/SOURCES.txt
[2.013s] -- Installing: /home/sagre/SmartStationNew/ros2_ws/install/mqtt_ros2_bridge/local/lib/python3.10/dist-packages/mqtt_ros2_bridge-0.1.0-py3.10.egg-info/entry_points.txt
[2.015s] -- Installing: /home/sagre/SmartStationNew/ros2_ws/install/mqtt_ros2_bridge/local/lib/python3.10/dist-packages/mqtt_ros2_bridge-0.1.0-py3.10.egg-info/requires.txt
[2.017s] -- Installing: /home/sagre/SmartStationNew/ros2_ws/install/mqtt_ros2_bridge/local/lib/python3.10/dist-packages/mqtt_ros2_bridge-0.1.0-py3.10.egg-info/dependency_links.txt
[2.019s] -- Up-to-date: /home/sagre/SmartStationNew/ros2_ws/install/mqtt_ros2_bridge/local/lib/python3.10/dist-packages/mqtt_ros2_bridge
[2.019s] -- Up-to-date: /home/sagre/SmartStationNew/ros2_ws/install/mqtt_ros2_bridge/local/lib/python3.10/dist-packages/mqtt_ros2_bridge/__init__.py
[2.019s] -- Installing: /home/sagre/SmartStationNew/ros2_ws/install/mqtt_ros2_bridge/local/lib/python3.10/dist-packages/mqtt_ros2_bridge/bridge_node.py
[2.195s] Listing '/home/sagre/SmartStationNew/ros2_ws/install/mqtt_ros2_bridge/local/lib/python3.10/dist-packages/mqtt_ros2_bridge'...
[2.196s] Compiling '/home/sagre/SmartStationNew/ros2_ws/install/mqtt_ros2_bridge/local/lib/python3.10/dist-packages/mqtt_ros2_bridge/bridge_node.py'...
[2.220s] -- Up-to-date: /home/sagre/SmartStationNew/ros2_ws/install/mqtt_ros2_bridge/share/ament_index/resource_index/package_run_dependencies/mqtt_ros2_bridge
[2.221s] -- Up-to-date: /home/sagre/SmartStationNew/ros2_ws/install/mqtt_ros2_bridge/share/ament_index/resource_index/parent_prefix_path/mqtt_ros2_bridge
[2.221s] -- Up-to-date: /home/sagre/SmartStationNew/ros2_ws/install/mqtt_ros2_bridge/share/mqtt_ros2_bridge/environment/ament_prefix_path.sh
[2.222s] -- Up-to-date: /home/sagre/SmartStationNew/ros2_ws/install/mqtt_ros2_bridge/share/mqtt_ros2_bridge/environment/ament_prefix_path.dsv
[2.222s] -- Up-to-date: /home/sagre/SmartStationNew/ros2_ws/install/mqtt_ros2_bridge/share/mqtt_ros2_bridge/environment/path.sh
[2.223s] -- Up-to-date: /home/sagre/SmartStationNew/ros2_ws/install/mqtt_ros2_bridge/share/mqtt_ros2_bridge/environment/path.dsv
[2.223s] -- Up-to-date: /home/sagre/SmartStationNew/ros2_ws/install/mqtt_ros2_bridge/share/mqtt_ros2_bridge/local_setup.bash
[2.224s] -- Up-to-date: /home/sagre/SmartStationNew/ros2_ws/install/mqtt_ros2_bridge/share/mqtt_ros2_bridge/local_setup.sh
[2.224s] -- Up-to-date: /home/sagre/SmartStationNew/ros2_ws/install/mqtt_ros2_bridge/share/mqtt_ros2_bridge/local_setup.zsh
[2.225s] -- Up-to-date: /home/sagre/SmartStationNew/ros2_ws/install/mqtt_ros2_bridge/share/mqtt_ros2_bridge/local_setup.dsv
[2.225s] -- Installing: /home/sagre/SmartStationNew/ros2_ws/install/mqtt_ros2_bridge/share/mqtt_ros2_bridge/package.dsv
[2.226s] -- Up-to-date: /home/sagre/SmartStationNew/ros2_ws/install/mqtt_ros2_bridge/share/ament_index/resource_index/packages/mqtt_ros2_bridge
[2.227s] -- Up-to-date: /home/sagre/SmartStationNew/ros2_ws/install/mqtt_ros2_bridge/share/mqtt_ros2_bridge/cmake/mqtt_ros2_bridgeConfig.cmake
[2.227s] -- Up-to-date: /home/sagre/SmartStationNew/ros2_ws/install/mqtt_ros2_bridge/share/mqtt_ros2_bridge/cmake/mqtt_ros2_bridgeConfig-version.cmake
[2.228s] -- Up-to-date: /home/sagre/SmartStationNew/ros2_ws/install/mqtt_ros2_bridge/share/mqtt_ros2_bridge/package.xml
[2.228s] -- Up-to-date: /home/sagre/SmartStationNew/ros2_ws/install/mqtt_ros2_bridge/lib/mqtt_ros2_bridge/mqtt_ros2_bridge
[2.235s] Invoked command in '/home/sagre/SmartStationNew/ros2_ws/build/mqtt_ros2_bridge' returned '0': /usr/bin/cmake --install /home/sagre/SmartStationNew/ros2_ws/build/mqtt_ros2_bridge
