[7.930s] Invoking command in '/home/sagre/SmartStationNew/ros2_ws/src/station_web_gui': PYTHONPATH=/home/sagre/SmartStationNew/ros2_ws/build/station_web_gui/prefix_override:/usr/lib/python3/dist-packages/colcon_core/task/python/colcon_distutils_commands:/home/sagre/SmartStationNew/ros2_ws/install/station_web_gui/lib/python3.10/site-packages:${PYTHONPATH} /usr/bin/python3 -W ignore:setup.py install is deprecated -W ignore:easy_install command is deprecated setup.py egg_info --egg-base ../../build/station_web_gui build --build-base /home/sagre/SmartStationNew/ros2_ws/build/station_web_gui/build install --record /home/sagre/SmartStationNew/ros2_ws/build/station_web_gui/install.log --single-version-externally-managed install_data
[10.084s] running egg_info
[10.090s] writing ../../build/station_web_gui/station_web_gui.egg-info/PKG-INFO
[10.092s] writing dependency_links to ../../build/station_web_gui/station_web_gui.egg-info/dependency_links.txt
[10.093s] writing entry points to ../../build/station_web_gui/station_web_gui.egg-info/entry_points.txt
[10.099s] writing requirements to ../../build/station_web_gui/station_web_gui.egg-info/requires.txt
[10.100s] writing top-level names to ../../build/station_web_gui/station_web_gui.egg-info/top_level.txt
[10.110s] reading manifest file '../../build/station_web_gui/station_web_gui.egg-info/SOURCES.txt'
[10.118s] writing manifest file '../../build/station_web_gui/station_web_gui.egg-info/SOURCES.txt'
[10.118s] running build
[10.119s] running build_py
[10.122s] running install
[10.124s] running install_lib
[10.134s] running install_data
[10.137s] running install_egg_info
[10.170s] removing '/home/sagre/SmartStationNew/ros2_ws/install/station_web_gui/lib/python3.10/site-packages/station_web_gui-0.1.0-py3.10.egg-info' (and everything under it)
[10.180s] Copying ../../build/station_web_gui/station_web_gui.egg-info to /home/sagre/SmartStationNew/ros2_ws/install/station_web_gui/lib/python3.10/site-packages/station_web_gui-0.1.0-py3.10.egg-info
[10.199s] running install_scripts
[10.400s] Installing station_web_gui script to /home/sagre/SmartStationNew/ros2_ws/install/station_web_gui/bin
[10.404s] writing list of installed files to '/home/sagre/SmartStationNew/ros2_ws/build/station_web_gui/install.log'
[10.564s] Invoked command in '/home/sagre/SmartStationNew/ros2_ws/src/station_web_gui' returned '0': PYTHONPATH=/home/sagre/SmartStationNew/ros2_ws/build/station_web_gui/prefix_override:/usr/lib/python3/dist-packages/colcon_core/task/python/colcon_distutils_commands:/home/sagre/SmartStationNew/ros2_ws/install/station_web_gui/lib/python3.10/site-packages:${PYTHONPATH} /usr/bin/python3 -W ignore:setup.py install is deprecated -W ignore:easy_install command is deprecated setup.py egg_info --egg-base ../../build/station_web_gui build --build-base /home/sagre/SmartStationNew/ros2_ws/build/station_web_gui/build install --record /home/sagre/SmartStationNew/ros2_ws/build/station_web_gui/install.log --single-version-externally-managed install_data
