[11.471s] Invoking command in '/home/sagre/SmartStationNew/ros2_ws/src/station_orchestrator': PYTHONPATH=/home/sagre/SmartStationNew/ros2_ws/build/station_orchestrator/prefix_override:/usr/lib/python3/dist-packages/colcon_core/task/python/colcon_distutils_commands:/home/sagre/SmartStationNew/ros2_ws/install/station_orchestrator/lib/python3.10/site-packages:${PYTHONPATH} /usr/bin/python3 -W ignore:setup.py install is deprecated -W ignore:easy_install command is deprecated setup.py egg_info --egg-base ../../build/station_orchestrator build --build-base /home/sagre/SmartStationNew/ros2_ws/build/station_orchestrator/build install --record /home/sagre/SmartStationNew/ros2_ws/build/station_orchestrator/install.log --single-version-externally-managed install_data
[13.895s] running egg_info
[13.898s] writing ../../build/station_orchestrator/station_orchestrator.egg-info/PKG-INFO
[13.899s] writing dependency_links to ../../build/station_orchestrator/station_orchestrator.egg-info/dependency_links.txt
[13.901s] writing entry points to ../../build/station_orchestrator/station_orchestrator.egg-info/entry_points.txt
[13.902s] writing requirements to ../../build/station_orchestrator/station_orchestrator.egg-info/requires.txt
[13.902s] writing top-level names to ../../build/station_orchestrator/station_orchestrator.egg-info/top_level.txt
[13.912s] reading manifest file '../../build/station_orchestrator/station_orchestrator.egg-info/SOURCES.txt'
[13.919s] writing manifest file '../../build/station_orchestrator/station_orchestrator.egg-info/SOURCES.txt'
[13.919s] running build
[13.920s] running build_py
[13.921s] copying station_orchestrator/orchestrator_node.py -> /home/sagre/SmartStationNew/ros2_ws/build/station_orchestrator/build/lib/station_orchestrator
[13.922s] copying station_orchestrator/logger_service.py -> /home/sagre/SmartStationNew/ros2_ws/build/station_orchestrator/build/lib/station_orchestrator
[13.923s] running install
[13.925s] running install_lib
[13.929s] copying /home/sagre/SmartStationNew/ros2_ws/build/station_orchestrator/build/lib/station_orchestrator/orchestrator_node.py -> /home/sagre/SmartStationNew/ros2_ws/install/station_orchestrator/lib/python3.10/site-packages/station_orchestrator
[13.930s] copying /home/sagre/SmartStationNew/ros2_ws/build/station_orchestrator/build/lib/station_orchestrator/logger_service.py -> /home/sagre/SmartStationNew/ros2_ws/install/station_orchestrator/lib/python3.10/site-packages/station_orchestrator
[13.934s] byte-compiling /home/sagre/SmartStationNew/ros2_ws/install/station_orchestrator/lib/python3.10/site-packages/station_orchestrator/orchestrator_node.py to orchestrator_node.cpython-310.pyc
[13.953s] byte-compiling /home/sagre/SmartStationNew/ros2_ws/install/station_orchestrator/lib/python3.10/site-packages/station_orchestrator/logger_service.py to logger_service.cpython-310.pyc
[13.957s] running install_data
[13.958s] running install_egg_info
[13.967s] removing '/home/sagre/SmartStationNew/ros2_ws/install/station_orchestrator/lib/python3.10/site-packages/station_orchestrator-0.1.0-py3.10.egg-info' (and everything under it)
[13.969s] Copying ../../build/station_orchestrator/station_orchestrator.egg-info to /home/sagre/SmartStationNew/ros2_ws/install/station_orchestrator/lib/python3.10/site-packages/station_orchestrator-0.1.0-py3.10.egg-info
[13.977s] running install_scripts
[14.075s] Installing station_orchestrator script to /home/sagre/SmartStationNew/ros2_ws/install/station_orchestrator/bin
[14.077s] writing list of installed files to '/home/sagre/SmartStationNew/ros2_ws/build/station_orchestrator/install.log'
[14.209s] Invoked command in '/home/sagre/SmartStationNew/ros2_ws/src/station_orchestrator' returned '0': PYTHONPATH=/home/sagre/SmartStationNew/ros2_ws/build/station_orchestrator/prefix_override:/usr/lib/python3/dist-packages/colcon_core/task/python/colcon_distutils_commands:/home/sagre/SmartStationNew/ros2_ws/install/station_orchestrator/lib/python3.10/site-packages:${PYTHONPATH} /usr/bin/python3 -W ignore:setup.py install is deprecated -W ignore:easy_install command is deprecated setup.py egg_info --egg-base ../../build/station_orchestrator build --build-base /home/sagre/SmartStationNew/ros2_ws/build/station_orchestrator/build install --record /home/sagre/SmartStationNew/ros2_ws/build/station_orchestrator/install.log --single-version-externally-managed install_data
