[7.110s] Invoking command in '/home/sagre/SmartStationNew/ros2_ws/src/station_web_gui': PYTHONPATH=/home/sagre/SmartStationNew/ros2_ws/build/station_web_gui/prefix_override:/usr/lib/python3/dist-packages/colcon_core/task/python/colcon_distutils_commands:/home/sagre/SmartStationNew/ros2_ws/install/station_web_gui/lib/python3.10/site-packages:${PYTHONPATH} /usr/bin/python3 -W ignore:setup.py install is deprecated -W ignore:easy_install command is deprecated setup.py egg_info --egg-base ../../build/station_web_gui build --build-base /home/sagre/SmartStationNew/ros2_ws/build/station_web_gui/build install --record /home/sagre/SmartStationNew/ros2_ws/build/station_web_gui/install.log --single-version-externally-managed install_data
[8.851s] running egg_info
[8.854s] writing ../../build/station_web_gui/station_web_gui.egg-info/PKG-INFO
[8.856s] writing dependency_links to ../../build/station_web_gui/station_web_gui.egg-info/dependency_links.txt
[8.857s] writing entry points to ../../build/station_web_gui/station_web_gui.egg-info/entry_points.txt
[8.859s] writing requirements to ../../build/station_web_gui/station_web_gui.egg-info/requires.txt
[8.860s] writing top-level names to ../../build/station_web_gui/station_web_gui.egg-info/top_level.txt
[8.871s] reading manifest file '../../build/station_web_gui/station_web_gui.egg-info/SOURCES.txt'
[8.878s] writing manifest file '../../build/station_web_gui/station_web_gui.egg-info/SOURCES.txt'
[8.879s] running build
[8.880s] running build_py
[8.882s] running install
[8.884s] running install_lib
[8.892s] running install_data
[8.896s] running install_egg_info
[8.915s] removing '/home/sagre/SmartStationNew/ros2_ws/install/station_web_gui/lib/python3.10/site-packages/station_web_gui-0.1.0-py3.10.egg-info' (and everything under it)
[8.917s] Copying ../../build/station_web_gui/station_web_gui.egg-info to /home/sagre/SmartStationNew/ros2_ws/install/station_web_gui/lib/python3.10/site-packages/station_web_gui-0.1.0-py3.10.egg-info
[8.922s] running install_scripts
[9.033s] Installing station_web_gui script to /home/sagre/SmartStationNew/ros2_ws/install/station_web_gui/bin
[9.036s] writing list of installed files to '/home/sagre/SmartStationNew/ros2_ws/build/station_web_gui/install.log'
[9.241s] Invoked command in '/home/sagre/SmartStationNew/ros2_ws/src/station_web_gui' returned '0': PYTHONPATH=/home/sagre/SmartStationNew/ros2_ws/build/station_web_gui/prefix_override:/usr/lib/python3/dist-packages/colcon_core/task/python/colcon_distutils_commands:/home/sagre/SmartStationNew/ros2_ws/install/station_web_gui/lib/python3.10/site-packages:${PYTHONPATH} /usr/bin/python3 -W ignore:setup.py install is deprecated -W ignore:easy_install command is deprecated setup.py egg_info --egg-base ../../build/station_web_gui build --build-base /home/sagre/SmartStationNew/ros2_ws/build/station_web_gui/build install --record /home/sagre/SmartStationNew/ros2_ws/build/station_web_gui/install.log --single-version-externally-managed install_data
