[0.557s] DEBUG:colcon:Command line arguments: ['/usr/bin/colcon', 'build', '--packages-select', 'station_orchestrator', '--symlink-install']
[0.558s] DEBUG:colcon:Parsed command line arguments: Namespace(log_base=None, log_level=None, verb_name='build', build_base='build', install_base='install', merge_install=False, symlink_install=True, test_result_base=None, continue_on_error=False, executor='parallel', parallel_workers=4, event_handlers=None, ignore_user_meta=False, metas=['./colcon.meta'], base_paths=['.'], packages_ignore=None, packages_ignore_regex=None, paths=None, packages_up_to=None, packages_up_to_regex=None, packages_above=None, packages_above_and_dependencies=None, packages_above_depth=None, packages_select_by_dep=None, packages_skip_by_dep=None, packages_skip_up_to=None, packages_select_build_failed=False, packages_skip_build_finished=False, packages_select_test_failures=False, packages_skip_test_passed=False, packages_select=['station_orchestrator'], packages_skip=None, packages_select_regex=None, packages_skip_regex=None, packages_start=None, packages_end=None, allow_overriding=[], cmake_args=None, cmake_target=None, cmake_target_skip_unavailable=False, cmake_clean_cache=False, cmake_clean_first=False, cmake_force_configure=False, ament_cmake_args=None, catkin_cmake_args=None, catkin_skip_building_tests=False, mixin_files=None, mixin=None, verb_parser=<colcon_mixin.mixin.mixin_argument.MixinArgumentDecorator object at 0xffffa99929b0>, verb_extension=<colcon_core.verb.build.BuildVerb object at 0xffffa9b2f9a0>, main=<bound method BuildVerb.main of <colcon_core.verb.build.BuildVerb object at 0xffffa9b2f9a0>>, mixin_verb=('build',))
[1.543s] Level 1:colcon.colcon_core.package_discovery:discover_packages(colcon_meta) check parameters
[1.543s] Level 1:colcon.colcon_core.package_discovery:discover_packages(recursive) check parameters
[1.543s] Level 1:colcon.colcon_core.package_discovery:discover_packages(ignore) check parameters
[1.543s] Level 1:colcon.colcon_core.package_discovery:discover_packages(path) check parameters
[1.543s] Level 1:colcon.colcon_core.package_discovery:discover_packages(colcon_meta) discover
[1.544s] Level 1:colcon.colcon_core.package_discovery:discover_packages(recursive) discover
[1.544s] INFO:colcon.colcon_core.package_discovery:Crawling recursively for packages in '/home/sagre/SmartStationNew/ros2_ws'
[1.544s] Level 1:colcon.colcon_core.package_identification:_identify(.) by extensions ['ignore', 'ignore_ament_install']
[1.545s] Level 1:colcon.colcon_core.package_identification:_identify(.) by extension 'ignore'
[1.545s] Level 1:colcon.colcon_core.package_identification:_identify(.) by extension 'ignore_ament_install'
[1.545s] Level 1:colcon.colcon_core.package_identification:_identify(.) by extensions ['colcon_pkg']
[1.546s] Level 1:colcon.colcon_core.package_identification:_identify(.) by extension 'colcon_pkg'
[1.546s] Level 1:colcon.colcon_core.package_identification:_identify(.) by extensions ['colcon_meta']
[1.546s] Level 1:colcon.colcon_core.package_identification:_identify(.) by extension 'colcon_meta'
[1.546s] Level 1:colcon.colcon_core.package_identification:_identify(.) by extensions ['ros']
[1.546s] Level 1:colcon.colcon_core.package_identification:_identify(.) by extension 'ros'
[1.596s] Level 1:colcon.colcon_core.package_identification:_identify(.) by extensions ['cmake', 'python']
[1.596s] Level 1:colcon.colcon_core.package_identification:_identify(.) by extension 'cmake'
[1.596s] Level 1:colcon.colcon_core.package_identification:_identify(.) by extension 'python'
[1.596s] Level 1:colcon.colcon_core.package_identification:_identify(.) by extensions ['python_setup_py']
[1.596s] Level 1:colcon.colcon_core.package_identification:_identify(.) by extension 'python_setup_py'
[1.597s] Level 1:colcon.colcon_core.package_identification:_identify(build) by extensions ['ignore', 'ignore_ament_install']
[1.598s] Level 1:colcon.colcon_core.package_identification:_identify(build) by extension 'ignore'
[1.598s] Level 1:colcon.colcon_core.package_identification:_identify(build) ignored
[1.598s] Level 1:colcon.colcon_core.package_identification:_identify(config) by extensions ['ignore', 'ignore_ament_install']
[1.599s] Level 1:colcon.colcon_core.package_identification:_identify(config) by extension 'ignore'
[1.599s] Level 1:colcon.colcon_core.package_identification:_identify(config) by extension 'ignore_ament_install'
[1.599s] Level 1:colcon.colcon_core.package_identification:_identify(config) by extensions ['colcon_pkg']
[1.599s] Level 1:colcon.colcon_core.package_identification:_identify(config) by extension 'colcon_pkg'
[1.599s] Level 1:colcon.colcon_core.package_identification:_identify(config) by extensions ['colcon_meta']
[1.600s] Level 1:colcon.colcon_core.package_identification:_identify(config) by extension 'colcon_meta'
[1.600s] Level 1:colcon.colcon_core.package_identification:_identify(config) by extensions ['ros']
[1.600s] Level 1:colcon.colcon_core.package_identification:_identify(config) by extension 'ros'
[1.600s] Level 1:colcon.colcon_core.package_identification:_identify(config) by extensions ['cmake', 'python']
[1.600s] Level 1:colcon.colcon_core.package_identification:_identify(config) by extension 'cmake'
[1.601s] Level 1:colcon.colcon_core.package_identification:_identify(config) by extension 'python'
[1.601s] Level 1:colcon.colcon_core.package_identification:_identify(config) by extensions ['python_setup_py']
[1.601s] Level 1:colcon.colcon_core.package_identification:_identify(config) by extension 'python_setup_py'
[1.602s] Level 1:colcon.colcon_core.package_identification:_identify(install) by extensions ['ignore', 'ignore_ament_install']
[1.602s] Level 1:colcon.colcon_core.package_identification:_identify(install) by extension 'ignore'
[1.602s] Level 1:colcon.colcon_core.package_identification:_identify(install) ignored
[1.603s] Level 1:colcon.colcon_core.package_identification:_identify(log) by extensions ['ignore', 'ignore_ament_install']
[1.603s] Level 1:colcon.colcon_core.package_identification:_identify(log) by extension 'ignore'
[1.604s] Level 1:colcon.colcon_core.package_identification:_identify(log) ignored
[1.604s] Level 1:colcon.colcon_core.package_identification:_identify(src) by extensions ['ignore', 'ignore_ament_install']
[1.604s] Level 1:colcon.colcon_core.package_identification:_identify(src) by extension 'ignore'
[1.604s] Level 1:colcon.colcon_core.package_identification:_identify(src) by extension 'ignore_ament_install'
[1.605s] Level 1:colcon.colcon_core.package_identification:_identify(src) by extensions ['colcon_pkg']
[1.605s] Level 1:colcon.colcon_core.package_identification:_identify(src) by extension 'colcon_pkg'
[1.605s] Level 1:colcon.colcon_core.package_identification:_identify(src) by extensions ['colcon_meta']
[1.605s] Level 1:colcon.colcon_core.package_identification:_identify(src) by extension 'colcon_meta'
[1.606s] Level 1:colcon.colcon_core.package_identification:_identify(src) by extensions ['ros']
[1.606s] Level 1:colcon.colcon_core.package_identification:_identify(src) by extension 'ros'
[1.606s] Level 1:colcon.colcon_core.package_identification:_identify(src) by extensions ['cmake', 'python']
[1.606s] Level 1:colcon.colcon_core.package_identification:_identify(src) by extension 'cmake'
[1.606s] Level 1:colcon.colcon_core.package_identification:_identify(src) by extension 'python'
[1.607s] Level 1:colcon.colcon_core.package_identification:_identify(src) by extensions ['python_setup_py']
[1.607s] Level 1:colcon.colcon_core.package_identification:_identify(src) by extension 'python_setup_py'
[1.607s] Level 1:colcon.colcon_core.package_identification:_identify(src/mqtt_ros2_bridge) by extensions ['ignore', 'ignore_ament_install']
[1.608s] Level 1:colcon.colcon_core.package_identification:_identify(src/mqtt_ros2_bridge) by extension 'ignore'
[1.608s] Level 1:colcon.colcon_core.package_identification:_identify(src/mqtt_ros2_bridge) by extension 'ignore_ament_install'
[1.608s] Level 1:colcon.colcon_core.package_identification:_identify(src/mqtt_ros2_bridge) by extensions ['colcon_pkg']
[1.608s] Level 1:colcon.colcon_core.package_identification:_identify(src/mqtt_ros2_bridge) by extension 'colcon_pkg'
[1.608s] Level 1:colcon.colcon_core.package_identification:_identify(src/mqtt_ros2_bridge) by extensions ['colcon_meta']
[1.609s] Level 1:colcon.colcon_core.package_identification:_identify(src/mqtt_ros2_bridge) by extension 'colcon_meta'
[1.609s] Level 1:colcon.colcon_core.package_identification:_identify(src/mqtt_ros2_bridge) by extensions ['ros']
[1.609s] Level 1:colcon.colcon_core.package_identification:_identify(src/mqtt_ros2_bridge) by extension 'ros'
[1.619s] DEBUG:colcon.colcon_core.package_identification:Package 'src/mqtt_ros2_bridge' with type 'ros.ament_python' and name 'mqtt_ros2_bridge'
[1.619s] Level 1:colcon.colcon_core.package_identification:_identify(src/station_orchestrator) by extensions ['ignore', 'ignore_ament_install']
[1.620s] Level 1:colcon.colcon_core.package_identification:_identify(src/station_orchestrator) by extension 'ignore'
[1.620s] Level 1:colcon.colcon_core.package_identification:_identify(src/station_orchestrator) by extension 'ignore_ament_install'
[1.620s] Level 1:colcon.colcon_core.package_identification:_identify(src/station_orchestrator) by extensions ['colcon_pkg']
[1.621s] Level 1:colcon.colcon_core.package_identification:_identify(src/station_orchestrator) by extension 'colcon_pkg'
[1.621s] Level 1:colcon.colcon_core.package_identification:_identify(src/station_orchestrator) by extensions ['colcon_meta']
[1.621s] Level 1:colcon.colcon_core.package_identification:_identify(src/station_orchestrator) by extension 'colcon_meta'
[1.621s] Level 1:colcon.colcon_core.package_identification:_identify(src/station_orchestrator) by extensions ['ros']
[1.621s] Level 1:colcon.colcon_core.package_identification:_identify(src/station_orchestrator) by extension 'ros'
[1.624s] DEBUG:colcon.colcon_core.package_identification:Package 'src/station_orchestrator' with type 'ros.ament_python' and name 'station_orchestrator'
[1.624s] Level 1:colcon.colcon_core.package_identification:_identify(src/station_web_gui) by extensions ['ignore', 'ignore_ament_install']
[1.625s] Level 1:colcon.colcon_core.package_identification:_identify(src/station_web_gui) by extension 'ignore'
[1.625s] Level 1:colcon.colcon_core.package_identification:_identify(src/station_web_gui) by extension 'ignore_ament_install'
[1.625s] Level 1:colcon.colcon_core.package_identification:_identify(src/station_web_gui) by extensions ['colcon_pkg']
[1.625s] Level 1:colcon.colcon_core.package_identification:_identify(src/station_web_gui) by extension 'colcon_pkg'
[1.626s] Level 1:colcon.colcon_core.package_identification:_identify(src/station_web_gui) by extensions ['colcon_meta']
[1.626s] Level 1:colcon.colcon_core.package_identification:_identify(src/station_web_gui) by extension 'colcon_meta'
[1.626s] Level 1:colcon.colcon_core.package_identification:_identify(src/station_web_gui) by extensions ['ros']
[1.626s] Level 1:colcon.colcon_core.package_identification:_identify(src/station_web_gui) by extension 'ros'
[1.629s] DEBUG:colcon.colcon_core.package_identification:Package 'src/station_web_gui' with type 'ros.ament_python' and name 'station_web_gui'
[1.630s] Level 1:colcon.colcon_core.package_discovery:discover_packages(recursive) using defaults
[1.630s] Level 1:colcon.colcon_core.package_discovery:discover_packages(ignore) discover
[1.630s] Level 1:colcon.colcon_core.package_discovery:discover_packages(ignore) using defaults
[1.630s] Level 1:colcon.colcon_core.package_discovery:discover_packages(path) discover
[1.630s] Level 1:colcon.colcon_core.package_discovery:discover_packages(path) using defaults
[1.758s] INFO:colcon.colcon_core.package_selection:Skipping not selected package 'mqtt_ros2_bridge' in 'src/mqtt_ros2_bridge'
[1.759s] INFO:colcon.colcon_core.package_selection:Skipping not selected package 'station_web_gui' in 'src/station_web_gui'
[1.761s] Level 1:colcon.colcon_core.package_discovery:discover_packages(prefix_path) check parameters
[1.761s] Level 1:colcon.colcon_core.package_discovery:discover_packages(prefix_path) discover
[1.773s] DEBUG:colcon.colcon_installed_package_information.package_discovery:Found 3 installed packages in /home/sagre/SmartStationNew/ros2_ws/install
[1.785s] DEBUG:colcon.colcon_installed_package_information.package_discovery:Found 272 installed packages in /opt/ros/humble
[1.792s] Level 1:colcon.colcon_core.package_discovery:discover_packages(prefix_path) using defaults
[1.988s] Level 5:colcon.colcon_core.verb:set package 'station_orchestrator' build argument 'cmake_args' from command line to 'None'
[1.988s] Level 5:colcon.colcon_core.verb:set package 'station_orchestrator' build argument 'cmake_target' from command line to 'None'
[1.989s] Level 5:colcon.colcon_core.verb:set package 'station_orchestrator' build argument 'cmake_target_skip_unavailable' from command line to 'False'
[1.989s] Level 5:colcon.colcon_core.verb:set package 'station_orchestrator' build argument 'cmake_clean_cache' from command line to 'False'
[1.989s] Level 5:colcon.colcon_core.verb:set package 'station_orchestrator' build argument 'cmake_clean_first' from command line to 'False'
[1.989s] Level 5:colcon.colcon_core.verb:set package 'station_orchestrator' build argument 'cmake_force_configure' from command line to 'False'
[1.989s] Level 5:colcon.colcon_core.verb:set package 'station_orchestrator' build argument 'ament_cmake_args' from command line to 'None'
[1.989s] Level 5:colcon.colcon_core.verb:set package 'station_orchestrator' build argument 'catkin_cmake_args' from command line to 'None'
[1.989s] Level 5:colcon.colcon_core.verb:set package 'station_orchestrator' build argument 'catkin_skip_building_tests' from command line to 'False'
[1.990s] DEBUG:colcon.colcon_core.verb:Building package 'station_orchestrator' with the following arguments: {'ament_cmake_args': None, 'build_base': '/home/sagre/SmartStationNew/ros2_ws/build/station_orchestrator', 'catkin_cmake_args': None, 'catkin_skip_building_tests': False, 'cmake_args': None, 'cmake_clean_cache': False, 'cmake_clean_first': False, 'cmake_force_configure': False, 'cmake_target': None, 'cmake_target_skip_unavailable': False, 'install_base': '/home/sagre/SmartStationNew/ros2_ws/install/station_orchestrator', 'merge_install': False, 'path': '/home/sagre/SmartStationNew/ros2_ws/src/station_orchestrator', 'symlink_install': True, 'test_result_base': None}
[1.990s] INFO:colcon.colcon_core.executor:Executing jobs using 'parallel' executor
[1.994s] DEBUG:colcon.colcon_parallel_executor.executor.parallel:run_until_complete
[1.994s] INFO:colcon.colcon_ros.task.ament_python.build:Building ROS package in '/home/sagre/SmartStationNew/ros2_ws/src/station_orchestrator' with build type 'ament_python'
[1.995s] Level 1:colcon.colcon_core.shell:create_environment_hook('station_orchestrator', 'ament_prefix_path')
[2.006s] INFO:colcon.colcon_core.plugin_system:Skipping extension 'colcon_core.shell.bat': Not used on non-Windows systems
[2.007s] INFO:colcon.colcon_core.shell:Creating environment hook '/home/sagre/SmartStationNew/ros2_ws/install/station_orchestrator/share/station_orchestrator/hook/ament_prefix_path.ps1'
[2.010s] INFO:colcon.colcon_core.shell:Creating environment descriptor '/home/sagre/SmartStationNew/ros2_ws/install/station_orchestrator/share/station_orchestrator/hook/ament_prefix_path.dsv'
[2.013s] INFO:colcon.colcon_core.shell:Creating environment hook '/home/sagre/SmartStationNew/ros2_ws/install/station_orchestrator/share/station_orchestrator/hook/ament_prefix_path.sh'
[2.017s] INFO:colcon.colcon_core.shell:Skip shell extension 'powershell' for command environment: Not usable outside of PowerShell
[2.017s] DEBUG:colcon.colcon_core.shell:Skip shell extension 'dsv' for command environment
[3.542s] INFO:colcon.colcon_core.task.python.build:Building Python package in '/home/sagre/SmartStationNew/ros2_ws/src/station_orchestrator'
[3.543s] INFO:colcon.colcon_core.shell:Skip shell extension 'powershell' for command environment: Not usable outside of PowerShell
[3.543s] DEBUG:colcon.colcon_core.shell:Skip shell extension 'dsv' for command environment
[5.502s] DEBUG:colcon.colcon_core.task.python.build:While undoing a previous installation files outside the Python library path are being ignored: /home/sagre/SmartStationNew/ros2_ws/install/station_orchestrator/share/ament_index/resource_index/packages/station_orchestrator
[5.502s] DEBUG:colcon.colcon_core.task.python.build:While undoing a previous installation files outside the Python library path are being ignored: /home/sagre/SmartStationNew/ros2_ws/install/station_orchestrator/share/station_orchestrator/package.xml
[5.504s] DEBUG:colcon.colcon_core.task.python.build:While undoing a previous installation files outside the Python library path are being ignored: /home/sagre/SmartStationNew/ros2_ws/install/station_orchestrator/bin/station_orchestrator
[5.511s] DEBUG:colcon.colcon_core.event_handler.log_command:Invoking command in '/home/sagre/SmartStationNew/ros2_ws/build/station_orchestrator': PYTHONPATH=/home/sagre/SmartStationNew/ros2_ws/build/station_orchestrator/prefix_override:/usr/lib/python3/dist-packages/colcon_core/task/python/colcon_distutils_commands:/home/sagre/SmartStationNew/ros2_ws/install/station_orchestrator/lib/python3.10/site-packages:${PYTHONPATH} /usr/bin/python3 -W ignore:setup.py install is deprecated -W ignore:easy_install command is deprecated setup.py develop --editable --build-directory /home/sagre/SmartStationNew/ros2_ws/build/station_orchestrator/build --no-deps symlink_data --force
[8.089s] DEBUG:colcon.colcon_core.event_handler.log_command:Invoked command in '/home/sagre/SmartStationNew/ros2_ws/build/station_orchestrator' returned '1': PYTHONPATH=/home/sagre/SmartStationNew/ros2_ws/build/station_orchestrator/prefix_override:/usr/lib/python3/dist-packages/colcon_core/task/python/colcon_distutils_commands:/home/sagre/SmartStationNew/ros2_ws/install/station_orchestrator/lib/python3.10/site-packages:${PYTHONPATH} /usr/bin/python3 -W ignore:setup.py install is deprecated -W ignore:easy_install command is deprecated setup.py develop --editable --build-directory /home/sagre/SmartStationNew/ros2_ws/build/station_orchestrator/build --no-deps symlink_data --force
[8.098s] DEBUG:colcon.colcon_parallel_executor.executor.parallel:closing loop
[8.099s] DEBUG:colcon.colcon_parallel_executor.executor.parallel:loop closed
[8.099s] DEBUG:colcon.colcon_parallel_executor.executor.parallel:run_until_complete finished with '1'
[8.099s] DEBUG:colcon.colcon_core.event_reactor:joining thread
[8.126s] INFO:colcon.colcon_core.plugin_system:Skipping extension 'colcon_notification.desktop_notification.terminal_notifier': Not used on non-Darwin systems
[8.127s] INFO:colcon.colcon_core.plugin_system:Skipping extension 'colcon_notification.desktop_notification.win32': Not used on non-Windows systems
[8.127s] INFO:colcon.colcon_notification.desktop_notification:Sending desktop notification using 'notify2'
[8.130s] DEBUG:colcon.colcon_notification.desktop_notification.notify2:Failed to initialize notify2: org.freedesktop.DBus.Error.ServiceUnknown: The name org.freedesktop.Notifications was not provided by any .service files
[8.131s] DEBUG:colcon.colcon_core.event_reactor:joined thread
[8.132s] INFO:colcon.colcon_core.shell:Creating prefix script '/home/sagre/SmartStationNew/ros2_ws/install/local_setup.ps1'
[8.136s] INFO:colcon.colcon_core.shell:Creating prefix util module '/home/sagre/SmartStationNew/ros2_ws/install/_local_setup_util_ps1.py'
[8.144s] INFO:colcon.colcon_core.shell:Creating prefix chain script '/home/sagre/SmartStationNew/ros2_ws/install/setup.ps1'
[8.151s] INFO:colcon.colcon_core.shell:Creating prefix script '/home/sagre/SmartStationNew/ros2_ws/install/local_setup.sh'
[8.154s] INFO:colcon.colcon_core.shell:Creating prefix util module '/home/sagre/SmartStationNew/ros2_ws/install/_local_setup_util_sh.py'
[8.157s] INFO:colcon.colcon_core.shell:Creating prefix chain script '/home/sagre/SmartStationNew/ros2_ws/install/setup.sh'
[8.163s] INFO:colcon.colcon_core.shell:Creating prefix script '/home/sagre/SmartStationNew/ros2_ws/install/local_setup.bash'
[8.165s] INFO:colcon.colcon_core.shell:Creating prefix chain script '/home/sagre/SmartStationNew/ros2_ws/install/setup.bash'
[8.171s] INFO:colcon.colcon_core.shell:Creating prefix script '/home/sagre/SmartStationNew/ros2_ws/install/local_setup.zsh'
[8.174s] INFO:colcon.colcon_core.shell:Creating prefix chain script '/home/sagre/SmartStationNew/ros2_ws/install/setup.zsh'
