[16.710s] Invoking command in '/home/sagre/SmartStationNew/ros2_ws/src/station_web_gui': PYTHONPATH=/home/sagre/SmartStationNew/ros2_ws/build/station_web_gui/prefix_override:/usr/lib/python3/dist-packages/colcon_core/task/python/colcon_distutils_commands:/home/sagre/SmartStationNew/ros2_ws/install/station_web_gui/lib/python3.10/site-packages:${PYTHONPATH} /usr/bin/python3 -W ignore:setup.py install is deprecated -W ignore:easy_install command is deprecated setup.py egg_info --egg-base ../../build/station_web_gui build --build-base /home/sagre/SmartStationNew/ros2_ws/build/station_web_gui/build install --record /home/sagre/SmartStationNew/ros2_ws/build/station_web_gui/install.log --single-version-externally-managed install_data
[18.471s] running egg_info
[18.474s] writing ../../build/station_web_gui/station_web_gui.egg-info/PKG-INFO
[18.475s] writing dependency_links to ../../build/station_web_gui/station_web_gui.egg-info/dependency_links.txt
[18.476s] writing entry points to ../../build/station_web_gui/station_web_gui.egg-info/entry_points.txt
[18.477s] writing requirements to ../../build/station_web_gui/station_web_gui.egg-info/requires.txt
[18.478s] writing top-level names to ../../build/station_web_gui/station_web_gui.egg-info/top_level.txt
[18.487s] reading manifest file '../../build/station_web_gui/station_web_gui.egg-info/SOURCES.txt'
[18.492s] writing manifest file '../../build/station_web_gui/station_web_gui.egg-info/SOURCES.txt'
[18.493s] running build
[18.493s] running build_py
[18.495s] running install
[18.497s] running install_lib
[18.504s] running install_data
[18.506s] running install_egg_info
[18.517s] removing '/home/sagre/SmartStationNew/ros2_ws/install/station_web_gui/lib/python3.10/site-packages/station_web_gui-0.1.0-py3.10.egg-info' (and everything under it)
[18.519s] Copying ../../build/station_web_gui/station_web_gui.egg-info to /home/sagre/SmartStationNew/ros2_ws/install/station_web_gui/lib/python3.10/site-packages/station_web_gui-0.1.0-py3.10.egg-info
[18.526s] running install_scripts
[18.615s] Installing station_web_gui script to /home/sagre/SmartStationNew/ros2_ws/install/station_web_gui/bin
[18.617s] writing list of installed files to '/home/sagre/SmartStationNew/ros2_ws/build/station_web_gui/install.log'
[18.734s] Invoked command in '/home/sagre/SmartStationNew/ros2_ws/src/station_web_gui' returned '0': PYTHONPATH=/home/sagre/SmartStationNew/ros2_ws/build/station_web_gui/prefix_override:/usr/lib/python3/dist-packages/colcon_core/task/python/colcon_distutils_commands:/home/sagre/SmartStationNew/ros2_ws/install/station_web_gui/lib/python3.10/site-packages:${PYTHONPATH} /usr/bin/python3 -W ignore:setup.py install is deprecated -W ignore:easy_install command is deprecated setup.py egg_info --egg-base ../../build/station_web_gui build --build-base /home/sagre/SmartStationNew/ros2_ws/build/station_web_gui/build install --record /home/sagre/SmartStationNew/ros2_ws/build/station_web_gui/install.log --single-version-externally-managed install_data
