[3.482s] Invoking command in '/home/sagre/SmartStationNew/ros2_ws/src/station_web_gui': PYTHONPATH=/home/sagre/SmartStationNew/ros2_ws/build/station_web_gui/prefix_override:/usr/lib/python3/dist-packages/colcon_core/task/python/colcon_distutils_commands:/home/sagre/SmartStationNew/ros2_ws/install/station_web_gui/lib/python3.10/site-packages:${PYTHONPATH} /usr/bin/python3 -W ignore:setup.py install is deprecated -W ignore:easy_install command is deprecated setup.py egg_info --egg-base ../../build/station_web_gui build --build-base /home/sagre/SmartStationNew/ros2_ws/build/station_web_gui/build install --record /home/sagre/SmartStationNew/ros2_ws/build/station_web_gui/install.log --single-version-externally-managed install_data
[4.833s] running egg_info
[4.837s] writing ../../build/station_web_gui/station_web_gui.egg-info/PKG-INFO
[4.838s] writing dependency_links to ../../build/station_web_gui/station_web_gui.egg-info/dependency_links.txt
[4.839s] writing entry points to ../../build/station_web_gui/station_web_gui.egg-info/entry_points.txt
[4.840s] writing requirements to ../../build/station_web_gui/station_web_gui.egg-info/requires.txt
[4.841s] writing top-level names to ../../build/station_web_gui/station_web_gui.egg-info/top_level.txt
[4.850s] reading manifest file '../../build/station_web_gui/station_web_gui.egg-info/SOURCES.txt'
[4.855s] writing manifest file '../../build/station_web_gui/station_web_gui.egg-info/SOURCES.txt'
[4.856s] running build
[4.856s] running build_py
[4.858s] running install
[4.859s] running install_lib
[4.866s] running install_data
[4.867s] running install_egg_info
[4.879s] removing '/home/sagre/SmartStationNew/ros2_ws/install/station_web_gui/lib/python3.10/site-packages/station_web_gui-0.1.0-py3.10.egg-info' (and everything under it)
[4.881s] Copying ../../build/station_web_gui/station_web_gui.egg-info to /home/sagre/SmartStationNew/ros2_ws/install/station_web_gui/lib/python3.10/site-packages/station_web_gui-0.1.0-py3.10.egg-info
[4.887s] running install_scripts
[4.976s] Installing station_web_gui script to /home/sagre/SmartStationNew/ros2_ws/install/station_web_gui/bin
[4.978s] writing list of installed files to '/home/sagre/SmartStationNew/ros2_ws/build/station_web_gui/install.log'
[5.115s] Invoked command in '/home/sagre/SmartStationNew/ros2_ws/src/station_web_gui' returned '0': PYTHONPATH=/home/sagre/SmartStationNew/ros2_ws/build/station_web_gui/prefix_override:/usr/lib/python3/dist-packages/colcon_core/task/python/colcon_distutils_commands:/home/sagre/SmartStationNew/ros2_ws/install/station_web_gui/lib/python3.10/site-packages:${PYTHONPATH} /usr/bin/python3 -W ignore:setup.py install is deprecated -W ignore:easy_install command is deprecated setup.py egg_info --egg-base ../../build/station_web_gui build --build-base /home/sagre/SmartStationNew/ros2_ws/build/station_web_gui/build install --record /home/sagre/SmartStationNew/ros2_ws/build/station_web_gui/install.log --single-version-externally-managed install_data
