[3.384s] Invoking command in '/home/sagre/SmartStationNew/ros2_ws/src/station_web_gui': PYTHONPATH=/home/sagre/SmartStationNew/ros2_ws/build/station_web_gui/prefix_override:/usr/lib/python3/dist-packages/colcon_core/task/python/colcon_distutils_commands:/home/sagre/SmartStationNew/ros2_ws/install/station_web_gui/lib/python3.10/site-packages:${PYTHONPATH} /usr/bin/python3 -W ignore:setup.py install is deprecated -W ignore:easy_install command is deprecated setup.py egg_info --egg-base ../../build/station_web_gui build --build-base /home/sagre/SmartStationNew/ros2_ws/build/station_web_gui/build install --record /home/sagre/SmartStationNew/ros2_ws/build/station_web_gui/install.log --single-version-externally-managed install_data
[4.689s] running egg_info
[4.692s] writing ../../build/station_web_gui/station_web_gui.egg-info/PKG-INFO
[4.693s] writing dependency_links to ../../build/station_web_gui/station_web_gui.egg-info/dependency_links.txt
[4.694s] writing entry points to ../../build/station_web_gui/station_web_gui.egg-info/entry_points.txt
[4.695s] writing requirements to ../../build/station_web_gui/station_web_gui.egg-info/requires.txt
[4.696s] writing top-level names to ../../build/station_web_gui/station_web_gui.egg-info/top_level.txt
[4.705s] reading manifest file '../../build/station_web_gui/station_web_gui.egg-info/SOURCES.txt'
[4.710s] writing manifest file '../../build/station_web_gui/station_web_gui.egg-info/SOURCES.txt'
[4.711s] running build
[4.712s] running build_py
[4.712s] copying station_web_gui/station_web_gui.py -> /home/sagre/SmartStationNew/ros2_ws/build/station_web_gui/build/lib/station_web_gui
[4.713s] copying station_web_gui/sensor_metadata.py -> /home/sagre/SmartStationNew/ros2_ws/build/station_web_gui/build/lib/station_web_gui
[4.714s] running install
[4.716s] running install_lib
[4.720s] copying /home/sagre/SmartStationNew/ros2_ws/build/station_web_gui/build/lib/station_web_gui/station_web_gui.py -> /home/sagre/SmartStationNew/ros2_ws/install/station_web_gui/lib/python3.10/site-packages/station_web_gui
[4.721s] copying /home/sagre/SmartStationNew/ros2_ws/build/station_web_gui/build/lib/station_web_gui/sensor_metadata.py -> /home/sagre/SmartStationNew/ros2_ws/install/station_web_gui/lib/python3.10/site-packages/station_web_gui
[4.724s] byte-compiling /home/sagre/SmartStationNew/ros2_ws/install/station_web_gui/lib/python3.10/site-packages/station_web_gui/station_web_gui.py to station_web_gui.cpython-310.pyc
[4.739s] byte-compiling /home/sagre/SmartStationNew/ros2_ws/install/station_web_gui/lib/python3.10/site-packages/station_web_gui/sensor_metadata.py to sensor_metadata.cpython-310.pyc
[4.742s] running install_data
[4.743s] copying templates/logs.html -> /home/sagre/SmartStationNew/ros2_ws/install/station_web_gui/share/station_web_gui/templates
[4.745s] copying templates/index.html -> /home/sagre/SmartStationNew/ros2_ws/install/station_web_gui/share/station_web_gui/templates
[4.746s] copying templates/control.html -> /home/sagre/SmartStationNew/ros2_ws/install/station_web_gui/share/station_web_gui/templates
[4.747s] copying static/style.css -> /home/sagre/SmartStationNew/ros2_ws/install/station_web_gui/share/station_web_gui/static
[4.749s] running install_egg_info
[4.761s] removing '/home/sagre/SmartStationNew/ros2_ws/install/station_web_gui/lib/python3.10/site-packages/station_web_gui-0.1.0-py3.10.egg-info' (and everything under it)
[4.764s] Copying ../../build/station_web_gui/station_web_gui.egg-info to /home/sagre/SmartStationNew/ros2_ws/install/station_web_gui/lib/python3.10/site-packages/station_web_gui-0.1.0-py3.10.egg-info
[4.775s] running install_scripts
[4.856s] Installing station_web_gui script to /home/sagre/SmartStationNew/ros2_ws/install/station_web_gui/bin
[4.858s] writing list of installed files to '/home/sagre/SmartStationNew/ros2_ws/build/station_web_gui/install.log'
[4.979s] Invoked command in '/home/sagre/SmartStationNew/ros2_ws/src/station_web_gui' returned '0': PYTHONPATH=/home/sagre/SmartStationNew/ros2_ws/build/station_web_gui/prefix_override:/usr/lib/python3/dist-packages/colcon_core/task/python/colcon_distutils_commands:/home/sagre/SmartStationNew/ros2_ws/install/station_web_gui/lib/python3.10/site-packages:${PYTHONPATH} /usr/bin/python3 -W ignore:setup.py install is deprecated -W ignore:easy_install command is deprecated setup.py egg_info --egg-base ../../build/station_web_gui build --build-base /home/sagre/SmartStationNew/ros2_ws/build/station_web_gui/build install --record /home/sagre/SmartStationNew/ros2_ws/build/station_web_gui/install.log --single-version-externally-managed install_data
