[11.095s] Invoking command in '/home/sagre/SmartStationNew/ros2_ws/src/station_web_gui': PYTHONPATH=/home/sagre/SmartStationNew/ros2_ws/build/station_web_gui/prefix_override:/usr/lib/python3/dist-packages/colcon_core/task/python/colcon_distutils_commands:/home/sagre/SmartStationNew/ros2_ws/install/station_web_gui/lib/python3.10/site-packages:${PYTHONPATH} /usr/bin/python3 -W ignore:setup.py install is deprecated -W ignore:easy_install command is deprecated setup.py egg_info --egg-base ../../build/station_web_gui build --build-base /home/sagre/SmartStationNew/ros2_ws/build/station_web_gui/build install --record /home/sagre/SmartStationNew/ros2_ws/build/station_web_gui/install.log --single-version-externally-managed install_data
[14.472s] running egg_info
[14.508s] writing ../../build/station_web_gui/station_web_gui.egg-info/PKG-INFO
[14.516s] writing dependency_links to ../../build/station_web_gui/station_web_gui.egg-info/dependency_links.txt
[14.518s] writing entry points to ../../build/station_web_gui/station_web_gui.egg-info/entry_points.txt
[14.520s] writing requirements to ../../build/station_web_gui/station_web_gui.egg-info/requires.txt
[14.536s] writing top-level names to ../../build/station_web_gui/station_web_gui.egg-info/top_level.txt
[14.573s] reading manifest file '../../build/station_web_gui/station_web_gui.egg-info/SOURCES.txt'
[14.579s] writing manifest file '../../build/station_web_gui/station_web_gui.egg-info/SOURCES.txt'
[14.632s] running build
[14.633s] running build_py
[14.635s] running install
[14.648s] running install_lib
[14.684s] running install_data
[14.687s] running install_egg_info
[14.752s] removing '/home/sagre/SmartStationNew/ros2_ws/install/station_web_gui/lib/python3.10/site-packages/station_web_gui-0.1.0-py3.10.egg-info' (and everything under it)
[14.755s] Copying ../../build/station_web_gui/station_web_gui.egg-info to /home/sagre/SmartStationNew/ros2_ws/install/station_web_gui/lib/python3.10/site-packages/station_web_gui-0.1.0-py3.10.egg-info
[14.768s] running install_scripts
[15.187s] Installing station_web_gui script to /home/sagre/SmartStationNew/ros2_ws/install/station_web_gui/bin
[15.206s] writing list of installed files to '/home/sagre/SmartStationNew/ros2_ws/build/station_web_gui/install.log'
[15.863s] Invoked command in '/home/sagre/SmartStationNew/ros2_ws/src/station_web_gui' returned '0': PYTHONPATH=/home/sagre/SmartStationNew/ros2_ws/build/station_web_gui/prefix_override:/usr/lib/python3/dist-packages/colcon_core/task/python/colcon_distutils_commands:/home/sagre/SmartStationNew/ros2_ws/install/station_web_gui/lib/python3.10/site-packages:${PYTHONPATH} /usr/bin/python3 -W ignore:setup.py install is deprecated -W ignore:easy_install command is deprecated setup.py egg_info --egg-base ../../build/station_web_gui build --build-base /home/sagre/SmartStationNew/ros2_ws/build/station_web_gui/build install --record /home/sagre/SmartStationNew/ros2_ws/build/station_web_gui/install.log --single-version-externally-managed install_data
