running egg_info
creating ../../build/mqtt_ros2_bridge/mqtt_ros2_bridge.egg-info
writing ../../build/mqtt_ros2_bridge/mqtt_ros2_bridge.egg-info/PKG-INFO
writing dependency_links to ../../build/mqtt_ros2_bridge/mqtt_ros2_bridge.egg-info/dependency_links.txt
writing entry points to ../../build/mqtt_ros2_bridge/mqtt_ros2_bridge.egg-info/entry_points.txt
writing requirements to ../../build/mqtt_ros2_bridge/mqtt_ros2_bridge.egg-info/requires.txt
writing top-level names to ../../build/mqtt_ros2_bridge/mqtt_ros2_bridge.egg-info/top_level.txt
writing manifest file '../../build/mqtt_ros2_bridge/mqtt_ros2_bridge.egg-info/SOURCES.txt'
reading manifest file '../../build/mqtt_ros2_bridge/mqtt_ros2_bridge.egg-info/SOURCES.txt'
writing manifest file '../../build/mqtt_ros2_bridge/mqtt_ros2_bridge.egg-info/SOURCES.txt'
running build
running build_py
creating /home/sagre/SmartStationNew/ros2_ws/build/mqtt_ros2_bridge/build
creating /home/sagre/SmartStationNew/ros2_ws/build/mqtt_ros2_bridge/build/lib
creating /home/sagre/SmartStationNew/ros2_ws/build/mqtt_ros2_bridge/build/lib/mqtt_ros2_bridge
copying mqtt_ros2_bridge/__init__.py -> /home/sagre/SmartStationNew/ros2_ws/build/mqtt_ros2_bridge/build/lib/mqtt_ros2_bridge
copying mqtt_ros2_bridge/bridge_node.py -> /home/sagre/SmartStationNew/ros2_ws/build/mqtt_ros2_bridge/build/lib/mqtt_ros2_bridge
running install
running install_lib
creating /home/sagre/SmartStationNew/ros2_ws/install/mqtt_ros2_bridge/lib/python3.10/site-packages/mqtt_ros2_bridge
copying /home/sagre/SmartStationNew/ros2_ws/build/mqtt_ros2_bridge/build/lib/mqtt_ros2_bridge/__init__.py -> /home/sagre/SmartStationNew/ros2_ws/install/mqtt_ros2_bridge/lib/python3.10/site-packages/mqtt_ros2_bridge
copying /home/sagre/SmartStationNew/ros2_ws/build/mqtt_ros2_bridge/build/lib/mqtt_ros2_bridge/bridge_node.py -> /home/sagre/SmartStationNew/ros2_ws/install/mqtt_ros2_bridge/lib/python3.10/site-packages/mqtt_ros2_bridge
byte-compiling /home/sagre/SmartStationNew/ros2_ws/install/mqtt_ros2_bridge/lib/python3.10/site-packages/mqtt_ros2_bridge/__init__.py to __init__.cpython-310.pyc
byte-compiling /home/sagre/SmartStationNew/ros2_ws/install/mqtt_ros2_bridge/lib/python3.10/site-packages/mqtt_ros2_bridge/bridge_node.py to bridge_node.cpython-310.pyc
running install_data
copying package.xml -> /home/sagre/SmartStationNew/ros2_ws/install/mqtt_ros2_bridge/share/mqtt_ros2_bridge
running install_egg_info
Copying ../../build/mqtt_ros2_bridge/mqtt_ros2_bridge.egg-info to /home/sagre/SmartStationNew/ros2_ws/install/mqtt_ros2_bridge/lib/python3.10/site-packages/mqtt_ros2_bridge-0.1.0-py3.10.egg-info
running install_scripts
Installing mqtt_ros2_bridge script to /home/sagre/SmartStationNew/ros2_ws/install/mqtt_ros2_bridge/bin
writing list of installed files to '/home/sagre/SmartStationNew/ros2_ws/build/mqtt_ros2_bridge/install.log'
