[7.900s] Invoking command in '/home/sagre/SmartStationNew/ros2_ws/src/station_orchestrator': PYTHONPATH=/home/sagre/SmartStationNew/ros2_ws/build/station_orchestrator/prefix_override:/usr/lib/python3/dist-packages/colcon_core/task/python/colcon_distutils_commands:/home/sagre/SmartStationNew/ros2_ws/install/station_orchestrator/lib/python3.10/site-packages:${PYTHONPATH} /usr/bin/python3 -W ignore:setup.py install is deprecated -W ignore:easy_install command is deprecated setup.py egg_info --egg-base ../../build/station_orchestrator build --build-base /home/sagre/SmartStationNew/ros2_ws/build/station_orchestrator/build install --record /home/sagre/SmartStationNew/ros2_ws/build/station_orchestrator/install.log --single-version-externally-managed install_data
[9.841s] running egg_info
[9.843s] writing ../../build/station_orchestrator/station_orchestrator.egg-info/PKG-INFO
[9.845s] writing dependency_links to ../../build/station_orchestrator/station_orchestrator.egg-info/dependency_links.txt
[9.854s] writing entry points to ../../build/station_orchestrator/station_orchestrator.egg-info/entry_points.txt
[9.854s] writing requirements to ../../build/station_orchestrator/station_orchestrator.egg-info/requires.txt
[9.856s] writing top-level names to ../../build/station_orchestrator/station_orchestrator.egg-info/top_level.txt
[9.871s] reading manifest file '../../build/station_orchestrator/station_orchestrator.egg-info/SOURCES.txt'
[9.881s] writing manifest file '../../build/station_orchestrator/station_orchestrator.egg-info/SOURCES.txt'
[9.889s] running build
[9.890s] running build_py
[9.892s] copying station_orchestrator/logging_config.py -> /home/sagre/SmartStationNew/ros2_ws/build/station_orchestrator/build/lib/station_orchestrator
[9.898s] running install
[9.900s] running install_lib
[9.906s] copying /home/sagre/SmartStationNew/ros2_ws/build/station_orchestrator/build/lib/station_orchestrator/logging_config.py -> /home/sagre/SmartStationNew/ros2_ws/install/station_orchestrator/lib/python3.10/site-packages/station_orchestrator
[9.914s] byte-compiling /home/sagre/SmartStationNew/ros2_ws/install/station_orchestrator/lib/python3.10/site-packages/station_orchestrator/logging_config.py to logging_config.cpython-310.pyc
[9.928s] running install_data
[9.931s] running install_egg_info
[9.944s] removing '/home/sagre/SmartStationNew/ros2_ws/install/station_orchestrator/lib/python3.10/site-packages/station_orchestrator-0.1.0-py3.10.egg-info' (and everything under it)
[9.951s] Copying ../../build/station_orchestrator/station_orchestrator.egg-info to /home/sagre/SmartStationNew/ros2_ws/install/station_orchestrator/lib/python3.10/site-packages/station_orchestrator-0.1.0-py3.10.egg-info
[9.976s] running install_scripts
[10.129s] Installing station_orchestrator script to /home/sagre/SmartStationNew/ros2_ws/install/station_orchestrator/bin
[10.131s] writing list of installed files to '/home/sagre/SmartStationNew/ros2_ws/build/station_orchestrator/install.log'
[10.377s] Invoked command in '/home/sagre/SmartStationNew/ros2_ws/src/station_orchestrator' returned '0': PYTHONPATH=/home/sagre/SmartStationNew/ros2_ws/build/station_orchestrator/prefix_override:/usr/lib/python3/dist-packages/colcon_core/task/python/colcon_distutils_commands:/home/sagre/SmartStationNew/ros2_ws/install/station_orchestrator/lib/python3.10/site-packages:${PYTHONPATH} /usr/bin/python3 -W ignore:setup.py install is deprecated -W ignore:easy_install command is deprecated setup.py egg_info --egg-base ../../build/station_orchestrator build --build-base /home/sagre/SmartStationNew/ros2_ws/build/station_orchestrator/build install --record /home/sagre/SmartStationNew/ros2_ws/build/station_orchestrator/install.log --single-version-externally-managed install_data
