[21.445s] Invoking command in '/home/sagre/SmartStationNew/ros2_ws/src/station_web_gui': PYTHONPATH=/home/sagre/SmartStationNew/ros2_ws/build/station_web_gui/prefix_override:/usr/lib/python3/dist-packages/colcon_core/task/python/colcon_distutils_commands:/home/sagre/SmartStationNew/ros2_ws/install/station_web_gui/lib/python3.10/site-packages:${PYTHONPATH} /usr/bin/python3 -W ignore:setup.py install is deprecated -W ignore:easy_install command is deprecated setup.py egg_info --egg-base ../../build/station_web_gui build --build-base /home/sagre/SmartStationNew/ros2_ws/build/station_web_gui/build install --record /home/sagre/SmartStationNew/ros2_ws/build/station_web_gui/install.log --single-version-externally-managed install_data
[24.372s] running egg_info
[24.376s] writing ../../build/station_web_gui/station_web_gui.egg-info/PKG-INFO
[24.378s] writing dependency_links to ../../build/station_web_gui/station_web_gui.egg-info/dependency_links.txt
[24.380s] writing entry points to ../../build/station_web_gui/station_web_gui.egg-info/entry_points.txt
[24.381s] writing requirements to ../../build/station_web_gui/station_web_gui.egg-info/requires.txt
[24.383s] writing top-level names to ../../build/station_web_gui/station_web_gui.egg-info/top_level.txt
[24.396s] reading manifest file '../../build/station_web_gui/station_web_gui.egg-info/SOURCES.txt'
[24.408s] writing manifest file '../../build/station_web_gui/station_web_gui.egg-info/SOURCES.txt'
[24.412s] running build
[24.413s] running build_py
[24.418s] running install
[24.421s] running install_lib
[24.434s] running install_data
[24.439s] running install_egg_info
[24.461s] removing '/home/sagre/SmartStationNew/ros2_ws/install/station_web_gui/lib/python3.10/site-packages/station_web_gui-0.1.0-py3.10.egg-info' (and everything under it)
[24.466s] Copying ../../build/station_web_gui/station_web_gui.egg-info to /home/sagre/SmartStationNew/ros2_ws/install/station_web_gui/lib/python3.10/site-packages/station_web_gui-0.1.0-py3.10.egg-info
[24.481s] running install_scripts
[24.678s] Installing station_web_gui script to /home/sagre/SmartStationNew/ros2_ws/install/station_web_gui/bin
[24.687s] writing list of installed files to '/home/sagre/SmartStationNew/ros2_ws/build/station_web_gui/install.log'
[24.964s] Invoked command in '/home/sagre/SmartStationNew/ros2_ws/src/station_web_gui' returned '0': PYTHONPATH=/home/sagre/SmartStationNew/ros2_ws/build/station_web_gui/prefix_override:/usr/lib/python3/dist-packages/colcon_core/task/python/colcon_distutils_commands:/home/sagre/SmartStationNew/ros2_ws/install/station_web_gui/lib/python3.10/site-packages:${PYTHONPATH} /usr/bin/python3 -W ignore:setup.py install is deprecated -W ignore:easy_install command is deprecated setup.py egg_info --egg-base ../../build/station_web_gui build --build-base /home/sagre/SmartStationNew/ros2_ws/build/station_web_gui/build install --record /home/sagre/SmartStationNew/ros2_ws/build/station_web_gui/install.log --single-version-externally-managed install_data
