[1.781s] DEBUG:colcon:Command line arguments: ['/usr/bin/colcon', 'build']
[1.781s] DEBUG:colcon:Parsed command line arguments: Namespace(log_base=None, log_level=None, verb_name='build', build_base='build', install_base='install', merge_install=False, symlink_install=False, test_result_base=None, continue_on_error=False, executor='parallel', parallel_workers=4, event_handlers=None, ignore_user_meta=False, metas=['./colcon.meta'], base_paths=['.'], packages_ignore=None, packages_ignore_regex=None, paths=None, packages_up_to=None, packages_up_to_regex=None, packages_above=None, packages_above_and_dependencies=None, packages_above_depth=None, packages_select_by_dep=None, packages_skip_by_dep=None, packages_skip_up_to=None, packages_select_build_failed=False, packages_skip_build_finished=False, packages_select_test_failures=False, packages_skip_test_passed=False, packages_select=None, packages_skip=None, packages_select_regex=None, packages_skip_regex=None, packages_start=None, packages_end=None, allow_overriding=[], cmake_args=None, cmake_target=None, cmake_target_skip_unavailable=False, cmake_clean_cache=False, cmake_clean_first=False, cmake_force_configure=False, ament_cmake_args=None, catkin_cmake_args=None, catkin_skip_building_tests=False, mixin_files=None, mixin=None, verb_parser=<colcon_mixin.mixin.mixin_argument.MixinArgumentDecorator object at 0xffffa8492ad0>, verb_extension=<colcon_core.verb.build.BuildVerb object at 0xffffa862fac0>, main=<bound method BuildVerb.main of <colcon_core.verb.build.BuildVerb object at 0xffffa862fac0>>, mixin_verb=('build',))
[3.750s] Level 1:colcon.colcon_core.package_discovery:discover_packages(colcon_meta) check parameters
[3.751s] Level 1:colcon.colcon_core.package_discovery:discover_packages(recursive) check parameters
[3.751s] Level 1:colcon.colcon_core.package_discovery:discover_packages(ignore) check parameters
[3.751s] Level 1:colcon.colcon_core.package_discovery:discover_packages(path) check parameters
[3.751s] Level 1:colcon.colcon_core.package_discovery:discover_packages(colcon_meta) discover
[3.751s] Level 1:colcon.colcon_core.package_discovery:discover_packages(recursive) discover
[3.752s] INFO:colcon.colcon_core.package_discovery:Crawling recursively for packages in '/home/sagre/SmartStationNew/ros2_ws'
[3.752s] Level 1:colcon.colcon_core.package_identification:_identify(.) by extensions ['ignore', 'ignore_ament_install']
[3.753s] Level 1:colcon.colcon_core.package_identification:_identify(.) by extension 'ignore'
[3.753s] Level 1:colcon.colcon_core.package_identification:_identify(.) by extension 'ignore_ament_install'
[3.753s] Level 1:colcon.colcon_core.package_identification:_identify(.) by extensions ['colcon_pkg']
[3.754s] Level 1:colcon.colcon_core.package_identification:_identify(.) by extension 'colcon_pkg'
[3.754s] Level 1:colcon.colcon_core.package_identification:_identify(.) by extensions ['colcon_meta']
[3.754s] Level 1:colcon.colcon_core.package_identification:_identify(.) by extension 'colcon_meta'
[3.755s] Level 1:colcon.colcon_core.package_identification:_identify(.) by extensions ['ros']
[3.755s] Level 1:colcon.colcon_core.package_identification:_identify(.) by extension 'ros'
[3.813s] Level 1:colcon.colcon_core.package_identification:_identify(.) by extensions ['cmake', 'python']
[3.814s] Level 1:colcon.colcon_core.package_identification:_identify(.) by extension 'cmake'
[3.814s] Level 1:colcon.colcon_core.package_identification:_identify(.) by extension 'python'
[3.814s] Level 1:colcon.colcon_core.package_identification:_identify(.) by extensions ['python_setup_py']
[3.814s] Level 1:colcon.colcon_core.package_identification:_identify(.) by extension 'python_setup_py'
[3.815s] Level 1:colcon.colcon_core.package_identification:_identify(build) by extensions ['ignore', 'ignore_ament_install']
[3.815s] Level 1:colcon.colcon_core.package_identification:_identify(build) by extension 'ignore'
[3.816s] Level 1:colcon.colcon_core.package_identification:_identify(build) ignored
[3.816s] Level 1:colcon.colcon_core.package_identification:_identify(config) by extensions ['ignore', 'ignore_ament_install']
[3.817s] Level 1:colcon.colcon_core.package_identification:_identify(config) by extension 'ignore'
[3.817s] Level 1:colcon.colcon_core.package_identification:_identify(config) by extension 'ignore_ament_install'
[3.817s] Level 1:colcon.colcon_core.package_identification:_identify(config) by extensions ['colcon_pkg']
[3.817s] Level 1:colcon.colcon_core.package_identification:_identify(config) by extension 'colcon_pkg'
[3.817s] Level 1:colcon.colcon_core.package_identification:_identify(config) by extensions ['colcon_meta']
[3.818s] Level 1:colcon.colcon_core.package_identification:_identify(config) by extension 'colcon_meta'
[3.818s] Level 1:colcon.colcon_core.package_identification:_identify(config) by extensions ['ros']
[3.818s] Level 1:colcon.colcon_core.package_identification:_identify(config) by extension 'ros'
[3.819s] Level 1:colcon.colcon_core.package_identification:_identify(config) by extensions ['cmake', 'python']
[3.819s] Level 1:colcon.colcon_core.package_identification:_identify(config) by extension 'cmake'
[3.819s] Level 1:colcon.colcon_core.package_identification:_identify(config) by extension 'python'
[3.820s] Level 1:colcon.colcon_core.package_identification:_identify(config) by extensions ['python_setup_py']
[3.820s] Level 1:colcon.colcon_core.package_identification:_identify(config) by extension 'python_setup_py'
[3.820s] Level 1:colcon.colcon_core.package_identification:_identify(install) by extensions ['ignore', 'ignore_ament_install']
[3.821s] Level 1:colcon.colcon_core.package_identification:_identify(install) by extension 'ignore'
[3.821s] Level 1:colcon.colcon_core.package_identification:_identify(install) ignored
[3.822s] Level 1:colcon.colcon_core.package_identification:_identify(log) by extensions ['ignore', 'ignore_ament_install']
[3.823s] Level 1:colcon.colcon_core.package_identification:_identify(log) by extension 'ignore'
[3.823s] Level 1:colcon.colcon_core.package_identification:_identify(log) ignored
[3.823s] Level 1:colcon.colcon_core.package_identification:_identify(src) by extensions ['ignore', 'ignore_ament_install']
[3.824s] Level 1:colcon.colcon_core.package_identification:_identify(src) by extension 'ignore'
[3.824s] Level 1:colcon.colcon_core.package_identification:_identify(src) by extension 'ignore_ament_install'
[3.824s] Level 1:colcon.colcon_core.package_identification:_identify(src) by extensions ['colcon_pkg']
[3.825s] Level 1:colcon.colcon_core.package_identification:_identify(src) by extension 'colcon_pkg'
[3.825s] Level 1:colcon.colcon_core.package_identification:_identify(src) by extensions ['colcon_meta']
[3.825s] Level 1:colcon.colcon_core.package_identification:_identify(src) by extension 'colcon_meta'
[3.825s] Level 1:colcon.colcon_core.package_identification:_identify(src) by extensions ['ros']
[3.825s] Level 1:colcon.colcon_core.package_identification:_identify(src) by extension 'ros'
[3.826s] Level 1:colcon.colcon_core.package_identification:_identify(src) by extensions ['cmake', 'python']
[3.826s] Level 1:colcon.colcon_core.package_identification:_identify(src) by extension 'cmake'
[3.826s] Level 1:colcon.colcon_core.package_identification:_identify(src) by extension 'python'
[3.827s] Level 1:colcon.colcon_core.package_identification:_identify(src) by extensions ['python_setup_py']
[3.827s] Level 1:colcon.colcon_core.package_identification:_identify(src) by extension 'python_setup_py'
[3.827s] Level 1:colcon.colcon_core.package_identification:_identify(src/mqtt_ros2_bridge) by extensions ['ignore', 'ignore_ament_install']
[3.828s] Level 1:colcon.colcon_core.package_identification:_identify(src/mqtt_ros2_bridge) by extension 'ignore'
[3.828s] Level 1:colcon.colcon_core.package_identification:_identify(src/mqtt_ros2_bridge) by extension 'ignore_ament_install'
[3.828s] Level 1:colcon.colcon_core.package_identification:_identify(src/mqtt_ros2_bridge) by extensions ['colcon_pkg']
[3.829s] Level 1:colcon.colcon_core.package_identification:_identify(src/mqtt_ros2_bridge) by extension 'colcon_pkg'
[3.829s] Level 1:colcon.colcon_core.package_identification:_identify(src/mqtt_ros2_bridge) by extensions ['colcon_meta']
[3.829s] Level 1:colcon.colcon_core.package_identification:_identify(src/mqtt_ros2_bridge) by extension 'colcon_meta'
[3.829s] Level 1:colcon.colcon_core.package_identification:_identify(src/mqtt_ros2_bridge) by extensions ['ros']
[3.829s] Level 1:colcon.colcon_core.package_identification:_identify(src/mqtt_ros2_bridge) by extension 'ros'
[3.841s] DEBUG:colcon.colcon_core.package_identification:Package 'src/mqtt_ros2_bridge' with type 'ros.ament_python' and name 'mqtt_ros2_bridge'
[3.854s] Level 1:colcon.colcon_core.package_identification:_identify(src/station_orchestrator) by extensions ['ignore', 'ignore_ament_install']
[3.855s] Level 1:colcon.colcon_core.package_identification:_identify(src/station_orchestrator) by extension 'ignore'
[3.855s] Level 1:colcon.colcon_core.package_identification:_identify(src/station_orchestrator) by extension 'ignore_ament_install'
[3.856s] Level 1:colcon.colcon_core.package_identification:_identify(src/station_orchestrator) by extensions ['colcon_pkg']
[3.856s] Level 1:colcon.colcon_core.package_identification:_identify(src/station_orchestrator) by extension 'colcon_pkg'
[3.856s] Level 1:colcon.colcon_core.package_identification:_identify(src/station_orchestrator) by extensions ['colcon_meta']
[3.856s] Level 1:colcon.colcon_core.package_identification:_identify(src/station_orchestrator) by extension 'colcon_meta'
[3.857s] Level 1:colcon.colcon_core.package_identification:_identify(src/station_orchestrator) by extensions ['ros']
[3.857s] Level 1:colcon.colcon_core.package_identification:_identify(src/station_orchestrator) by extension 'ros'
[3.859s] DEBUG:colcon.colcon_core.package_identification:Package 'src/station_orchestrator' with type 'ros.ament_python' and name 'station_orchestrator'
[3.860s] Level 1:colcon.colcon_core.package_identification:_identify(src/station_web_gui) by extensions ['ignore', 'ignore_ament_install']
[3.860s] Level 1:colcon.colcon_core.package_identification:_identify(src/station_web_gui) by extension 'ignore'
[3.861s] Level 1:colcon.colcon_core.package_identification:_identify(src/station_web_gui) by extension 'ignore_ament_install'
[3.861s] Level 1:colcon.colcon_core.package_identification:_identify(src/station_web_gui) by extensions ['colcon_pkg']
[3.861s] Level 1:colcon.colcon_core.package_identification:_identify(src/station_web_gui) by extension 'colcon_pkg'
[3.861s] Level 1:colcon.colcon_core.package_identification:_identify(src/station_web_gui) by extensions ['colcon_meta']
[3.862s] Level 1:colcon.colcon_core.package_identification:_identify(src/station_web_gui) by extension 'colcon_meta'
[3.862s] Level 1:colcon.colcon_core.package_identification:_identify(src/station_web_gui) by extensions ['ros']
[3.862s] Level 1:colcon.colcon_core.package_identification:_identify(src/station_web_gui) by extension 'ros'
[3.866s] DEBUG:colcon.colcon_core.package_identification:Package 'src/station_web_gui' with type 'ros.ament_python' and name 'station_web_gui'
[3.870s] Level 1:colcon.colcon_core.package_discovery:discover_packages(recursive) using defaults
[3.871s] Level 1:colcon.colcon_core.package_discovery:discover_packages(ignore) discover
[3.871s] Level 1:colcon.colcon_core.package_discovery:discover_packages(ignore) using defaults
[3.871s] Level 1:colcon.colcon_core.package_discovery:discover_packages(path) discover
[3.871s] Level 1:colcon.colcon_core.package_discovery:discover_packages(path) using defaults
[4.136s] Level 1:colcon.colcon_core.package_discovery:discover_packages(prefix_path) check parameters
[4.136s] Level 1:colcon.colcon_core.package_discovery:discover_packages(prefix_path) discover
[4.180s] DEBUG:colcon.colcon_installed_package_information.package_discovery:Found 3 installed packages in /home/sagre/SmartStationNew/ros2_ws/install
[4.191s] DEBUG:colcon.colcon_installed_package_information.package_discovery:Found 272 installed packages in /opt/ros/humble
[4.199s] Level 1:colcon.colcon_core.package_discovery:discover_packages(prefix_path) using defaults
[4.445s] Level 5:colcon.colcon_core.verb:set package 'mqtt_ros2_bridge' build argument 'cmake_args' from command line to 'None'
[4.446s] Level 5:colcon.colcon_core.verb:set package 'mqtt_ros2_bridge' build argument 'cmake_target' from command line to 'None'
[4.446s] Level 5:colcon.colcon_core.verb:set package 'mqtt_ros2_bridge' build argument 'cmake_target_skip_unavailable' from command line to 'False'
[4.446s] Level 5:colcon.colcon_core.verb:set package 'mqtt_ros2_bridge' build argument 'cmake_clean_cache' from command line to 'False'
[4.446s] Level 5:colcon.colcon_core.verb:set package 'mqtt_ros2_bridge' build argument 'cmake_clean_first' from command line to 'False'
[4.446s] Level 5:colcon.colcon_core.verb:set package 'mqtt_ros2_bridge' build argument 'cmake_force_configure' from command line to 'False'
[4.446s] Level 5:colcon.colcon_core.verb:set package 'mqtt_ros2_bridge' build argument 'ament_cmake_args' from command line to 'None'
[4.447s] Level 5:colcon.colcon_core.verb:set package 'mqtt_ros2_bridge' build argument 'catkin_cmake_args' from command line to 'None'
[4.447s] Level 5:colcon.colcon_core.verb:set package 'mqtt_ros2_bridge' build argument 'catkin_skip_building_tests' from command line to 'False'
[4.447s] DEBUG:colcon.colcon_core.verb:Building package 'mqtt_ros2_bridge' with the following arguments: {'ament_cmake_args': None, 'build_base': '/home/sagre/SmartStationNew/ros2_ws/build/mqtt_ros2_bridge', 'catkin_cmake_args': None, 'catkin_skip_building_tests': False, 'cmake_args': None, 'cmake_clean_cache': False, 'cmake_clean_first': False, 'cmake_force_configure': False, 'cmake_target': None, 'cmake_target_skip_unavailable': False, 'install_base': '/home/sagre/SmartStationNew/ros2_ws/install/mqtt_ros2_bridge', 'merge_install': False, 'path': '/home/sagre/SmartStationNew/ros2_ws/src/mqtt_ros2_bridge', 'symlink_install': False, 'test_result_base': None}
[4.449s] Level 5:colcon.colcon_core.verb:set package 'station_orchestrator' build argument 'cmake_args' from command line to 'None'
[4.449s] Level 5:colcon.colcon_core.verb:set package 'station_orchestrator' build argument 'cmake_target' from command line to 'None'
[4.449s] Level 5:colcon.colcon_core.verb:set package 'station_orchestrator' build argument 'cmake_target_skip_unavailable' from command line to 'False'
[4.449s] Level 5:colcon.colcon_core.verb:set package 'station_orchestrator' build argument 'cmake_clean_cache' from command line to 'False'
[4.449s] Level 5:colcon.colcon_core.verb:set package 'station_orchestrator' build argument 'cmake_clean_first' from command line to 'False'
[4.449s] Level 5:colcon.colcon_core.verb:set package 'station_orchestrator' build argument 'cmake_force_configure' from command line to 'False'
[4.449s] Level 5:colcon.colcon_core.verb:set package 'station_orchestrator' build argument 'ament_cmake_args' from command line to 'None'
[4.450s] Level 5:colcon.colcon_core.verb:set package 'station_orchestrator' build argument 'catkin_cmake_args' from command line to 'None'
[4.450s] Level 5:colcon.colcon_core.verb:set package 'station_orchestrator' build argument 'catkin_skip_building_tests' from command line to 'False'
[4.450s] DEBUG:colcon.colcon_core.verb:Building package 'station_orchestrator' with the following arguments: {'ament_cmake_args': None, 'build_base': '/home/sagre/SmartStationNew/ros2_ws/build/station_orchestrator', 'catkin_cmake_args': None, 'catkin_skip_building_tests': False, 'cmake_args': None, 'cmake_clean_cache': False, 'cmake_clean_first': False, 'cmake_force_configure': False, 'cmake_target': None, 'cmake_target_skip_unavailable': False, 'install_base': '/home/sagre/SmartStationNew/ros2_ws/install/station_orchestrator', 'merge_install': False, 'path': '/home/sagre/SmartStationNew/ros2_ws/src/station_orchestrator', 'symlink_install': False, 'test_result_base': None}
[4.452s] Level 5:colcon.colcon_core.verb:set package 'station_web_gui' build argument 'cmake_args' from command line to 'None'
[4.452s] Level 5:colcon.colcon_core.verb:set package 'station_web_gui' build argument 'cmake_target' from command line to 'None'
[4.452s] Level 5:colcon.colcon_core.verb:set package 'station_web_gui' build argument 'cmake_target_skip_unavailable' from command line to 'False'
[4.452s] Level 5:colcon.colcon_core.verb:set package 'station_web_gui' build argument 'cmake_clean_cache' from command line to 'False'
[4.452s] Level 5:colcon.colcon_core.verb:set package 'station_web_gui' build argument 'cmake_clean_first' from command line to 'False'
[4.453s] Level 5:colcon.colcon_core.verb:set package 'station_web_gui' build argument 'cmake_force_configure' from command line to 'False'
[4.453s] Level 5:colcon.colcon_core.verb:set package 'station_web_gui' build argument 'ament_cmake_args' from command line to 'None'
[4.453s] Level 5:colcon.colcon_core.verb:set package 'station_web_gui' build argument 'catkin_cmake_args' from command line to 'None'
[4.453s] Level 5:colcon.colcon_core.verb:set package 'station_web_gui' build argument 'catkin_skip_building_tests' from command line to 'False'
[4.453s] DEBUG:colcon.colcon_core.verb:Building package 'station_web_gui' with the following arguments: {'ament_cmake_args': None, 'build_base': '/home/sagre/SmartStationNew/ros2_ws/build/station_web_gui', 'catkin_cmake_args': None, 'catkin_skip_building_tests': False, 'cmake_args': None, 'cmake_clean_cache': False, 'cmake_clean_first': False, 'cmake_force_configure': False, 'cmake_target': None, 'cmake_target_skip_unavailable': False, 'install_base': '/home/sagre/SmartStationNew/ros2_ws/install/station_web_gui', 'merge_install': False, 'path': '/home/sagre/SmartStationNew/ros2_ws/src/station_web_gui', 'symlink_install': False, 'test_result_base': None}
[4.454s] INFO:colcon.colcon_core.executor:Executing jobs using 'parallel' executor
[4.458s] DEBUG:colcon.colcon_parallel_executor.executor.parallel:run_until_complete
[4.459s] INFO:colcon.colcon_ros.task.ament_python.build:Building ROS package in '/home/sagre/SmartStationNew/ros2_ws/src/mqtt_ros2_bridge' with build type 'ament_python'
[4.459s] Level 1:colcon.colcon_core.shell:create_environment_hook('mqtt_ros2_bridge', 'ament_prefix_path')
[4.473s] INFO:colcon.colcon_core.plugin_system:Skipping extension 'colcon_core.shell.bat': Not used on non-Windows systems
[4.475s] INFO:colcon.colcon_core.shell:Creating environment hook '/home/sagre/SmartStationNew/ros2_ws/install/mqtt_ros2_bridge/share/mqtt_ros2_bridge/hook/ament_prefix_path.ps1'
[4.479s] INFO:colcon.colcon_core.shell:Creating environment descriptor '/home/sagre/SmartStationNew/ros2_ws/install/mqtt_ros2_bridge/share/mqtt_ros2_bridge/hook/ament_prefix_path.dsv'
[4.482s] INFO:colcon.colcon_core.shell:Creating environment hook '/home/sagre/SmartStationNew/ros2_ws/install/mqtt_ros2_bridge/share/mqtt_ros2_bridge/hook/ament_prefix_path.sh'
[4.487s] INFO:colcon.colcon_core.shell:Skip shell extension 'powershell' for command environment: Not usable outside of PowerShell
[4.487s] DEBUG:colcon.colcon_core.shell:Skip shell extension 'dsv' for command environment
[4.542s] INFO:colcon.colcon_ros.task.ament_python.build:Building ROS package in '/home/sagre/SmartStationNew/ros2_ws/src/station_orchestrator' with build type 'ament_python'
[4.543s] Level 1:colcon.colcon_core.shell:create_environment_hook('station_orchestrator', 'ament_prefix_path')
[4.544s] INFO:colcon.colcon_core.shell:Creating environment hook '/home/sagre/SmartStationNew/ros2_ws/install/station_orchestrator/share/station_orchestrator/hook/ament_prefix_path.ps1'
[4.548s] INFO:colcon.colcon_core.shell:Creating environment descriptor '/home/sagre/SmartStationNew/ros2_ws/install/station_orchestrator/share/station_orchestrator/hook/ament_prefix_path.dsv'
[4.550s] INFO:colcon.colcon_core.shell:Creating environment hook '/home/sagre/SmartStationNew/ros2_ws/install/station_orchestrator/share/station_orchestrator/hook/ament_prefix_path.sh'
[4.554s] INFO:colcon.colcon_core.shell:Skip shell extension 'powershell' for command environment: Not usable outside of PowerShell
[4.554s] DEBUG:colcon.colcon_core.shell:Skip shell extension 'dsv' for command environment
[4.624s] INFO:colcon.colcon_ros.task.ament_python.build:Building ROS package in '/home/sagre/SmartStationNew/ros2_ws/src/station_web_gui' with build type 'ament_python'
[4.624s] Level 1:colcon.colcon_core.shell:create_environment_hook('station_web_gui', 'ament_prefix_path')
[4.626s] INFO:colcon.colcon_core.shell:Creating environment hook '/home/sagre/SmartStationNew/ros2_ws/install/station_web_gui/share/station_web_gui/hook/ament_prefix_path.ps1'
[4.629s] INFO:colcon.colcon_core.shell:Creating environment descriptor '/home/sagre/SmartStationNew/ros2_ws/install/station_web_gui/share/station_web_gui/hook/ament_prefix_path.dsv'
[4.631s] INFO:colcon.colcon_core.shell:Creating environment hook '/home/sagre/SmartStationNew/ros2_ws/install/station_web_gui/share/station_web_gui/hook/ament_prefix_path.sh'
[4.635s] INFO:colcon.colcon_core.shell:Skip shell extension 'powershell' for command environment: Not usable outside of PowerShell
[4.635s] DEBUG:colcon.colcon_core.shell:Skip shell extension 'dsv' for command environment
[7.285s] INFO:colcon.colcon_core.task.python.build:Building Python package in '/home/sagre/SmartStationNew/ros2_ws/src/mqtt_ros2_bridge'
[7.286s] INFO:colcon.colcon_core.shell:Skip shell extension 'powershell' for command environment: Not usable outside of PowerShell
[7.286s] DEBUG:colcon.colcon_core.shell:Skip shell extension 'dsv' for command environment
[9.455s] INFO:colcon.colcon_core.task.python.build:Building Python package in '/home/sagre/SmartStationNew/ros2_ws/src/station_orchestrator'
[9.456s] INFO:colcon.colcon_core.shell:Skip shell extension 'powershell' for command environment: Not usable outside of PowerShell
[9.456s] DEBUG:colcon.colcon_core.shell:Skip shell extension 'dsv' for command environment
[11.269s] INFO:colcon.colcon_core.task.python.build:Building Python package in '/home/sagre/SmartStationNew/ros2_ws/src/station_web_gui'
[11.270s] INFO:colcon.colcon_core.shell:Skip shell extension 'powershell' for command environment: Not usable outside of PowerShell
[11.270s] DEBUG:colcon.colcon_core.shell:Skip shell extension 'dsv' for command environment
[15.288s] DEBUG:colcon.colcon_core.event_handler.log_command:Invoking command in '/home/sagre/SmartStationNew/ros2_ws/src/mqtt_ros2_bridge': PYTHONPATH=/home/sagre/SmartStationNew/ros2_ws/build/mqtt_ros2_bridge/prefix_override:/usr/lib/python3/dist-packages/colcon_core/task/python/colcon_distutils_commands:/home/sagre/SmartStationNew/ros2_ws/install/mqtt_ros2_bridge/lib/python3.10/site-packages:${PYTHONPATH} /usr/bin/python3 -W ignore:setup.py install is deprecated -W ignore:easy_install command is deprecated setup.py egg_info --egg-base ../../build/mqtt_ros2_bridge build --build-base /home/sagre/SmartStationNew/ros2_ws/build/mqtt_ros2_bridge/build install --record /home/sagre/SmartStationNew/ros2_ws/build/mqtt_ros2_bridge/install.log --single-version-externally-managed install_data
[15.819s] DEBUG:colcon.colcon_core.event_handler.log_command:Invoking command in '/home/sagre/SmartStationNew/ros2_ws/src/station_orchestrator': PYTHONPATH=/home/sagre/SmartStationNew/ros2_ws/build/station_orchestrator/prefix_override:/usr/lib/python3/dist-packages/colcon_core/task/python/colcon_distutils_commands:/home/sagre/SmartStationNew/ros2_ws/install/station_orchestrator/lib/python3.10/site-packages:${PYTHONPATH} /usr/bin/python3 -W ignore:setup.py install is deprecated -W ignore:easy_install command is deprecated setup.py egg_info --egg-base ../../build/station_orchestrator build --build-base /home/sagre/SmartStationNew/ros2_ws/build/station_orchestrator/build install --record /home/sagre/SmartStationNew/ros2_ws/build/station_orchestrator/install.log --single-version-externally-managed install_data
[16.639s] DEBUG:colcon.colcon_core.event_handler.log_command:Invoking command in '/home/sagre/SmartStationNew/ros2_ws/src/station_web_gui': PYTHONPATH=/home/sagre/SmartStationNew/ros2_ws/build/station_web_gui/prefix_override:/usr/lib/python3/dist-packages/colcon_core/task/python/colcon_distutils_commands:/home/sagre/SmartStationNew/ros2_ws/install/station_web_gui/lib/python3.10/site-packages:${PYTHONPATH} /usr/bin/python3 -W ignore:setup.py install is deprecated -W ignore:easy_install command is deprecated setup.py egg_info --egg-base ../../build/station_web_gui build --build-base /home/sagre/SmartStationNew/ros2_ws/build/station_web_gui/build install --record /home/sagre/SmartStationNew/ros2_ws/build/station_web_gui/install.log --single-version-externally-managed install_data
[17.792s] DEBUG:colcon.colcon_core.event_handler.log_command:Invoked command in '/home/sagre/SmartStationNew/ros2_ws/src/mqtt_ros2_bridge' returned '0': PYTHONPATH=/home/sagre/SmartStationNew/ros2_ws/build/mqtt_ros2_bridge/prefix_override:/usr/lib/python3/dist-packages/colcon_core/task/python/colcon_distutils_commands:/home/sagre/SmartStationNew/ros2_ws/install/mqtt_ros2_bridge/lib/python3.10/site-packages:${PYTHONPATH} /usr/bin/python3 -W ignore:setup.py install is deprecated -W ignore:easy_install command is deprecated setup.py egg_info --egg-base ../../build/mqtt_ros2_bridge build --build-base /home/sagre/SmartStationNew/ros2_ws/build/mqtt_ros2_bridge/build install --record /home/sagre/SmartStationNew/ros2_ws/build/mqtt_ros2_bridge/install.log --single-version-externally-managed install_data
[17.796s] Level 1:colcon.colcon_core.environment:checking '/home/sagre/SmartStationNew/ros2_ws/install/mqtt_ros2_bridge' for CMake module files
[17.800s] Level 1:colcon.colcon_core.environment:checking '/home/sagre/SmartStationNew/ros2_ws/install/mqtt_ros2_bridge' for CMake config files
[17.806s] Level 1:colcon.colcon_core.shell:create_environment_hook('mqtt_ros2_bridge', 'cmake_prefix_path')
[17.808s] INFO:colcon.colcon_core.shell:Creating environment hook '/home/sagre/SmartStationNew/ros2_ws/install/mqtt_ros2_bridge/share/mqtt_ros2_bridge/hook/cmake_prefix_path.ps1'
[17.810s] INFO:colcon.colcon_core.shell:Creating environment descriptor '/home/sagre/SmartStationNew/ros2_ws/install/mqtt_ros2_bridge/share/mqtt_ros2_bridge/hook/cmake_prefix_path.dsv'
[17.813s] INFO:colcon.colcon_core.shell:Creating environment hook '/home/sagre/SmartStationNew/ros2_ws/install/mqtt_ros2_bridge/share/mqtt_ros2_bridge/hook/cmake_prefix_path.sh'
[17.817s] Level 1:colcon.colcon_core.environment:checking '/home/sagre/SmartStationNew/ros2_ws/install/mqtt_ros2_bridge/lib'
[17.818s] Level 1:colcon.colcon_core.environment:checking '/home/sagre/SmartStationNew/ros2_ws/install/mqtt_ros2_bridge/bin'
[17.819s] Level 1:colcon.colcon_core.shell:create_environment_hook('mqtt_ros2_bridge', 'path')
[17.822s] INFO:colcon.colcon_core.shell:Creating environment hook '/home/sagre/SmartStationNew/ros2_ws/install/mqtt_ros2_bridge/share/mqtt_ros2_bridge/hook/path.ps1'
[17.827s] INFO:colcon.colcon_core.shell:Creating environment descriptor '/home/sagre/SmartStationNew/ros2_ws/install/mqtt_ros2_bridge/share/mqtt_ros2_bridge/hook/path.dsv'
[17.830s] INFO:colcon.colcon_core.shell:Creating environment hook '/home/sagre/SmartStationNew/ros2_ws/install/mqtt_ros2_bridge/share/mqtt_ros2_bridge/hook/path.sh'
[17.832s] Level 1:colcon.colcon_core.environment:checking '/home/sagre/SmartStationNew/ros2_ws/install/mqtt_ros2_bridge/lib/pkgconfig/mqtt_ros2_bridge.pc'
[17.834s] Level 1:colcon.colcon_core.environment:checking '/home/sagre/SmartStationNew/ros2_ws/install/mqtt_ros2_bridge/lib/python3.10/site-packages'
[17.835s] Level 1:colcon.colcon_core.shell:create_environment_hook('mqtt_ros2_bridge', 'pythonpath')
[17.836s] INFO:colcon.colcon_core.shell:Creating environment hook '/home/sagre/SmartStationNew/ros2_ws/install/mqtt_ros2_bridge/share/mqtt_ros2_bridge/hook/pythonpath.ps1'
[17.839s] INFO:colcon.colcon_core.shell:Creating environment descriptor '/home/sagre/SmartStationNew/ros2_ws/install/mqtt_ros2_bridge/share/mqtt_ros2_bridge/hook/pythonpath.dsv'
[17.841s] INFO:colcon.colcon_core.shell:Creating environment hook '/home/sagre/SmartStationNew/ros2_ws/install/mqtt_ros2_bridge/share/mqtt_ros2_bridge/hook/pythonpath.sh'
[17.846s] Level 1:colcon.colcon_core.environment:checking '/home/sagre/SmartStationNew/ros2_ws/install/mqtt_ros2_bridge/bin'
[17.847s] Level 1:colcon.colcon_core.shell:create_environment_hook('mqtt_ros2_bridge', 'pythonscriptspath')
[17.849s] INFO:colcon.colcon_core.shell:Creating environment hook '/home/sagre/SmartStationNew/ros2_ws/install/mqtt_ros2_bridge/share/mqtt_ros2_bridge/hook/pythonscriptspath.ps1'
[17.855s] INFO:colcon.colcon_core.shell:Creating environment descriptor '/home/sagre/SmartStationNew/ros2_ws/install/mqtt_ros2_bridge/share/mqtt_ros2_bridge/hook/pythonscriptspath.dsv'
[17.861s] INFO:colcon.colcon_core.shell:Creating environment hook '/home/sagre/SmartStationNew/ros2_ws/install/mqtt_ros2_bridge/share/mqtt_ros2_bridge/hook/pythonscriptspath.sh'
[17.865s] Level 1:colcon.colcon_core.environment:create_environment_scripts_only(mqtt_ros2_bridge)
[17.868s] INFO:colcon.colcon_core.shell:Creating package script '/home/sagre/SmartStationNew/ros2_ws/install/mqtt_ros2_bridge/share/mqtt_ros2_bridge/package.ps1'
[17.877s] INFO:colcon.colcon_core.shell:Creating package descriptor '/home/sagre/SmartStationNew/ros2_ws/install/mqtt_ros2_bridge/share/mqtt_ros2_bridge/package.dsv'
[17.882s] INFO:colcon.colcon_core.shell:Creating package script '/home/sagre/SmartStationNew/ros2_ws/install/mqtt_ros2_bridge/share/mqtt_ros2_bridge/package.sh'
[17.890s] INFO:colcon.colcon_core.shell:Creating package script '/home/sagre/SmartStationNew/ros2_ws/install/mqtt_ros2_bridge/share/mqtt_ros2_bridge/package.bash'
[17.897s] INFO:colcon.colcon_core.shell:Creating package script '/home/sagre/SmartStationNew/ros2_ws/install/mqtt_ros2_bridge/share/mqtt_ros2_bridge/package.zsh'
[17.902s] Level 1:colcon.colcon_core.environment:create_file_with_runtime_dependencies(/home/sagre/SmartStationNew/ros2_ws/install/mqtt_ros2_bridge/share/colcon-core/packages/mqtt_ros2_bridge)
[17.990s] Level 1:colcon.colcon_core.environment:checking '/home/sagre/SmartStationNew/ros2_ws/install/station_orchestrator' for CMake module files
[17.992s] DEBUG:colcon.colcon_core.event_handler.log_command:Invoked command in '/home/sagre/SmartStationNew/ros2_ws/src/station_orchestrator' returned '0': PYTHONPATH=/home/sagre/SmartStationNew/ros2_ws/build/station_orchestrator/prefix_override:/usr/lib/python3/dist-packages/colcon_core/task/python/colcon_distutils_commands:/home/sagre/SmartStationNew/ros2_ws/install/station_orchestrator/lib/python3.10/site-packages:${PYTHONPATH} /usr/bin/python3 -W ignore:setup.py install is deprecated -W ignore:easy_install command is deprecated setup.py egg_info --egg-base ../../build/station_orchestrator build --build-base /home/sagre/SmartStationNew/ros2_ws/build/station_orchestrator/build install --record /home/sagre/SmartStationNew/ros2_ws/build/station_orchestrator/install.log --single-version-externally-managed install_data
[17.995s] Level 1:colcon.colcon_core.environment:checking '/home/sagre/SmartStationNew/ros2_ws/install/station_orchestrator' for CMake config files
[17.999s] Level 1:colcon.colcon_core.environment:checking '/home/sagre/SmartStationNew/ros2_ws/install/station_orchestrator/lib'
[18.000s] Level 1:colcon.colcon_core.environment:checking '/home/sagre/SmartStationNew/ros2_ws/install/station_orchestrator/bin'
[18.000s] Level 1:colcon.colcon_core.shell:create_environment_hook('station_orchestrator', 'path')
[18.001s] INFO:colcon.colcon_core.shell:Creating environment hook '/home/sagre/SmartStationNew/ros2_ws/install/station_orchestrator/share/station_orchestrator/hook/path.ps1'
[18.003s] INFO:colcon.colcon_core.shell:Creating environment descriptor '/home/sagre/SmartStationNew/ros2_ws/install/station_orchestrator/share/station_orchestrator/hook/path.dsv'
[18.006s] INFO:colcon.colcon_core.shell:Creating environment hook '/home/sagre/SmartStationNew/ros2_ws/install/station_orchestrator/share/station_orchestrator/hook/path.sh'
[18.008s] Level 1:colcon.colcon_core.environment:checking '/home/sagre/SmartStationNew/ros2_ws/install/station_orchestrator/lib/pkgconfig/station_orchestrator.pc'
[18.010s] Level 1:colcon.colcon_core.environment:checking '/home/sagre/SmartStationNew/ros2_ws/install/station_orchestrator/lib/python3.10/site-packages'
[18.010s] Level 1:colcon.colcon_core.shell:create_environment_hook('station_orchestrator', 'pythonpath')
[18.011s] INFO:colcon.colcon_core.shell:Creating environment hook '/home/sagre/SmartStationNew/ros2_ws/install/station_orchestrator/share/station_orchestrator/hook/pythonpath.ps1'
[18.013s] INFO:colcon.colcon_core.shell:Creating environment descriptor '/home/sagre/SmartStationNew/ros2_ws/install/station_orchestrator/share/station_orchestrator/hook/pythonpath.dsv'
[18.016s] INFO:colcon.colcon_core.shell:Creating environment hook '/home/sagre/SmartStationNew/ros2_ws/install/station_orchestrator/share/station_orchestrator/hook/pythonpath.sh'
[18.019s] Level 1:colcon.colcon_core.environment:checking '/home/sagre/SmartStationNew/ros2_ws/install/station_orchestrator/bin'
[18.020s] Level 1:colcon.colcon_core.shell:create_environment_hook('station_orchestrator', 'pythonscriptspath')
[18.021s] INFO:colcon.colcon_core.shell:Creating environment hook '/home/sagre/SmartStationNew/ros2_ws/install/station_orchestrator/share/station_orchestrator/hook/pythonscriptspath.ps1'
[18.023s] INFO:colcon.colcon_core.shell:Creating environment descriptor '/home/sagre/SmartStationNew/ros2_ws/install/station_orchestrator/share/station_orchestrator/hook/pythonscriptspath.dsv'
[18.025s] INFO:colcon.colcon_core.shell:Creating environment hook '/home/sagre/SmartStationNew/ros2_ws/install/station_orchestrator/share/station_orchestrator/hook/pythonscriptspath.sh'
[18.028s] Level 1:colcon.colcon_core.environment:create_environment_scripts_only(station_orchestrator)
[18.030s] INFO:colcon.colcon_core.shell:Creating package script '/home/sagre/SmartStationNew/ros2_ws/install/station_orchestrator/share/station_orchestrator/package.ps1'
[18.033s] INFO:colcon.colcon_core.shell:Creating package descriptor '/home/sagre/SmartStationNew/ros2_ws/install/station_orchestrator/share/station_orchestrator/package.dsv'
[18.036s] INFO:colcon.colcon_core.shell:Creating package script '/home/sagre/SmartStationNew/ros2_ws/install/station_orchestrator/share/station_orchestrator/package.sh'
[18.039s] INFO:colcon.colcon_core.shell:Creating package script '/home/sagre/SmartStationNew/ros2_ws/install/station_orchestrator/share/station_orchestrator/package.bash'
[18.041s] INFO:colcon.colcon_core.shell:Creating package script '/home/sagre/SmartStationNew/ros2_ws/install/station_orchestrator/share/station_orchestrator/package.zsh'
[18.043s] Level 1:colcon.colcon_core.environment:create_file_with_runtime_dependencies(/home/sagre/SmartStationNew/ros2_ws/install/station_orchestrator/share/colcon-core/packages/station_orchestrator)
[18.670s] Level 1:colcon.colcon_core.environment:checking '/home/sagre/SmartStationNew/ros2_ws/install/station_web_gui' for CMake module files
[18.672s] DEBUG:colcon.colcon_core.event_handler.log_command:Invoked command in '/home/sagre/SmartStationNew/ros2_ws/src/station_web_gui' returned '0': PYTHONPATH=/home/sagre/SmartStationNew/ros2_ws/build/station_web_gui/prefix_override:/usr/lib/python3/dist-packages/colcon_core/task/python/colcon_distutils_commands:/home/sagre/SmartStationNew/ros2_ws/install/station_web_gui/lib/python3.10/site-packages:${PYTHONPATH} /usr/bin/python3 -W ignore:setup.py install is deprecated -W ignore:easy_install command is deprecated setup.py egg_info --egg-base ../../build/station_web_gui build --build-base /home/sagre/SmartStationNew/ros2_ws/build/station_web_gui/build install --record /home/sagre/SmartStationNew/ros2_ws/build/station_web_gui/install.log --single-version-externally-managed install_data
[18.675s] Level 1:colcon.colcon_core.environment:checking '/home/sagre/SmartStationNew/ros2_ws/install/station_web_gui' for CMake config files
[18.680s] Level 1:colcon.colcon_core.environment:checking '/home/sagre/SmartStationNew/ros2_ws/install/station_web_gui/lib'
[18.681s] Level 1:colcon.colcon_core.environment:checking '/home/sagre/SmartStationNew/ros2_ws/install/station_web_gui/bin'
[18.681s] Level 1:colcon.colcon_core.shell:create_environment_hook('station_web_gui', 'path')
[18.682s] INFO:colcon.colcon_core.shell:Creating environment hook '/home/sagre/SmartStationNew/ros2_ws/install/station_web_gui/share/station_web_gui/hook/path.ps1'
[18.685s] INFO:colcon.colcon_core.shell:Creating environment descriptor '/home/sagre/SmartStationNew/ros2_ws/install/station_web_gui/share/station_web_gui/hook/path.dsv'
[18.687s] INFO:colcon.colcon_core.shell:Creating environment hook '/home/sagre/SmartStationNew/ros2_ws/install/station_web_gui/share/station_web_gui/hook/path.sh'
[18.690s] Level 1:colcon.colcon_core.environment:checking '/home/sagre/SmartStationNew/ros2_ws/install/station_web_gui/lib/pkgconfig/station_web_gui.pc'
[18.691s] Level 1:colcon.colcon_core.environment:checking '/home/sagre/SmartStationNew/ros2_ws/install/station_web_gui/lib/python3.10/site-packages'
[18.692s] Level 1:colcon.colcon_core.shell:create_environment_hook('station_web_gui', 'pythonpath')
[18.693s] INFO:colcon.colcon_core.shell:Creating environment hook '/home/sagre/SmartStationNew/ros2_ws/install/station_web_gui/share/station_web_gui/hook/pythonpath.ps1'
[18.695s] INFO:colcon.colcon_core.shell:Creating environment descriptor '/home/sagre/SmartStationNew/ros2_ws/install/station_web_gui/share/station_web_gui/hook/pythonpath.dsv'
[18.697s] INFO:colcon.colcon_core.shell:Creating environment hook '/home/sagre/SmartStationNew/ros2_ws/install/station_web_gui/share/station_web_gui/hook/pythonpath.sh'
[18.701s] Level 1:colcon.colcon_core.environment:checking '/home/sagre/SmartStationNew/ros2_ws/install/station_web_gui/bin'
[18.701s] Level 1:colcon.colcon_core.shell:create_environment_hook('station_web_gui', 'pythonscriptspath')
[18.702s] INFO:colcon.colcon_core.shell:Creating environment hook '/home/sagre/SmartStationNew/ros2_ws/install/station_web_gui/share/station_web_gui/hook/pythonscriptspath.ps1'
[18.704s] INFO:colcon.colcon_core.shell:Creating environment descriptor '/home/sagre/SmartStationNew/ros2_ws/install/station_web_gui/share/station_web_gui/hook/pythonscriptspath.dsv'
[18.707s] INFO:colcon.colcon_core.shell:Creating environment hook '/home/sagre/SmartStationNew/ros2_ws/install/station_web_gui/share/station_web_gui/hook/pythonscriptspath.sh'
[18.710s] Level 1:colcon.colcon_core.environment:create_environment_scripts_only(station_web_gui)
[18.712s] INFO:colcon.colcon_core.shell:Creating package script '/home/sagre/SmartStationNew/ros2_ws/install/station_web_gui/share/station_web_gui/package.ps1'
[18.715s] INFO:colcon.colcon_core.shell:Creating package descriptor '/home/sagre/SmartStationNew/ros2_ws/install/station_web_gui/share/station_web_gui/package.dsv'
[18.718s] INFO:colcon.colcon_core.shell:Creating package script '/home/sagre/SmartStationNew/ros2_ws/install/station_web_gui/share/station_web_gui/package.sh'
[18.721s] INFO:colcon.colcon_core.shell:Creating package script '/home/sagre/SmartStationNew/ros2_ws/install/station_web_gui/share/station_web_gui/package.bash'
[18.724s] INFO:colcon.colcon_core.shell:Creating package script '/home/sagre/SmartStationNew/ros2_ws/install/station_web_gui/share/station_web_gui/package.zsh'
[18.727s] Level 1:colcon.colcon_core.environment:create_file_with_runtime_dependencies(/home/sagre/SmartStationNew/ros2_ws/install/station_web_gui/share/colcon-core/packages/station_web_gui)
[18.728s] DEBUG:colcon.colcon_parallel_executor.executor.parallel:closing loop
[18.730s] DEBUG:colcon.colcon_parallel_executor.executor.parallel:loop closed
[18.730s] DEBUG:colcon.colcon_parallel_executor.executor.parallel:run_until_complete finished with '0'
[18.731s] DEBUG:colcon.colcon_core.event_reactor:joining thread
[18.756s] INFO:colcon.colcon_core.plugin_system:Skipping extension 'colcon_notification.desktop_notification.terminal_notifier': Not used on non-Darwin systems
[18.756s] INFO:colcon.colcon_core.plugin_system:Skipping extension 'colcon_notification.desktop_notification.win32': Not used on non-Windows systems
[18.756s] INFO:colcon.colcon_notification.desktop_notification:Sending desktop notification using 'notify2'
[18.760s] DEBUG:colcon.colcon_notification.desktop_notification.notify2:Failed to initialize notify2: org.freedesktop.DBus.Error.ServiceUnknown: The name org.freedesktop.Notifications was not provided by any .service files
[18.760s] DEBUG:colcon.colcon_core.event_reactor:joined thread
[18.761s] INFO:colcon.colcon_core.shell:Creating prefix script '/home/sagre/SmartStationNew/ros2_ws/install/local_setup.ps1'
[18.765s] INFO:colcon.colcon_core.shell:Creating prefix util module '/home/sagre/SmartStationNew/ros2_ws/install/_local_setup_util_ps1.py'
[18.774s] INFO:colcon.colcon_core.shell:Creating prefix chain script '/home/sagre/SmartStationNew/ros2_ws/install/setup.ps1'
[18.781s] INFO:colcon.colcon_core.shell:Creating prefix script '/home/sagre/SmartStationNew/ros2_ws/install/local_setup.sh'
[18.784s] INFO:colcon.colcon_core.shell:Creating prefix util module '/home/sagre/SmartStationNew/ros2_ws/install/_local_setup_util_sh.py'
[18.787s] INFO:colcon.colcon_core.shell:Creating prefix chain script '/home/sagre/SmartStationNew/ros2_ws/install/setup.sh'
[18.793s] INFO:colcon.colcon_core.shell:Creating prefix script '/home/sagre/SmartStationNew/ros2_ws/install/local_setup.bash'
[18.795s] INFO:colcon.colcon_core.shell:Creating prefix chain script '/home/sagre/SmartStationNew/ros2_ws/install/setup.bash'
[18.801s] INFO:colcon.colcon_core.shell:Creating prefix script '/home/sagre/SmartStationNew/ros2_ws/install/local_setup.zsh'
[18.804s] INFO:colcon.colcon_core.shell:Creating prefix chain script '/home/sagre/SmartStationNew/ros2_ws/install/setup.zsh'
