[8.434s] Invoking command in '/home/sagre/SmartStationNew/ros2_ws/src/mqtt_ros2_bridge': PYTHONPATH=/home/sagre/SmartStationNew/ros2_ws/build/mqtt_ros2_bridge/prefix_override:/usr/lib/python3/dist-packages/colcon_core/task/python/colcon_distutils_commands:/home/sagre/SmartStationNew/ros2_ws/install/mqtt_ros2_bridge/lib/python3.10/site-packages:${PYTHONPATH} /usr/bin/python3 -W ignore:setup.py install is deprecated -W ignore:easy_install command is deprecated setup.py egg_info --egg-base ../../build/mqtt_ros2_bridge build --build-base /home/sagre/SmartStationNew/ros2_ws/build/mqtt_ros2_bridge/build install --record /home/sagre/SmartStationNew/ros2_ws/build/mqtt_ros2_bridge/install.log --single-version-externally-managed install_data
[10.503s] running egg_info
[10.511s] writing ../../build/mqtt_ros2_bridge/mqtt_ros2_bridge.egg-info/PKG-INFO
[10.514s] writing dependency_links to ../../build/mqtt_ros2_bridge/mqtt_ros2_bridge.egg-info/dependency_links.txt
[10.517s] writing entry points to ../../build/mqtt_ros2_bridge/mqtt_ros2_bridge.egg-info/entry_points.txt
[10.521s] writing requirements to ../../build/mqtt_ros2_bridge/mqtt_ros2_bridge.egg-info/requires.txt
[10.522s] writing top-level names to ../../build/mqtt_ros2_bridge/mqtt_ros2_bridge.egg-info/top_level.txt
[10.541s] reading manifest file '../../build/mqtt_ros2_bridge/mqtt_ros2_bridge.egg-info/SOURCES.txt'
[10.554s] writing manifest file '../../build/mqtt_ros2_bridge/mqtt_ros2_bridge.egg-info/SOURCES.txt'
[10.556s] running build
[10.557s] running build_py
[10.559s] running install
[10.561s] running install_lib
[10.570s] running install_data
[10.572s] running install_egg_info
[10.587s] removing '/home/sagre/SmartStationNew/ros2_ws/install/mqtt_ros2_bridge/lib/python3.10/site-packages/mqtt_ros2_bridge-0.1.0-py3.10.egg-info' (and everything under it)
[10.591s] Copying ../../build/mqtt_ros2_bridge/mqtt_ros2_bridge.egg-info to /home/sagre/SmartStationNew/ros2_ws/install/mqtt_ros2_bridge/lib/python3.10/site-packages/mqtt_ros2_bridge-0.1.0-py3.10.egg-info
[10.604s] running install_scripts
[10.713s] Installing mqtt_ros2_bridge script to /home/sagre/SmartStationNew/ros2_ws/install/mqtt_ros2_bridge/bin
[10.719s] writing list of installed files to '/home/sagre/SmartStationNew/ros2_ws/build/mqtt_ros2_bridge/install.log'
[10.846s] Invoked command in '/home/sagre/SmartStationNew/ros2_ws/src/mqtt_ros2_bridge' returned '0': PYTHONPATH=/home/sagre/SmartStationNew/ros2_ws/build/mqtt_ros2_bridge/prefix_override:/usr/lib/python3/dist-packages/colcon_core/task/python/colcon_distutils_commands:/home/sagre/SmartStationNew/ros2_ws/install/mqtt_ros2_bridge/lib/python3.10/site-packages:${PYTHONPATH} /usr/bin/python3 -W ignore:setup.py install is deprecated -W ignore:easy_install command is deprecated setup.py egg_info --egg-base ../../build/mqtt_ros2_bridge build --build-base /home/sagre/SmartStationNew/ros2_ws/build/mqtt_ros2_bridge/build install --record /home/sagre/SmartStationNew/ros2_ws/build/mqtt_ros2_bridge/install.log --single-version-externally-managed install_data
