[0.599s] DEBUG:colcon:Command line arguments: ['/usr/bin/colcon', 'build']
[0.599s] DEBUG:colcon:Parsed command line arguments: Namespace(log_base=None, log_level=None, verb_name='build', build_base='build', install_base='install', merge_install=False, symlink_install=False, test_result_base=None, continue_on_error=False, executor='parallel', parallel_workers=4, event_handlers=None, ignore_user_meta=False, metas=['./colcon.meta'], base_paths=['.'], packages_ignore=None, packages_ignore_regex=None, paths=None, packages_up_to=None, packages_up_to_regex=None, packages_above=None, packages_above_and_dependencies=None, packages_above_depth=None, packages_select_by_dep=None, packages_skip_by_dep=None, packages_skip_up_to=None, packages_select_build_failed=False, packages_skip_build_finished=False, packages_select_test_failures=False, packages_skip_test_passed=False, packages_select=None, packages_skip=None, packages_select_regex=None, packages_skip_regex=None, packages_start=None, packages_end=None, allow_overriding=[], cmake_args=None, cmake_target=None, cmake_target_skip_unavailable=False, cmake_clean_cache=False, cmake_clean_first=False, cmake_force_configure=False, ament_cmake_args=None, catkin_cmake_args=None, catkin_skip_building_tests=False, mixin_files=None, mixin=None, verb_parser=<colcon_mixin.mixin.mixin_argument.MixinArgumentDecorator object at 0xffff8c282ad0>, verb_extension=<colcon_core.verb.build.BuildVerb object at 0xffff8c41fac0>, main=<bound method BuildVerb.main of <colcon_core.verb.build.BuildVerb object at 0xffff8c41fac0>>, mixin_verb=('build',))
[1.624s] Level 1:colcon.colcon_core.package_discovery:discover_packages(colcon_meta) check parameters
[1.625s] Level 1:colcon.colcon_core.package_discovery:discover_packages(recursive) check parameters
[1.625s] Level 1:colcon.colcon_core.package_discovery:discover_packages(ignore) check parameters
[1.625s] Level 1:colcon.colcon_core.package_discovery:discover_packages(path) check parameters
[1.625s] Level 1:colcon.colcon_core.package_discovery:discover_packages(colcon_meta) discover
[1.625s] Level 1:colcon.colcon_core.package_discovery:discover_packages(recursive) discover
[1.626s] INFO:colcon.colcon_core.package_discovery:Crawling recursively for packages in '/home/sagre/SmartStationNew/ros2_ws'
[1.626s] Level 1:colcon.colcon_core.package_identification:_identify(.) by extensions ['ignore', 'ignore_ament_install']
[1.626s] Level 1:colcon.colcon_core.package_identification:_identify(.) by extension 'ignore'
[1.627s] Level 1:colcon.colcon_core.package_identification:_identify(.) by extension 'ignore_ament_install'
[1.627s] Level 1:colcon.colcon_core.package_identification:_identify(.) by extensions ['colcon_pkg']
[1.627s] Level 1:colcon.colcon_core.package_identification:_identify(.) by extension 'colcon_pkg'
[1.627s] Level 1:colcon.colcon_core.package_identification:_identify(.) by extensions ['colcon_meta']
[1.627s] Level 1:colcon.colcon_core.package_identification:_identify(.) by extension 'colcon_meta'
[1.628s] Level 1:colcon.colcon_core.package_identification:_identify(.) by extensions ['ros']
[1.628s] Level 1:colcon.colcon_core.package_identification:_identify(.) by extension 'ros'
[1.678s] Level 1:colcon.colcon_core.package_identification:_identify(.) by extensions ['cmake', 'python']
[1.678s] Level 1:colcon.colcon_core.package_identification:_identify(.) by extension 'cmake'
[1.678s] Level 1:colcon.colcon_core.package_identification:_identify(.) by extension 'python'
[1.679s] Level 1:colcon.colcon_core.package_identification:_identify(.) by extensions ['python_setup_py']
[1.679s] Level 1:colcon.colcon_core.package_identification:_identify(.) by extension 'python_setup_py'
[1.679s] Level 1:colcon.colcon_core.package_identification:_identify(build) by extensions ['ignore', 'ignore_ament_install']
[1.680s] Level 1:colcon.colcon_core.package_identification:_identify(build) by extension 'ignore'
[1.680s] Level 1:colcon.colcon_core.package_identification:_identify(build) ignored
[1.681s] Level 1:colcon.colcon_core.package_identification:_identify(config) by extensions ['ignore', 'ignore_ament_install']
[1.681s] Level 1:colcon.colcon_core.package_identification:_identify(config) by extension 'ignore'
[1.681s] Level 1:colcon.colcon_core.package_identification:_identify(config) by extension 'ignore_ament_install'
[1.682s] Level 1:colcon.colcon_core.package_identification:_identify(config) by extensions ['colcon_pkg']
[1.682s] Level 1:colcon.colcon_core.package_identification:_identify(config) by extension 'colcon_pkg'
[1.682s] Level 1:colcon.colcon_core.package_identification:_identify(config) by extensions ['colcon_meta']
[1.682s] Level 1:colcon.colcon_core.package_identification:_identify(config) by extension 'colcon_meta'
[1.682s] Level 1:colcon.colcon_core.package_identification:_identify(config) by extensions ['ros']
[1.682s] Level 1:colcon.colcon_core.package_identification:_identify(config) by extension 'ros'
[1.683s] Level 1:colcon.colcon_core.package_identification:_identify(config) by extensions ['cmake', 'python']
[1.683s] Level 1:colcon.colcon_core.package_identification:_identify(config) by extension 'cmake'
[1.683s] Level 1:colcon.colcon_core.package_identification:_identify(config) by extension 'python'
[1.683s] Level 1:colcon.colcon_core.package_identification:_identify(config) by extensions ['python_setup_py']
[1.684s] Level 1:colcon.colcon_core.package_identification:_identify(config) by extension 'python_setup_py'
[1.684s] Level 1:colcon.colcon_core.package_identification:_identify(install) by extensions ['ignore', 'ignore_ament_install']
[1.685s] Level 1:colcon.colcon_core.package_identification:_identify(install) by extension 'ignore'
[1.685s] Level 1:colcon.colcon_core.package_identification:_identify(install) ignored
[1.686s] Level 1:colcon.colcon_core.package_identification:_identify(log) by extensions ['ignore', 'ignore_ament_install']
[1.686s] Level 1:colcon.colcon_core.package_identification:_identify(log) by extension 'ignore'
[1.687s] Level 1:colcon.colcon_core.package_identification:_identify(log) ignored
[1.687s] Level 1:colcon.colcon_core.package_identification:_identify(src) by extensions ['ignore', 'ignore_ament_install']
[1.687s] Level 1:colcon.colcon_core.package_identification:_identify(src) by extension 'ignore'
[1.688s] Level 1:colcon.colcon_core.package_identification:_identify(src) by extension 'ignore_ament_install'
[1.688s] Level 1:colcon.colcon_core.package_identification:_identify(src) by extensions ['colcon_pkg']
[1.688s] Level 1:colcon.colcon_core.package_identification:_identify(src) by extension 'colcon_pkg'
[1.688s] Level 1:colcon.colcon_core.package_identification:_identify(src) by extensions ['colcon_meta']
[1.689s] Level 1:colcon.colcon_core.package_identification:_identify(src) by extension 'colcon_meta'
[1.689s] Level 1:colcon.colcon_core.package_identification:_identify(src) by extensions ['ros']
[1.689s] Level 1:colcon.colcon_core.package_identification:_identify(src) by extension 'ros'
[1.689s] Level 1:colcon.colcon_core.package_identification:_identify(src) by extensions ['cmake', 'python']
[1.689s] Level 1:colcon.colcon_core.package_identification:_identify(src) by extension 'cmake'
[1.690s] Level 1:colcon.colcon_core.package_identification:_identify(src) by extension 'python'
[1.690s] Level 1:colcon.colcon_core.package_identification:_identify(src) by extensions ['python_setup_py']
[1.690s] Level 1:colcon.colcon_core.package_identification:_identify(src) by extension 'python_setup_py'
[1.691s] Level 1:colcon.colcon_core.package_identification:_identify(src/mqtt_ros2_bridge) by extensions ['ignore', 'ignore_ament_install']
[1.691s] Level 1:colcon.colcon_core.package_identification:_identify(src/mqtt_ros2_bridge) by extension 'ignore'
[1.691s] Level 1:colcon.colcon_core.package_identification:_identify(src/mqtt_ros2_bridge) by extension 'ignore_ament_install'
[1.691s] Level 1:colcon.colcon_core.package_identification:_identify(src/mqtt_ros2_bridge) by extensions ['colcon_pkg']
[1.692s] Level 1:colcon.colcon_core.package_identification:_identify(src/mqtt_ros2_bridge) by extension 'colcon_pkg'
[1.692s] Level 1:colcon.colcon_core.package_identification:_identify(src/mqtt_ros2_bridge) by extensions ['colcon_meta']
[1.692s] Level 1:colcon.colcon_core.package_identification:_identify(src/mqtt_ros2_bridge) by extension 'colcon_meta'
[1.693s] Level 1:colcon.colcon_core.package_identification:_identify(src/mqtt_ros2_bridge) by extensions ['ros']
[1.693s] Level 1:colcon.colcon_core.package_identification:_identify(src/mqtt_ros2_bridge) by extension 'ros'
[1.703s] DEBUG:colcon.colcon_core.package_identification:Package 'src/mqtt_ros2_bridge' with type 'ros.ament_python' and name 'mqtt_ros2_bridge'
[1.704s] Level 1:colcon.colcon_core.package_identification:_identify(src/station_orchestrator) by extensions ['ignore', 'ignore_ament_install']
[1.704s] Level 1:colcon.colcon_core.package_identification:_identify(src/station_orchestrator) by extension 'ignore'
[1.704s] Level 1:colcon.colcon_core.package_identification:_identify(src/station_orchestrator) by extension 'ignore_ament_install'
[1.705s] Level 1:colcon.colcon_core.package_identification:_identify(src/station_orchestrator) by extensions ['colcon_pkg']
[1.705s] Level 1:colcon.colcon_core.package_identification:_identify(src/station_orchestrator) by extension 'colcon_pkg'
[1.705s] Level 1:colcon.colcon_core.package_identification:_identify(src/station_orchestrator) by extensions ['colcon_meta']
[1.705s] Level 1:colcon.colcon_core.package_identification:_identify(src/station_orchestrator) by extension 'colcon_meta'
[1.705s] Level 1:colcon.colcon_core.package_identification:_identify(src/station_orchestrator) by extensions ['ros']
[1.706s] Level 1:colcon.colcon_core.package_identification:_identify(src/station_orchestrator) by extension 'ros'
[1.708s] DEBUG:colcon.colcon_core.package_identification:Package 'src/station_orchestrator' with type 'ros.ament_python' and name 'station_orchestrator'
[1.709s] Level 1:colcon.colcon_core.package_identification:_identify(src/station_web_gui) by extensions ['ignore', 'ignore_ament_install']
[1.709s] Level 1:colcon.colcon_core.package_identification:_identify(src/station_web_gui) by extension 'ignore'
[1.709s] Level 1:colcon.colcon_core.package_identification:_identify(src/station_web_gui) by extension 'ignore_ament_install'
[1.710s] Level 1:colcon.colcon_core.package_identification:_identify(src/station_web_gui) by extensions ['colcon_pkg']
[1.710s] Level 1:colcon.colcon_core.package_identification:_identify(src/station_web_gui) by extension 'colcon_pkg'
[1.710s] Level 1:colcon.colcon_core.package_identification:_identify(src/station_web_gui) by extensions ['colcon_meta']
[1.710s] Level 1:colcon.colcon_core.package_identification:_identify(src/station_web_gui) by extension 'colcon_meta'
[1.710s] Level 1:colcon.colcon_core.package_identification:_identify(src/station_web_gui) by extensions ['ros']
[1.710s] Level 1:colcon.colcon_core.package_identification:_identify(src/station_web_gui) by extension 'ros'
[1.714s] DEBUG:colcon.colcon_core.package_identification:Package 'src/station_web_gui' with type 'ros.ament_python' and name 'station_web_gui'
[1.714s] Level 1:colcon.colcon_core.package_discovery:discover_packages(recursive) using defaults
[1.714s] Level 1:colcon.colcon_core.package_discovery:discover_packages(ignore) discover
[1.714s] Level 1:colcon.colcon_core.package_discovery:discover_packages(ignore) using defaults
[1.714s] Level 1:colcon.colcon_core.package_discovery:discover_packages(path) discover
[1.715s] Level 1:colcon.colcon_core.package_discovery:discover_packages(path) using defaults
[1.845s] Level 1:colcon.colcon_core.package_discovery:discover_packages(prefix_path) check parameters
[1.846s] Level 1:colcon.colcon_core.package_discovery:discover_packages(prefix_path) discover
[1.859s] DEBUG:colcon.colcon_installed_package_information.package_discovery:Found 3 installed packages in /home/sagre/SmartStationNew/ros2_ws/install
[1.871s] DEBUG:colcon.colcon_installed_package_information.package_discovery:Found 272 installed packages in /opt/ros/humble
[1.878s] Level 1:colcon.colcon_core.package_discovery:discover_packages(prefix_path) using defaults
[2.081s] Level 5:colcon.colcon_core.verb:set package 'mqtt_ros2_bridge' build argument 'cmake_args' from command line to 'None'
[2.082s] Level 5:colcon.colcon_core.verb:set package 'mqtt_ros2_bridge' build argument 'cmake_target' from command line to 'None'
[2.082s] Level 5:colcon.colcon_core.verb:set package 'mqtt_ros2_bridge' build argument 'cmake_target_skip_unavailable' from command line to 'False'
[2.082s] Level 5:colcon.colcon_core.verb:set package 'mqtt_ros2_bridge' build argument 'cmake_clean_cache' from command line to 'False'
[2.082s] Level 5:colcon.colcon_core.verb:set package 'mqtt_ros2_bridge' build argument 'cmake_clean_first' from command line to 'False'
[2.082s] Level 5:colcon.colcon_core.verb:set package 'mqtt_ros2_bridge' build argument 'cmake_force_configure' from command line to 'False'
[2.082s] Level 5:colcon.colcon_core.verb:set package 'mqtt_ros2_bridge' build argument 'ament_cmake_args' from command line to 'None'
[2.082s] Level 5:colcon.colcon_core.verb:set package 'mqtt_ros2_bridge' build argument 'catkin_cmake_args' from command line to 'None'
[2.083s] Level 5:colcon.colcon_core.verb:set package 'mqtt_ros2_bridge' build argument 'catkin_skip_building_tests' from command line to 'False'
[2.083s] DEBUG:colcon.colcon_core.verb:Building package 'mqtt_ros2_bridge' with the following arguments: {'ament_cmake_args': None, 'build_base': '/home/sagre/SmartStationNew/ros2_ws/build/mqtt_ros2_bridge', 'catkin_cmake_args': None, 'catkin_skip_building_tests': False, 'cmake_args': None, 'cmake_clean_cache': False, 'cmake_clean_first': False, 'cmake_force_configure': False, 'cmake_target': None, 'cmake_target_skip_unavailable': False, 'install_base': '/home/sagre/SmartStationNew/ros2_ws/install/mqtt_ros2_bridge', 'merge_install': False, 'path': '/home/sagre/SmartStationNew/ros2_ws/src/mqtt_ros2_bridge', 'symlink_install': False, 'test_result_base': None}
[2.084s] Level 5:colcon.colcon_core.verb:set package 'station_orchestrator' build argument 'cmake_args' from command line to 'None'
[2.085s] Level 5:colcon.colcon_core.verb:set package 'station_orchestrator' build argument 'cmake_target' from command line to 'None'
[2.085s] Level 5:colcon.colcon_core.verb:set package 'station_orchestrator' build argument 'cmake_target_skip_unavailable' from command line to 'False'
[2.085s] Level 5:colcon.colcon_core.verb:set package 'station_orchestrator' build argument 'cmake_clean_cache' from command line to 'False'
[2.085s] Level 5:colcon.colcon_core.verb:set package 'station_orchestrator' build argument 'cmake_clean_first' from command line to 'False'
[2.085s] Level 5:colcon.colcon_core.verb:set package 'station_orchestrator' build argument 'cmake_force_configure' from command line to 'False'
[2.085s] Level 5:colcon.colcon_core.verb:set package 'station_orchestrator' build argument 'ament_cmake_args' from command line to 'None'
[2.085s] Level 5:colcon.colcon_core.verb:set package 'station_orchestrator' build argument 'catkin_cmake_args' from command line to 'None'
[2.085s] Level 5:colcon.colcon_core.verb:set package 'station_orchestrator' build argument 'catkin_skip_building_tests' from command line to 'False'
[2.086s] DEBUG:colcon.colcon_core.verb:Building package 'station_orchestrator' with the following arguments: {'ament_cmake_args': None, 'build_base': '/home/sagre/SmartStationNew/ros2_ws/build/station_orchestrator', 'catkin_cmake_args': None, 'catkin_skip_building_tests': False, 'cmake_args': None, 'cmake_clean_cache': False, 'cmake_clean_first': False, 'cmake_force_configure': False, 'cmake_target': None, 'cmake_target_skip_unavailable': False, 'install_base': '/home/sagre/SmartStationNew/ros2_ws/install/station_orchestrator', 'merge_install': False, 'path': '/home/sagre/SmartStationNew/ros2_ws/src/station_orchestrator', 'symlink_install': False, 'test_result_base': None}
[2.087s] Level 5:colcon.colcon_core.verb:set package 'station_web_gui' build argument 'cmake_args' from command line to 'None'
[2.087s] Level 5:colcon.colcon_core.verb:set package 'station_web_gui' build argument 'cmake_target' from command line to 'None'
[2.087s] Level 5:colcon.colcon_core.verb:set package 'station_web_gui' build argument 'cmake_target_skip_unavailable' from command line to 'False'
[2.088s] Level 5:colcon.colcon_core.verb:set package 'station_web_gui' build argument 'cmake_clean_cache' from command line to 'False'
[2.088s] Level 5:colcon.colcon_core.verb:set package 'station_web_gui' build argument 'cmake_clean_first' from command line to 'False'
[2.088s] Level 5:colcon.colcon_core.verb:set package 'station_web_gui' build argument 'cmake_force_configure' from command line to 'False'
[2.088s] Level 5:colcon.colcon_core.verb:set package 'station_web_gui' build argument 'ament_cmake_args' from command line to 'None'
[2.088s] Level 5:colcon.colcon_core.verb:set package 'station_web_gui' build argument 'catkin_cmake_args' from command line to 'None'
[2.088s] Level 5:colcon.colcon_core.verb:set package 'station_web_gui' build argument 'catkin_skip_building_tests' from command line to 'False'
[2.088s] DEBUG:colcon.colcon_core.verb:Building package 'station_web_gui' with the following arguments: {'ament_cmake_args': None, 'build_base': '/home/sagre/SmartStationNew/ros2_ws/build/station_web_gui', 'catkin_cmake_args': None, 'catkin_skip_building_tests': False, 'cmake_args': None, 'cmake_clean_cache': False, 'cmake_clean_first': False, 'cmake_force_configure': False, 'cmake_target': None, 'cmake_target_skip_unavailable': False, 'install_base': '/home/sagre/SmartStationNew/ros2_ws/install/station_web_gui', 'merge_install': False, 'path': '/home/sagre/SmartStationNew/ros2_ws/src/station_web_gui', 'symlink_install': False, 'test_result_base': None}
[2.089s] INFO:colcon.colcon_core.executor:Executing jobs using 'parallel' executor
[2.092s] DEBUG:colcon.colcon_parallel_executor.executor.parallel:run_until_complete
[2.093s] INFO:colcon.colcon_ros.task.ament_python.build:Building ROS package in '/home/sagre/SmartStationNew/ros2_ws/src/mqtt_ros2_bridge' with build type 'ament_python'
[2.094s] Level 1:colcon.colcon_core.shell:create_environment_hook('mqtt_ros2_bridge', 'ament_prefix_path')
[2.105s] INFO:colcon.colcon_core.plugin_system:Skipping extension 'colcon_core.shell.bat': Not used on non-Windows systems
[2.106s] INFO:colcon.colcon_core.shell:Creating environment hook '/home/sagre/SmartStationNew/ros2_ws/install/mqtt_ros2_bridge/share/mqtt_ros2_bridge/hook/ament_prefix_path.ps1'
[2.110s] INFO:colcon.colcon_core.shell:Creating environment descriptor '/home/sagre/SmartStationNew/ros2_ws/install/mqtt_ros2_bridge/share/mqtt_ros2_bridge/hook/ament_prefix_path.dsv'
[2.113s] INFO:colcon.colcon_core.shell:Creating environment hook '/home/sagre/SmartStationNew/ros2_ws/install/mqtt_ros2_bridge/share/mqtt_ros2_bridge/hook/ament_prefix_path.sh'
[2.117s] INFO:colcon.colcon_core.shell:Skip shell extension 'powershell' for command environment: Not usable outside of PowerShell
[2.117s] DEBUG:colcon.colcon_core.shell:Skip shell extension 'dsv' for command environment
[2.139s] INFO:colcon.colcon_ros.task.ament_python.build:Building ROS package in '/home/sagre/SmartStationNew/ros2_ws/src/station_orchestrator' with build type 'ament_python'
[2.140s] Level 1:colcon.colcon_core.shell:create_environment_hook('station_orchestrator', 'ament_prefix_path')
[2.141s] INFO:colcon.colcon_core.shell:Creating environment hook '/home/sagre/SmartStationNew/ros2_ws/install/station_orchestrator/share/station_orchestrator/hook/ament_prefix_path.ps1'
[2.144s] INFO:colcon.colcon_core.shell:Creating environment descriptor '/home/sagre/SmartStationNew/ros2_ws/install/station_orchestrator/share/station_orchestrator/hook/ament_prefix_path.dsv'
[2.147s] INFO:colcon.colcon_core.shell:Creating environment hook '/home/sagre/SmartStationNew/ros2_ws/install/station_orchestrator/share/station_orchestrator/hook/ament_prefix_path.sh'
[2.150s] INFO:colcon.colcon_core.shell:Skip shell extension 'powershell' for command environment: Not usable outside of PowerShell
[2.151s] DEBUG:colcon.colcon_core.shell:Skip shell extension 'dsv' for command environment
[2.173s] INFO:colcon.colcon_ros.task.ament_python.build:Building ROS package in '/home/sagre/SmartStationNew/ros2_ws/src/station_web_gui' with build type 'ament_python'
[2.174s] Level 1:colcon.colcon_core.shell:create_environment_hook('station_web_gui', 'ament_prefix_path')
[2.175s] INFO:colcon.colcon_core.shell:Creating environment hook '/home/sagre/SmartStationNew/ros2_ws/install/station_web_gui/share/station_web_gui/hook/ament_prefix_path.ps1'
[2.178s] INFO:colcon.colcon_core.shell:Creating environment descriptor '/home/sagre/SmartStationNew/ros2_ws/install/station_web_gui/share/station_web_gui/hook/ament_prefix_path.dsv'
[2.180s] INFO:colcon.colcon_core.shell:Creating environment hook '/home/sagre/SmartStationNew/ros2_ws/install/station_web_gui/share/station_web_gui/hook/ament_prefix_path.sh'
[2.184s] INFO:colcon.colcon_core.shell:Skip shell extension 'powershell' for command environment: Not usable outside of PowerShell
[2.185s] DEBUG:colcon.colcon_core.shell:Skip shell extension 'dsv' for command environment
[3.692s] INFO:colcon.colcon_core.task.python.build:Building Python package in '/home/sagre/SmartStationNew/ros2_ws/src/mqtt_ros2_bridge'
[3.693s] INFO:colcon.colcon_core.shell:Skip shell extension 'powershell' for command environment: Not usable outside of PowerShell
[3.694s] DEBUG:colcon.colcon_core.shell:Skip shell extension 'dsv' for command environment
[5.145s] INFO:colcon.colcon_core.task.python.build:Building Python package in '/home/sagre/SmartStationNew/ros2_ws/src/station_orchestrator'
[5.146s] INFO:colcon.colcon_core.shell:Skip shell extension 'powershell' for command environment: Not usable outside of PowerShell
[5.146s] DEBUG:colcon.colcon_core.shell:Skip shell extension 'dsv' for command environment
[6.592s] INFO:colcon.colcon_core.task.python.build:Building Python package in '/home/sagre/SmartStationNew/ros2_ws/src/station_web_gui'
[6.594s] INFO:colcon.colcon_core.shell:Skip shell extension 'powershell' for command environment: Not usable outside of PowerShell
[6.594s] DEBUG:colcon.colcon_core.shell:Skip shell extension 'dsv' for command environment
[9.159s] DEBUG:colcon.colcon_core.event_handler.log_command:Invoking command in '/home/sagre/SmartStationNew/ros2_ws/src/station_orchestrator': PYTHONPATH=/home/sagre/SmartStationNew/ros2_ws/build/station_orchestrator/prefix_override:/usr/lib/python3/dist-packages/colcon_core/task/python/colcon_distutils_commands:/home/sagre/SmartStationNew/ros2_ws/install/station_orchestrator/lib/python3.10/site-packages:${PYTHONPATH} /usr/bin/python3 -W ignore:setup.py install is deprecated -W ignore:easy_install command is deprecated setup.py egg_info --egg-base ../../build/station_orchestrator build --build-base /home/sagre/SmartStationNew/ros2_ws/build/station_orchestrator/build install --record /home/sagre/SmartStationNew/ros2_ws/build/station_orchestrator/install.log --single-version-externally-managed install_data
[9.200s] DEBUG:colcon.colcon_core.event_handler.log_command:Invoking command in '/home/sagre/SmartStationNew/ros2_ws/src/station_web_gui': PYTHONPATH=/home/sagre/SmartStationNew/ros2_ws/build/station_web_gui/prefix_override:/usr/lib/python3/dist-packages/colcon_core/task/python/colcon_distutils_commands:/home/sagre/SmartStationNew/ros2_ws/install/station_web_gui/lib/python3.10/site-packages:${PYTHONPATH} /usr/bin/python3 -W ignore:setup.py install is deprecated -W ignore:easy_install command is deprecated setup.py egg_info --egg-base ../../build/station_web_gui build --build-base /home/sagre/SmartStationNew/ros2_ws/build/station_web_gui/build install --record /home/sagre/SmartStationNew/ros2_ws/build/station_web_gui/install.log --single-version-externally-managed install_data
[9.237s] DEBUG:colcon.colcon_core.event_handler.log_command:Invoking command in '/home/sagre/SmartStationNew/ros2_ws/src/mqtt_ros2_bridge': PYTHONPATH=/home/sagre/SmartStationNew/ros2_ws/build/mqtt_ros2_bridge/prefix_override:/usr/lib/python3/dist-packages/colcon_core/task/python/colcon_distutils_commands:/home/sagre/SmartStationNew/ros2_ws/install/mqtt_ros2_bridge/lib/python3.10/site-packages:${PYTHONPATH} /usr/bin/python3 -W ignore:setup.py install is deprecated -W ignore:easy_install command is deprecated setup.py egg_info --egg-base ../../build/mqtt_ros2_bridge build --build-base /home/sagre/SmartStationNew/ros2_ws/build/mqtt_ros2_bridge/build install --record /home/sagre/SmartStationNew/ros2_ws/build/mqtt_ros2_bridge/install.log --single-version-externally-managed install_data
[11.213s] DEBUG:colcon.colcon_core.event_handler.log_command:Invoked command in '/home/sagre/SmartStationNew/ros2_ws/src/station_orchestrator' returned '0': PYTHONPATH=/home/sagre/SmartStationNew/ros2_ws/build/station_orchestrator/prefix_override:/usr/lib/python3/dist-packages/colcon_core/task/python/colcon_distutils_commands:/home/sagre/SmartStationNew/ros2_ws/install/station_orchestrator/lib/python3.10/site-packages:${PYTHONPATH} /usr/bin/python3 -W ignore:setup.py install is deprecated -W ignore:easy_install command is deprecated setup.py egg_info --egg-base ../../build/station_orchestrator build --build-base /home/sagre/SmartStationNew/ros2_ws/build/station_orchestrator/build install --record /home/sagre/SmartStationNew/ros2_ws/build/station_orchestrator/install.log --single-version-externally-managed install_data
[11.244s] Level 1:colcon.colcon_core.environment:checking '/home/sagre/SmartStationNew/ros2_ws/install/station_orchestrator' for CMake module files
[11.249s] Level 1:colcon.colcon_core.environment:checking '/home/sagre/SmartStationNew/ros2_ws/install/station_orchestrator' for CMake config files
[11.263s] Level 1:colcon.colcon_core.environment:checking '/home/sagre/SmartStationNew/ros2_ws/install/station_orchestrator/lib'
[11.265s] Level 1:colcon.colcon_core.environment:checking '/home/sagre/SmartStationNew/ros2_ws/install/station_orchestrator/bin'
[11.267s] Level 1:colcon.colcon_core.shell:create_environment_hook('station_orchestrator', 'path')
[11.269s] INFO:colcon.colcon_core.shell:Creating environment hook '/home/sagre/SmartStationNew/ros2_ws/install/station_orchestrator/share/station_orchestrator/hook/path.ps1'
[11.274s] INFO:colcon.colcon_core.shell:Creating environment descriptor '/home/sagre/SmartStationNew/ros2_ws/install/station_orchestrator/share/station_orchestrator/hook/path.dsv'
[11.279s] INFO:colcon.colcon_core.shell:Creating environment hook '/home/sagre/SmartStationNew/ros2_ws/install/station_orchestrator/share/station_orchestrator/hook/path.sh'
[11.287s] Level 1:colcon.colcon_core.environment:checking '/home/sagre/SmartStationNew/ros2_ws/install/station_orchestrator/lib/pkgconfig/station_orchestrator.pc'
[11.290s] Level 1:colcon.colcon_core.environment:checking '/home/sagre/SmartStationNew/ros2_ws/install/station_orchestrator/lib/python3.10/site-packages'
[11.291s] Level 1:colcon.colcon_core.shell:create_environment_hook('station_orchestrator', 'pythonpath')
[11.294s] INFO:colcon.colcon_core.shell:Creating environment hook '/home/sagre/SmartStationNew/ros2_ws/install/station_orchestrator/share/station_orchestrator/hook/pythonpath.ps1'
[11.300s] INFO:colcon.colcon_core.shell:Creating environment descriptor '/home/sagre/SmartStationNew/ros2_ws/install/station_orchestrator/share/station_orchestrator/hook/pythonpath.dsv'
[11.306s] INFO:colcon.colcon_core.shell:Creating environment hook '/home/sagre/SmartStationNew/ros2_ws/install/station_orchestrator/share/station_orchestrator/hook/pythonpath.sh'
[11.316s] Level 1:colcon.colcon_core.environment:checking '/home/sagre/SmartStationNew/ros2_ws/install/station_orchestrator/bin'
[11.317s] Level 1:colcon.colcon_core.shell:create_environment_hook('station_orchestrator', 'pythonscriptspath')
[11.320s] INFO:colcon.colcon_core.shell:Creating environment hook '/home/sagre/SmartStationNew/ros2_ws/install/station_orchestrator/share/station_orchestrator/hook/pythonscriptspath.ps1'
[11.326s] INFO:colcon.colcon_core.shell:Creating environment descriptor '/home/sagre/SmartStationNew/ros2_ws/install/station_orchestrator/share/station_orchestrator/hook/pythonscriptspath.dsv'
[11.330s] INFO:colcon.colcon_core.shell:Creating environment hook '/home/sagre/SmartStationNew/ros2_ws/install/station_orchestrator/share/station_orchestrator/hook/pythonscriptspath.sh'
[11.335s] Level 1:colcon.colcon_core.environment:create_environment_scripts_only(station_orchestrator)
[11.338s] INFO:colcon.colcon_core.shell:Creating package script '/home/sagre/SmartStationNew/ros2_ws/install/station_orchestrator/share/station_orchestrator/package.ps1'
[11.347s] INFO:colcon.colcon_core.shell:Creating package descriptor '/home/sagre/SmartStationNew/ros2_ws/install/station_orchestrator/share/station_orchestrator/package.dsv'
[11.355s] INFO:colcon.colcon_core.shell:Creating package script '/home/sagre/SmartStationNew/ros2_ws/install/station_orchestrator/share/station_orchestrator/package.sh'
[11.366s] INFO:colcon.colcon_core.shell:Creating package script '/home/sagre/SmartStationNew/ros2_ws/install/station_orchestrator/share/station_orchestrator/package.bash'
[11.372s] INFO:colcon.colcon_core.shell:Creating package script '/home/sagre/SmartStationNew/ros2_ws/install/station_orchestrator/share/station_orchestrator/package.zsh'
[11.378s] Level 1:colcon.colcon_core.environment:create_file_with_runtime_dependencies(/home/sagre/SmartStationNew/ros2_ws/install/station_orchestrator/share/colcon-core/packages/station_orchestrator)
[11.385s] Level 1:colcon.colcon_core.environment:checking '/home/sagre/SmartStationNew/ros2_ws/install/station_web_gui' for CMake module files
[11.391s] Level 1:colcon.colcon_core.environment:checking '/home/sagre/SmartStationNew/ros2_ws/install/station_web_gui' for CMake config files
[11.393s] DEBUG:colcon.colcon_core.event_handler.log_command:Invoked command in '/home/sagre/SmartStationNew/ros2_ws/src/station_web_gui' returned '0': PYTHONPATH=/home/sagre/SmartStationNew/ros2_ws/build/station_web_gui/prefix_override:/usr/lib/python3/dist-packages/colcon_core/task/python/colcon_distutils_commands:/home/sagre/SmartStationNew/ros2_ws/install/station_web_gui/lib/python3.10/site-packages:${PYTHONPATH} /usr/bin/python3 -W ignore:setup.py install is deprecated -W ignore:easy_install command is deprecated setup.py egg_info --egg-base ../../build/station_web_gui build --build-base /home/sagre/SmartStationNew/ros2_ws/build/station_web_gui/build install --record /home/sagre/SmartStationNew/ros2_ws/build/station_web_gui/install.log --single-version-externally-managed install_data
[11.401s] Level 1:colcon.colcon_core.environment:checking '/home/sagre/SmartStationNew/ros2_ws/install/station_web_gui/lib'
[11.402s] Level 1:colcon.colcon_core.environment:checking '/home/sagre/SmartStationNew/ros2_ws/install/station_web_gui/bin'
[11.402s] Level 1:colcon.colcon_core.shell:create_environment_hook('station_web_gui', 'path')
[11.404s] INFO:colcon.colcon_core.shell:Creating environment hook '/home/sagre/SmartStationNew/ros2_ws/install/station_web_gui/share/station_web_gui/hook/path.ps1'
[11.407s] INFO:colcon.colcon_core.shell:Creating environment descriptor '/home/sagre/SmartStationNew/ros2_ws/install/station_web_gui/share/station_web_gui/hook/path.dsv'
[11.410s] INFO:colcon.colcon_core.shell:Creating environment hook '/home/sagre/SmartStationNew/ros2_ws/install/station_web_gui/share/station_web_gui/hook/path.sh'
[11.413s] Level 1:colcon.colcon_core.environment:checking '/home/sagre/SmartStationNew/ros2_ws/install/station_web_gui/lib/pkgconfig/station_web_gui.pc'
[11.414s] Level 1:colcon.colcon_core.environment:checking '/home/sagre/SmartStationNew/ros2_ws/install/station_web_gui/lib/python3.10/site-packages'
[11.415s] Level 1:colcon.colcon_core.shell:create_environment_hook('station_web_gui', 'pythonpath')
[11.416s] INFO:colcon.colcon_core.shell:Creating environment hook '/home/sagre/SmartStationNew/ros2_ws/install/station_web_gui/share/station_web_gui/hook/pythonpath.ps1'
[11.418s] INFO:colcon.colcon_core.shell:Creating environment descriptor '/home/sagre/SmartStationNew/ros2_ws/install/station_web_gui/share/station_web_gui/hook/pythonpath.dsv'
[11.420s] INFO:colcon.colcon_core.shell:Creating environment hook '/home/sagre/SmartStationNew/ros2_ws/install/station_web_gui/share/station_web_gui/hook/pythonpath.sh'
[11.424s] Level 1:colcon.colcon_core.environment:checking '/home/sagre/SmartStationNew/ros2_ws/install/station_web_gui/bin'
[11.425s] Level 1:colcon.colcon_core.shell:create_environment_hook('station_web_gui', 'pythonscriptspath')
[11.426s] INFO:colcon.colcon_core.shell:Creating environment hook '/home/sagre/SmartStationNew/ros2_ws/install/station_web_gui/share/station_web_gui/hook/pythonscriptspath.ps1'
[11.428s] INFO:colcon.colcon_core.shell:Creating environment descriptor '/home/sagre/SmartStationNew/ros2_ws/install/station_web_gui/share/station_web_gui/hook/pythonscriptspath.dsv'
[11.430s] INFO:colcon.colcon_core.shell:Creating environment hook '/home/sagre/SmartStationNew/ros2_ws/install/station_web_gui/share/station_web_gui/hook/pythonscriptspath.sh'
[11.432s] Level 1:colcon.colcon_core.environment:create_environment_scripts_only(station_web_gui)
[11.434s] INFO:colcon.colcon_core.shell:Creating package script '/home/sagre/SmartStationNew/ros2_ws/install/station_web_gui/share/station_web_gui/package.ps1'
[11.437s] INFO:colcon.colcon_core.shell:Creating package descriptor '/home/sagre/SmartStationNew/ros2_ws/install/station_web_gui/share/station_web_gui/package.dsv'
[11.440s] INFO:colcon.colcon_core.shell:Creating package script '/home/sagre/SmartStationNew/ros2_ws/install/station_web_gui/share/station_web_gui/package.sh'
[11.442s] INFO:colcon.colcon_core.shell:Creating package script '/home/sagre/SmartStationNew/ros2_ws/install/station_web_gui/share/station_web_gui/package.bash'
[11.444s] INFO:colcon.colcon_core.shell:Creating package script '/home/sagre/SmartStationNew/ros2_ws/install/station_web_gui/share/station_web_gui/package.zsh'
[11.446s] Level 1:colcon.colcon_core.environment:create_file_with_runtime_dependencies(/home/sagre/SmartStationNew/ros2_ws/install/station_web_gui/share/colcon-core/packages/station_web_gui)
[11.451s] Level 1:colcon.colcon_core.environment:checking '/home/sagre/SmartStationNew/ros2_ws/install/mqtt_ros2_bridge' for CMake module files
[11.454s] DEBUG:colcon.colcon_core.event_handler.log_command:Invoked command in '/home/sagre/SmartStationNew/ros2_ws/src/mqtt_ros2_bridge' returned '0': PYTHONPATH=/home/sagre/SmartStationNew/ros2_ws/build/mqtt_ros2_bridge/prefix_override:/usr/lib/python3/dist-packages/colcon_core/task/python/colcon_distutils_commands:/home/sagre/SmartStationNew/ros2_ws/install/mqtt_ros2_bridge/lib/python3.10/site-packages:${PYTHONPATH} /usr/bin/python3 -W ignore:setup.py install is deprecated -W ignore:easy_install command is deprecated setup.py egg_info --egg-base ../../build/mqtt_ros2_bridge build --build-base /home/sagre/SmartStationNew/ros2_ws/build/mqtt_ros2_bridge/build install --record /home/sagre/SmartStationNew/ros2_ws/build/mqtt_ros2_bridge/install.log --single-version-externally-managed install_data
[11.457s] Level 1:colcon.colcon_core.environment:checking '/home/sagre/SmartStationNew/ros2_ws/install/mqtt_ros2_bridge' for CMake config files
[11.463s] Level 1:colcon.colcon_core.shell:create_environment_hook('mqtt_ros2_bridge', 'cmake_prefix_path')
[11.464s] INFO:colcon.colcon_core.shell:Creating environment hook '/home/sagre/SmartStationNew/ros2_ws/install/mqtt_ros2_bridge/share/mqtt_ros2_bridge/hook/cmake_prefix_path.ps1'
[11.467s] INFO:colcon.colcon_core.shell:Creating environment descriptor '/home/sagre/SmartStationNew/ros2_ws/install/mqtt_ros2_bridge/share/mqtt_ros2_bridge/hook/cmake_prefix_path.dsv'
[11.469s] INFO:colcon.colcon_core.shell:Creating environment hook '/home/sagre/SmartStationNew/ros2_ws/install/mqtt_ros2_bridge/share/mqtt_ros2_bridge/hook/cmake_prefix_path.sh'
[11.472s] Level 1:colcon.colcon_core.environment:checking '/home/sagre/SmartStationNew/ros2_ws/install/mqtt_ros2_bridge/lib'
[11.473s] Level 1:colcon.colcon_core.environment:checking '/home/sagre/SmartStationNew/ros2_ws/install/mqtt_ros2_bridge/bin'
[11.473s] Level 1:colcon.colcon_core.shell:create_environment_hook('mqtt_ros2_bridge', 'path')
[11.474s] INFO:colcon.colcon_core.shell:Creating environment hook '/home/sagre/SmartStationNew/ros2_ws/install/mqtt_ros2_bridge/share/mqtt_ros2_bridge/hook/path.ps1'
[11.476s] INFO:colcon.colcon_core.shell:Creating environment descriptor '/home/sagre/SmartStationNew/ros2_ws/install/mqtt_ros2_bridge/share/mqtt_ros2_bridge/hook/path.dsv'
[11.479s] INFO:colcon.colcon_core.shell:Creating environment hook '/home/sagre/SmartStationNew/ros2_ws/install/mqtt_ros2_bridge/share/mqtt_ros2_bridge/hook/path.sh'
[11.481s] Level 1:colcon.colcon_core.environment:checking '/home/sagre/SmartStationNew/ros2_ws/install/mqtt_ros2_bridge/lib/pkgconfig/mqtt_ros2_bridge.pc'
[11.482s] Level 1:colcon.colcon_core.environment:checking '/home/sagre/SmartStationNew/ros2_ws/install/mqtt_ros2_bridge/lib/python3.10/site-packages'
[11.482s] Level 1:colcon.colcon_core.shell:create_environment_hook('mqtt_ros2_bridge', 'pythonpath')
[11.483s] INFO:colcon.colcon_core.shell:Creating environment hook '/home/sagre/SmartStationNew/ros2_ws/install/mqtt_ros2_bridge/share/mqtt_ros2_bridge/hook/pythonpath.ps1'
[11.485s] INFO:colcon.colcon_core.shell:Creating environment descriptor '/home/sagre/SmartStationNew/ros2_ws/install/mqtt_ros2_bridge/share/mqtt_ros2_bridge/hook/pythonpath.dsv'
[11.487s] INFO:colcon.colcon_core.shell:Creating environment hook '/home/sagre/SmartStationNew/ros2_ws/install/mqtt_ros2_bridge/share/mqtt_ros2_bridge/hook/pythonpath.sh'
[11.491s] Level 1:colcon.colcon_core.environment:checking '/home/sagre/SmartStationNew/ros2_ws/install/mqtt_ros2_bridge/bin'
[11.492s] Level 1:colcon.colcon_core.shell:create_environment_hook('mqtt_ros2_bridge', 'pythonscriptspath')
[11.493s] INFO:colcon.colcon_core.shell:Creating environment hook '/home/sagre/SmartStationNew/ros2_ws/install/mqtt_ros2_bridge/share/mqtt_ros2_bridge/hook/pythonscriptspath.ps1'
[11.495s] INFO:colcon.colcon_core.shell:Creating environment descriptor '/home/sagre/SmartStationNew/ros2_ws/install/mqtt_ros2_bridge/share/mqtt_ros2_bridge/hook/pythonscriptspath.dsv'
[11.497s] INFO:colcon.colcon_core.shell:Creating environment hook '/home/sagre/SmartStationNew/ros2_ws/install/mqtt_ros2_bridge/share/mqtt_ros2_bridge/hook/pythonscriptspath.sh'
[11.500s] Level 1:colcon.colcon_core.environment:create_environment_scripts_only(mqtt_ros2_bridge)
[11.502s] INFO:colcon.colcon_core.shell:Creating package script '/home/sagre/SmartStationNew/ros2_ws/install/mqtt_ros2_bridge/share/mqtt_ros2_bridge/package.ps1'
[11.505s] INFO:colcon.colcon_core.shell:Creating package descriptor '/home/sagre/SmartStationNew/ros2_ws/install/mqtt_ros2_bridge/share/mqtt_ros2_bridge/package.dsv'
[11.509s] INFO:colcon.colcon_core.shell:Creating package script '/home/sagre/SmartStationNew/ros2_ws/install/mqtt_ros2_bridge/share/mqtt_ros2_bridge/package.sh'
[11.511s] INFO:colcon.colcon_core.shell:Creating package script '/home/sagre/SmartStationNew/ros2_ws/install/mqtt_ros2_bridge/share/mqtt_ros2_bridge/package.bash'
[11.514s] INFO:colcon.colcon_core.shell:Creating package script '/home/sagre/SmartStationNew/ros2_ws/install/mqtt_ros2_bridge/share/mqtt_ros2_bridge/package.zsh'
[11.516s] Level 1:colcon.colcon_core.environment:create_file_with_runtime_dependencies(/home/sagre/SmartStationNew/ros2_ws/install/mqtt_ros2_bridge/share/colcon-core/packages/mqtt_ros2_bridge)
[11.518s] DEBUG:colcon.colcon_parallel_executor.executor.parallel:closing loop
[11.519s] DEBUG:colcon.colcon_parallel_executor.executor.parallel:loop closed
[11.519s] DEBUG:colcon.colcon_parallel_executor.executor.parallel:run_until_complete finished with '0'
[11.520s] DEBUG:colcon.colcon_core.event_reactor:joining thread
[11.546s] INFO:colcon.colcon_core.plugin_system:Skipping extension 'colcon_notification.desktop_notification.terminal_notifier': Not used on non-Darwin systems
[11.547s] INFO:colcon.colcon_core.plugin_system:Skipping extension 'colcon_notification.desktop_notification.win32': Not used on non-Windows systems
[11.547s] INFO:colcon.colcon_notification.desktop_notification:Sending desktop notification using 'notify2'
[11.552s] DEBUG:colcon.colcon_notification.desktop_notification.notify2:Failed to initialize notify2: org.freedesktop.DBus.Error.ServiceUnknown: The name org.freedesktop.Notifications was not provided by any .service files
[11.553s] DEBUG:colcon.colcon_core.event_reactor:joined thread
[11.554s] INFO:colcon.colcon_core.shell:Creating prefix script '/home/sagre/SmartStationNew/ros2_ws/install/local_setup.ps1'
[11.562s] INFO:colcon.colcon_core.shell:Creating prefix util module '/home/sagre/SmartStationNew/ros2_ws/install/_local_setup_util_ps1.py'
[11.573s] INFO:colcon.colcon_core.shell:Creating prefix chain script '/home/sagre/SmartStationNew/ros2_ws/install/setup.ps1'
[11.582s] INFO:colcon.colcon_core.shell:Creating prefix script '/home/sagre/SmartStationNew/ros2_ws/install/local_setup.sh'
[11.586s] INFO:colcon.colcon_core.shell:Creating prefix util module '/home/sagre/SmartStationNew/ros2_ws/install/_local_setup_util_sh.py'
[11.590s] INFO:colcon.colcon_core.shell:Creating prefix chain script '/home/sagre/SmartStationNew/ros2_ws/install/setup.sh'
[11.598s] INFO:colcon.colcon_core.shell:Creating prefix script '/home/sagre/SmartStationNew/ros2_ws/install/local_setup.bash'
[11.608s] INFO:colcon.colcon_core.shell:Creating prefix chain script '/home/sagre/SmartStationNew/ros2_ws/install/setup.bash'
[11.616s] INFO:colcon.colcon_core.shell:Creating prefix script '/home/sagre/SmartStationNew/ros2_ws/install/local_setup.zsh'
[11.619s] INFO:colcon.colcon_core.shell:Creating prefix chain script '/home/sagre/SmartStationNew/ros2_ws/install/setup.zsh'
