[10.576s] Invoking command in '/home/sagre/SmartStationNew/ros2_ws/src/station_web_gui': PYTHONPATH=/home/sagre/SmartStationNew/ros2_ws/build/station_web_gui/prefix_override:/usr/lib/python3/dist-packages/colcon_core/task/python/colcon_distutils_commands:/home/sagre/SmartStationNew/ros2_ws/install/station_web_gui/lib/python3.10/site-packages:${PYTHONPATH} /usr/bin/python3 -W ignore:setup.py install is deprecated -W ignore:easy_install command is deprecated setup.py egg_info --egg-base ../../build/station_web_gui build --build-base /home/sagre/SmartStationNew/ros2_ws/build/station_web_gui/build install --record /home/sagre/SmartStationNew/ros2_ws/build/station_web_gui/install.log --single-version-externally-managed install_data
[13.107s] running egg_info
[13.117s] writing ../../build/station_web_gui/station_web_gui.egg-info/PKG-INFO
[13.120s] writing dependency_links to ../../build/station_web_gui/station_web_gui.egg-info/dependency_links.txt
[13.123s] writing entry points to ../../build/station_web_gui/station_web_gui.egg-info/entry_points.txt
[13.125s] writing requirements to ../../build/station_web_gui/station_web_gui.egg-info/requires.txt
[13.127s] writing top-level names to ../../build/station_web_gui/station_web_gui.egg-info/top_level.txt
[13.143s] reading manifest file '../../build/station_web_gui/station_web_gui.egg-info/SOURCES.txt'
[13.157s] writing manifest file '../../build/station_web_gui/station_web_gui.egg-info/SOURCES.txt'
[13.158s] running build
[13.158s] running build_py
[13.163s] running install
[13.164s] running install_lib
[13.173s] running install_data
[13.176s] running install_egg_info
[13.211s] removing '/home/sagre/SmartStationNew/ros2_ws/install/station_web_gui/lib/python3.10/site-packages/station_web_gui-0.1.0-py3.10.egg-info' (and everything under it)
[13.221s] Copying ../../build/station_web_gui/station_web_gui.egg-info to /home/sagre/SmartStationNew/ros2_ws/install/station_web_gui/lib/python3.10/site-packages/station_web_gui-0.1.0-py3.10.egg-info
[13.242s] running install_scripts
[13.446s] Installing station_web_gui script to /home/sagre/SmartStationNew/ros2_ws/install/station_web_gui/bin
[13.452s] writing list of installed files to '/home/sagre/SmartStationNew/ros2_ws/build/station_web_gui/install.log'
[13.863s] Invoked command in '/home/sagre/SmartStationNew/ros2_ws/src/station_web_gui' returned '0': PYTHONPATH=/home/sagre/SmartStationNew/ros2_ws/build/station_web_gui/prefix_override:/usr/lib/python3/dist-packages/colcon_core/task/python/colcon_distutils_commands:/home/sagre/SmartStationNew/ros2_ws/install/station_web_gui/lib/python3.10/site-packages:${PYTHONPATH} /usr/bin/python3 -W ignore:setup.py install is deprecated -W ignore:easy_install command is deprecated setup.py egg_info --egg-base ../../build/station_web_gui build --build-base /home/sagre/SmartStationNew/ros2_ws/build/station_web_gui/build install --record /home/sagre/SmartStationNew/ros2_ws/build/station_web_gui/install.log --single-version-externally-managed install_data
