[7.748s] Invoking command in '/home/sagre/SmartStationNew/ros2_ws/src/station_web_gui': PYTHONPATH=/home/sagre/SmartStationNew/ros2_ws/build/station_web_gui/prefix_override:/usr/lib/python3/dist-packages/colcon_core/task/python/colcon_distutils_commands:/home/sagre/SmartStationNew/ros2_ws/install/station_web_gui/lib/python3.10/site-packages:${PYTHONPATH} /usr/bin/python3 -W ignore:setup.py install is deprecated -W ignore:easy_install command is deprecated setup.py egg_info --egg-base ../../build/station_web_gui build --build-base /home/sagre/SmartStationNew/ros2_ws/build/station_web_gui/build install --record /home/sagre/SmartStationNew/ros2_ws/build/station_web_gui/install.log --single-version-externally-managed install_data
[9.436s] running egg_info
[9.440s] writing ../../build/station_web_gui/station_web_gui.egg-info/PKG-INFO
[9.441s] writing dependency_links to ../../build/station_web_gui/station_web_gui.egg-info/dependency_links.txt
[9.443s] writing entry points to ../../build/station_web_gui/station_web_gui.egg-info/entry_points.txt
[9.445s] writing requirements to ../../build/station_web_gui/station_web_gui.egg-info/requires.txt
[9.446s] writing top-level names to ../../build/station_web_gui/station_web_gui.egg-info/top_level.txt
[9.457s] reading manifest file '../../build/station_web_gui/station_web_gui.egg-info/SOURCES.txt'
[9.464s] writing manifest file '../../build/station_web_gui/station_web_gui.egg-info/SOURCES.txt'
[9.465s] running build
[9.466s] running build_py
[9.468s] running install
[9.470s] running install_lib
[9.478s] running install_data
[9.481s] running install_egg_info
[9.498s] removing '/home/sagre/SmartStationNew/ros2_ws/install/station_web_gui/lib/python3.10/site-packages/station_web_gui-0.1.0-py3.10.egg-info' (and everything under it)
[9.500s] Copying ../../build/station_web_gui/station_web_gui.egg-info to /home/sagre/SmartStationNew/ros2_ws/install/station_web_gui/lib/python3.10/site-packages/station_web_gui-0.1.0-py3.10.egg-info
[9.510s] running install_scripts
[9.638s] Installing station_web_gui script to /home/sagre/SmartStationNew/ros2_ws/install/station_web_gui/bin
[9.642s] writing list of installed files to '/home/sagre/SmartStationNew/ros2_ws/build/station_web_gui/install.log'
[9.961s] Invoked command in '/home/sagre/SmartStationNew/ros2_ws/src/station_web_gui' returned '0': PYTHONPATH=/home/sagre/SmartStationNew/ros2_ws/build/station_web_gui/prefix_override:/usr/lib/python3/dist-packages/colcon_core/task/python/colcon_distutils_commands:/home/sagre/SmartStationNew/ros2_ws/install/station_web_gui/lib/python3.10/site-packages:${PYTHONPATH} /usr/bin/python3 -W ignore:setup.py install is deprecated -W ignore:easy_install command is deprecated setup.py egg_info --egg-base ../../build/station_web_gui build --build-base /home/sagre/SmartStationNew/ros2_ws/build/station_web_gui/build install --record /home/sagre/SmartStationNew/ros2_ws/build/station_web_gui/install.log --single-version-externally-managed install_data
