[11.272s] Invoking command in '/home/sagre/SmartStationNew/ros2_ws/src/station_orchestrator': PYTHONPATH=/home/sagre/SmartStationNew/ros2_ws/build/station_orchestrator/prefix_override:/usr/lib/python3/dist-packages/colcon_core/task/python/colcon_distutils_commands:/home/sagre/SmartStationNew/ros2_ws/install/station_orchestrator/lib/python3.10/site-packages:${PYTHONPATH} /usr/bin/python3 -W ignore:setup.py install is deprecated -W ignore:easy_install command is deprecated setup.py egg_info --egg-base ../../build/station_orchestrator build --build-base /home/sagre/SmartStationNew/ros2_ws/build/station_orchestrator/build install --record /home/sagre/SmartStationNew/ros2_ws/build/station_orchestrator/install.log --single-version-externally-managed install_data
[13.094s] running egg_info
[13.099s] writing ../../build/station_orchestrator/station_orchestrator.egg-info/PKG-INFO
[13.102s] writing dependency_links to ../../build/station_orchestrator/station_orchestrator.egg-info/dependency_links.txt
[13.104s] writing entry points to ../../build/station_orchestrator/station_orchestrator.egg-info/entry_points.txt
[13.108s] writing requirements to ../../build/station_orchestrator/station_orchestrator.egg-info/requires.txt
[13.110s] writing top-level names to ../../build/station_orchestrator/station_orchestrator.egg-info/top_level.txt
[13.122s] reading manifest file '../../build/station_orchestrator/station_orchestrator.egg-info/SOURCES.txt'
[13.133s] writing manifest file '../../build/station_orchestrator/station_orchestrator.egg-info/SOURCES.txt'
[13.135s] running build
[13.136s] running build_py
[13.137s] running install
[13.139s] running install_lib
[13.149s] running install_data
[13.151s] running install_egg_info
[13.163s] removing '/home/sagre/SmartStationNew/ros2_ws/install/station_orchestrator/lib/python3.10/site-packages/station_orchestrator-0.1.0-py3.10.egg-info' (and everything under it)
[13.166s] Copying ../../build/station_orchestrator/station_orchestrator.egg-info to /home/sagre/SmartStationNew/ros2_ws/install/station_orchestrator/lib/python3.10/site-packages/station_orchestrator-0.1.0-py3.10.egg-info
[13.193s] running install_scripts
[13.300s] Installing station_orchestrator script to /home/sagre/SmartStationNew/ros2_ws/install/station_orchestrator/bin
[13.303s] writing list of installed files to '/home/sagre/SmartStationNew/ros2_ws/build/station_orchestrator/install.log'
[13.446s] Invoked command in '/home/sagre/SmartStationNew/ros2_ws/src/station_orchestrator' returned '0': PYTHONPATH=/home/sagre/SmartStationNew/ros2_ws/build/station_orchestrator/prefix_override:/usr/lib/python3/dist-packages/colcon_core/task/python/colcon_distutils_commands:/home/sagre/SmartStationNew/ros2_ws/install/station_orchestrator/lib/python3.10/site-packages:${PYTHONPATH} /usr/bin/python3 -W ignore:setup.py install is deprecated -W ignore:easy_install command is deprecated setup.py egg_info --egg-base ../../build/station_orchestrator build --build-base /home/sagre/SmartStationNew/ros2_ws/build/station_orchestrator/build install --record /home/sagre/SmartStationNew/ros2_ws/build/station_orchestrator/install.log --single-version-externally-managed install_data
