[3.457s] Invoking command in '/home/sagre/SmartStationNew/ros2_ws/src/station_web_gui': PYTHONPATH=/home/sagre/SmartStationNew/ros2_ws/build/station_web_gui/prefix_override:/usr/lib/python3/dist-packages/colcon_core/task/python/colcon_distutils_commands:/home/sagre/SmartStationNew/ros2_ws/install/station_web_gui/lib/python3.10/site-packages:${PYTHONPATH} /usr/bin/python3 -W ignore:setup.py install is deprecated -W ignore:easy_install command is deprecated setup.py egg_info --egg-base ../../build/station_web_gui build --build-base /home/sagre/SmartStationNew/ros2_ws/build/station_web_gui/build install --record /home/sagre/SmartStationNew/ros2_ws/build/station_web_gui/install.log --single-version-externally-managed install_data
[4.797s] running egg_info
[4.800s] writing ../../build/station_web_gui/station_web_gui.egg-info/PKG-INFO
[4.801s] writing dependency_links to ../../build/station_web_gui/station_web_gui.egg-info/dependency_links.txt
[4.802s] writing entry points to ../../build/station_web_gui/station_web_gui.egg-info/entry_points.txt
[4.803s] writing requirements to ../../build/station_web_gui/station_web_gui.egg-info/requires.txt
[4.804s] writing top-level names to ../../build/station_web_gui/station_web_gui.egg-info/top_level.txt
[4.813s] reading manifest file '../../build/station_web_gui/station_web_gui.egg-info/SOURCES.txt'
[4.818s] writing manifest file '../../build/station_web_gui/station_web_gui.egg-info/SOURCES.txt'
[4.818s] running build
[4.819s] running build_py
[4.821s] running install
[4.822s] running install_lib
[4.828s] running install_data
[4.831s] creating /home/sagre/SmartStationNew/ros2_ws/install/station_web_gui/lib/station_web_gui
[4.831s] copying scripts/station_web_gui -> /home/sagre/SmartStationNew/ros2_ws/install/station_web_gui/lib/station_web_gui
[4.831s] running install_egg_info
[4.844s] removing '/home/sagre/SmartStationNew/ros2_ws/install/station_web_gui/lib/python3.10/site-packages/station_web_gui-0.1.0-py3.10.egg-info' (and everything under it)
[4.846s] Copying ../../build/station_web_gui/station_web_gui.egg-info to /home/sagre/SmartStationNew/ros2_ws/install/station_web_gui/lib/python3.10/site-packages/station_web_gui-0.1.0-py3.10.egg-info
[4.852s] running install_scripts
[4.941s] Installing station_web_gui script to /home/sagre/SmartStationNew/ros2_ws/install/station_web_gui/bin
[4.943s] writing list of installed files to '/home/sagre/SmartStationNew/ros2_ws/build/station_web_gui/install.log'
[5.066s] Invoked command in '/home/sagre/SmartStationNew/ros2_ws/src/station_web_gui' returned '0': PYTHONPATH=/home/sagre/SmartStationNew/ros2_ws/build/station_web_gui/prefix_override:/usr/lib/python3/dist-packages/colcon_core/task/python/colcon_distutils_commands:/home/sagre/SmartStationNew/ros2_ws/install/station_web_gui/lib/python3.10/site-packages:${PYTHONPATH} /usr/bin/python3 -W ignore:setup.py install is deprecated -W ignore:easy_install command is deprecated setup.py egg_info --egg-base ../../build/station_web_gui build --build-base /home/sagre/SmartStationNew/ros2_ws/build/station_web_gui/build install --record /home/sagre/SmartStationNew/ros2_ws/build/station_web_gui/install.log --single-version-externally-managed install_data
