[16.135s] Invoking command in '/home/sagre/SmartStationNew/ros2_ws/src/station_orchestrator': PYTHONPATH=/home/sagre/SmartStationNew/ros2_ws/build/station_orchestrator/prefix_override:/usr/lib/python3/dist-packages/colcon_core/task/python/colcon_distutils_commands:/home/sagre/SmartStationNew/ros2_ws/install/station_orchestrator/lib/python3.10/site-packages:${PYTHONPATH} /usr/bin/python3 -W ignore:setup.py install is deprecated -W ignore:easy_install command is deprecated setup.py egg_info --egg-base ../../build/station_orchestrator build --build-base /home/sagre/SmartStationNew/ros2_ws/build/station_orchestrator/build install --record /home/sagre/SmartStationNew/ros2_ws/build/station_orchestrator/install.log --single-version-externally-managed install_data
[18.041s] running egg_info
[18.045s] writing ../../build/station_orchestrator/station_orchestrator.egg-info/PKG-INFO
[18.046s] writing dependency_links to ../../build/station_orchestrator/station_orchestrator.egg-info/dependency_links.txt
[18.051s] writing entry points to ../../build/station_orchestrator/station_orchestrator.egg-info/entry_points.txt
[18.052s] writing requirements to ../../build/station_orchestrator/station_orchestrator.egg-info/requires.txt
[18.054s] writing top-level names to ../../build/station_orchestrator/station_orchestrator.egg-info/top_level.txt
[18.062s] reading manifest file '../../build/station_orchestrator/station_orchestrator.egg-info/SOURCES.txt'
[18.068s] writing manifest file '../../build/station_orchestrator/station_orchestrator.egg-info/SOURCES.txt'
[18.068s] running build
[18.069s] running build_py
[18.070s] running install
[18.072s] running install_lib
[18.081s] running install_data
[18.081s] running install_egg_info
[18.092s] removing '/home/sagre/SmartStationNew/ros2_ws/install/station_orchestrator/lib/python3.10/site-packages/station_orchestrator-0.1.0-py3.10.egg-info' (and everything under it)
[18.096s] Copying ../../build/station_orchestrator/station_orchestrator.egg-info to /home/sagre/SmartStationNew/ros2_ws/install/station_orchestrator/lib/python3.10/site-packages/station_orchestrator-0.1.0-py3.10.egg-info
[18.103s] running install_scripts
[18.206s] Installing station_orchestrator script to /home/sagre/SmartStationNew/ros2_ws/install/station_orchestrator/bin
[18.208s] writing list of installed files to '/home/sagre/SmartStationNew/ros2_ws/build/station_orchestrator/install.log'
[18.340s] Invoked command in '/home/sagre/SmartStationNew/ros2_ws/src/station_orchestrator' returned '0': PYTHONPATH=/home/sagre/SmartStationNew/ros2_ws/build/station_orchestrator/prefix_override:/usr/lib/python3/dist-packages/colcon_core/task/python/colcon_distutils_commands:/home/sagre/SmartStationNew/ros2_ws/install/station_orchestrator/lib/python3.10/site-packages:${PYTHONPATH} /usr/bin/python3 -W ignore:setup.py install is deprecated -W ignore:easy_install command is deprecated setup.py egg_info --egg-base ../../build/station_orchestrator build --build-base /home/sagre/SmartStationNew/ros2_ws/build/station_orchestrator/build install --record /home/sagre/SmartStationNew/ros2_ws/build/station_orchestrator/install.log --single-version-externally-managed install_data
