[9.108s] Invoking command in '/home/sagre/SmartStationNew/ros2_ws/src/station_web_gui': PYTHONPATH=/home/sagre/SmartStationNew/ros2_ws/build/station_web_gui/prefix_override:/usr/lib/python3/dist-packages/colcon_core/task/python/colcon_distutils_commands:/home/sagre/SmartStationNew/ros2_ws/install/station_web_gui/lib/python3.10/site-packages:${PYTHONPATH} /usr/bin/python3 -W ignore:setup.py install is deprecated -W ignore:easy_install command is deprecated setup.py egg_info --egg-base ../../build/station_web_gui build --build-base /home/sagre/SmartStationNew/ros2_ws/build/station_web_gui/build install --record /home/sagre/SmartStationNew/ros2_ws/build/station_web_gui/install.log --single-version-externally-managed install_data
[10.924s] running egg_info
[10.928s] writing ../../build/station_web_gui/station_web_gui.egg-info/PKG-INFO
[10.929s] writing dependency_links to ../../build/station_web_gui/station_web_gui.egg-info/dependency_links.txt
[10.931s] writing entry points to ../../build/station_web_gui/station_web_gui.egg-info/entry_points.txt
[10.932s] writing requirements to ../../build/station_web_gui/station_web_gui.egg-info/requires.txt
[10.933s] writing top-level names to ../../build/station_web_gui/station_web_gui.egg-info/top_level.txt
[10.945s] reading manifest file '../../build/station_web_gui/station_web_gui.egg-info/SOURCES.txt'
[10.952s] writing manifest file '../../build/station_web_gui/station_web_gui.egg-info/SOURCES.txt'
[10.952s] running build
[10.953s] running build_py
[10.953s] copying station_web_gui/station_web_gui.py -> /home/sagre/SmartStationNew/ros2_ws/build/station_web_gui/build/lib/station_web_gui
[10.954s] running install
[10.957s] running install_lib
[10.961s] copying /home/sagre/SmartStationNew/ros2_ws/build/station_web_gui/build/lib/station_web_gui/station_web_gui.py -> /home/sagre/SmartStationNew/ros2_ws/install/station_web_gui/lib/python3.10/site-packages/station_web_gui
[10.968s] byte-compiling /home/sagre/SmartStationNew/ros2_ws/install/station_web_gui/lib/python3.10/site-packages/station_web_gui/station_web_gui.py to station_web_gui.cpython-310.pyc
[10.984s] running install_data
[10.986s] running install_egg_info
[11.001s] removing '/home/sagre/SmartStationNew/ros2_ws/install/station_web_gui/lib/python3.10/site-packages/station_web_gui-0.1.0-py3.10.egg-info' (and everything under it)
[11.005s] Copying ../../build/station_web_gui/station_web_gui.egg-info to /home/sagre/SmartStationNew/ros2_ws/install/station_web_gui/lib/python3.10/site-packages/station_web_gui-0.1.0-py3.10.egg-info
[11.021s] running install_scripts
[11.178s] Installing station_web_gui script to /home/sagre/SmartStationNew/ros2_ws/install/station_web_gui/bin
[11.192s] writing list of installed files to '/home/sagre/SmartStationNew/ros2_ws/build/station_web_gui/install.log'
[11.327s] Invoked command in '/home/sagre/SmartStationNew/ros2_ws/src/station_web_gui' returned '0': PYTHONPATH=/home/sagre/SmartStationNew/ros2_ws/build/station_web_gui/prefix_override:/usr/lib/python3/dist-packages/colcon_core/task/python/colcon_distutils_commands:/home/sagre/SmartStationNew/ros2_ws/install/station_web_gui/lib/python3.10/site-packages:${PYTHONPATH} /usr/bin/python3 -W ignore:setup.py install is deprecated -W ignore:easy_install command is deprecated setup.py egg_info --egg-base ../../build/station_web_gui build --build-base /home/sagre/SmartStationNew/ros2_ws/build/station_web_gui/build install --record /home/sagre/SmartStationNew/ros2_ws/build/station_web_gui/install.log --single-version-externally-managed install_data
