[23.864s] Invoking command in '/home/sagre/SmartStationNew/ros2_ws/src/station_web_gui': PYTHONPATH=/home/sagre/SmartStationNew/ros2_ws/build/station_web_gui/prefix_override:/usr/lib/python3/dist-packages/colcon_core/task/python/colcon_distutils_commands:/home/sagre/SmartStationNew/ros2_ws/install/station_web_gui/lib/python3.10/site-packages:${PYTHONPATH} /usr/bin/python3 -W ignore:setup.py install is deprecated -W ignore:easy_install command is deprecated setup.py egg_info --egg-base ../../build/station_web_gui build --build-base /home/sagre/SmartStationNew/ros2_ws/build/station_web_gui/build install --record /home/sagre/SmartStationNew/ros2_ws/build/station_web_gui/install.log --single-version-externally-managed install_data
[26.967s] running egg_info
[26.970s] writing ../../build/station_web_gui/station_web_gui.egg-info/PKG-INFO
[26.971s] writing dependency_links to ../../build/station_web_gui/station_web_gui.egg-info/dependency_links.txt
[26.973s] writing entry points to ../../build/station_web_gui/station_web_gui.egg-info/entry_points.txt
[26.974s] writing requirements to ../../build/station_web_gui/station_web_gui.egg-info/requires.txt
[26.975s] writing top-level names to ../../build/station_web_gui/station_web_gui.egg-info/top_level.txt
[26.984s] reading manifest file '../../build/station_web_gui/station_web_gui.egg-info/SOURCES.txt'
[26.999s] writing manifest file '../../build/station_web_gui/station_web_gui.egg-info/SOURCES.txt'
[27.000s] running build
[27.001s] running build_py
[27.007s] running install
[27.009s] running install_lib
[27.016s] running install_data
[27.018s] running install_egg_info
[27.057s] removing '/home/sagre/SmartStationNew/ros2_ws/install/station_web_gui/lib/python3.10/site-packages/station_web_gui-0.1.0-py3.10.egg-info' (and everything under it)
[27.059s] Copying ../../build/station_web_gui/station_web_gui.egg-info to /home/sagre/SmartStationNew/ros2_ws/install/station_web_gui/lib/python3.10/site-packages/station_web_gui-0.1.0-py3.10.egg-info
[27.068s] running install_scripts
[27.176s] Installing station_web_gui script to /home/sagre/SmartStationNew/ros2_ws/install/station_web_gui/bin
[27.178s] writing list of installed files to '/home/sagre/SmartStationNew/ros2_ws/build/station_web_gui/install.log'
[27.312s] Invoked command in '/home/sagre/SmartStationNew/ros2_ws/src/station_web_gui' returned '0': PYTHONPATH=/home/sagre/SmartStationNew/ros2_ws/build/station_web_gui/prefix_override:/usr/lib/python3/dist-packages/colcon_core/task/python/colcon_distutils_commands:/home/sagre/SmartStationNew/ros2_ws/install/station_web_gui/lib/python3.10/site-packages:${PYTHONPATH} /usr/bin/python3 -W ignore:setup.py install is deprecated -W ignore:easy_install command is deprecated setup.py egg_info --egg-base ../../build/station_web_gui build --build-base /home/sagre/SmartStationNew/ros2_ws/build/station_web_gui/build install --record /home/sagre/SmartStationNew/ros2_ws/build/station_web_gui/install.log --single-version-externally-managed install_data
