/home/sagre/SmartStationNew/ros2_ws/install/station_web_gui/lib/python3.10/site-packages/station_web_gui/__init__.py
/home/sagre/SmartStationNew/ros2_ws/install/station_web_gui/lib/python3.10/site-packages/station_web_gui/station_web_gui.py
/home/sagre/SmartStationNew/ros2_ws/install/station_web_gui/lib/python3.10/site-packages/station_web_gui/sensor_metadata.py
/home/sagre/SmartStationNew/ros2_ws/install/station_web_gui/lib/python3.10/site-packages/station_web_gui/__pycache__/__init__.cpython-310.pyc
/home/sagre/SmartStationNew/ros2_ws/install/station_web_gui/lib/python3.10/site-packages/station_web_gui/__pycache__/station_web_gui.cpython-310.pyc
/home/sagre/SmartStationNew/ros2_ws/install/station_web_gui/lib/python3.10/site-packages/station_web_gui/__pycache__/sensor_metadata.cpython-310.pyc
/home/sagre/SmartStationNew/ros2_ws/install/station_web_gui/share/ament_index/resource_index/packages/station_web_gui
/home/sagre/SmartStationNew/ros2_ws/install/station_web_gui/share/station_web_gui/package.xml
/home/sagre/SmartStationNew/ros2_ws/install/station_web_gui/share/station_web_gui/templates/logs.html
/home/sagre/SmartStationNew/ros2_ws/install/station_web_gui/share/station_web_gui/templates/index.html
/home/sagre/SmartStationNew/ros2_ws/install/station_web_gui/share/station_web_gui/templates/control.html
/home/sagre/SmartStationNew/ros2_ws/install/station_web_gui/share/station_web_gui/static/style.css
/home/sagre/SmartStationNew/ros2_ws/install/station_web_gui/lib/station_web_gui/station_web_gui
/home/sagre/SmartStationNew/ros2_ws/install/station_web_gui/lib/python3.10/site-packages/station_web_gui-0.1.0-py3.10.egg-info/PKG-INFO
/home/sagre/SmartStationNew/ros2_ws/install/station_web_gui/lib/python3.10/site-packages/station_web_gui-0.1.0-py3.10.egg-info/top_level.txt
/home/sagre/SmartStationNew/ros2_ws/install/station_web_gui/lib/python3.10/site-packages/station_web_gui-0.1.0-py3.10.egg-info/SOURCES.txt
/home/sagre/SmartStationNew/ros2_ws/install/station_web_gui/lib/python3.10/site-packages/station_web_gui-0.1.0-py3.10.egg-info/entry_points.txt
/home/sagre/SmartStationNew/ros2_ws/install/station_web_gui/lib/python3.10/site-packages/station_web_gui-0.1.0-py3.10.egg-info/requires.txt
/home/sagre/SmartStationNew/ros2_ws/install/station_web_gui/lib/python3.10/site-packages/station_web_gui-0.1.0-py3.10.egg-info/dependency_links.txt
/home/sagre/SmartStationNew/ros2_ws/install/station_web_gui/lib/python3.10/site-packages/station_web_gui-0.1.0-py3.10.egg-info/zip-safe
/home/sagre/SmartStationNew/ros2_ws/install/station_web_gui/bin/station_web_gui
