[14.542s] Invoking command in '/home/sagre/SmartStationNew/ros2_ws/src/mqtt_ros2_bridge': PYTHONPATH=/home/sagre/SmartStationNew/ros2_ws/build/mqtt_ros2_bridge/prefix_override:/usr/lib/python3/dist-packages/colcon_core/task/python/colcon_distutils_commands:/home/sagre/SmartStationNew/ros2_ws/install/mqtt_ros2_bridge/lib/python3.10/site-packages:${PYTHONPATH} /usr/bin/python3 -W ignore:setup.py install is deprecated -W ignore:easy_install command is deprecated setup.py egg_info --egg-base ../../build/mqtt_ros2_bridge build --build-base /home/sagre/SmartStationNew/ros2_ws/build/mqtt_ros2_bridge/build install --record /home/sagre/SmartStationNew/ros2_ws/build/mqtt_ros2_bridge/install.log --single-version-externally-managed install_data
[18.022s] running egg_info
[18.026s] writing ../../build/mqtt_ros2_bridge/mqtt_ros2_bridge.egg-info/PKG-INFO
[18.029s] writing dependency_links to ../../build/mqtt_ros2_bridge/mqtt_ros2_bridge.egg-info/dependency_links.txt
[18.031s] writing entry points to ../../build/mqtt_ros2_bridge/mqtt_ros2_bridge.egg-info/entry_points.txt
[18.032s] writing requirements to ../../build/mqtt_ros2_bridge/mqtt_ros2_bridge.egg-info/requires.txt
[18.033s] writing top-level names to ../../build/mqtt_ros2_bridge/mqtt_ros2_bridge.egg-info/top_level.txt
[18.043s] reading manifest file '../../build/mqtt_ros2_bridge/mqtt_ros2_bridge.egg-info/SOURCES.txt'
[18.054s] writing manifest file '../../build/mqtt_ros2_bridge/mqtt_ros2_bridge.egg-info/SOURCES.txt'
[18.054s] running build
[18.055s] running build_py
[18.056s] copying mqtt_ros2_bridge/bridge_node.py -> /home/sagre/SmartStationNew/ros2_ws/build/mqtt_ros2_bridge/build/lib/mqtt_ros2_bridge
[18.058s] running install
[18.060s] running install_lib
[18.066s] copying /home/sagre/SmartStationNew/ros2_ws/build/mqtt_ros2_bridge/build/lib/mqtt_ros2_bridge/bridge_node.py -> /home/sagre/SmartStationNew/ros2_ws/install/mqtt_ros2_bridge/lib/python3.10/site-packages/mqtt_ros2_bridge
[18.071s] byte-compiling /home/sagre/SmartStationNew/ros2_ws/install/mqtt_ros2_bridge/lib/python3.10/site-packages/mqtt_ros2_bridge/bridge_node.py to bridge_node.cpython-310.pyc
[18.079s] running install_data
[18.080s] running install_egg_info
[18.090s] removing '/home/sagre/SmartStationNew/ros2_ws/install/mqtt_ros2_bridge/lib/python3.10/site-packages/mqtt_ros2_bridge-0.1.0-py3.10.egg-info' (and everything under it)
[18.092s] Copying ../../build/mqtt_ros2_bridge/mqtt_ros2_bridge.egg-info to /home/sagre/SmartStationNew/ros2_ws/install/mqtt_ros2_bridge/lib/python3.10/site-packages/mqtt_ros2_bridge-0.1.0-py3.10.egg-info
[18.102s] running install_scripts
[18.211s] Installing mqtt_ros2_bridge script to /home/sagre/SmartStationNew/ros2_ws/install/mqtt_ros2_bridge/bin
[18.214s] writing list of installed files to '/home/sagre/SmartStationNew/ros2_ws/build/mqtt_ros2_bridge/install.log'
[18.377s] Invoked command in '/home/sagre/SmartStationNew/ros2_ws/src/mqtt_ros2_bridge' returned '0': PYTHONPATH=/home/sagre/SmartStationNew/ros2_ws/build/mqtt_ros2_bridge/prefix_override:/usr/lib/python3/dist-packages/colcon_core/task/python/colcon_distutils_commands:/home/sagre/SmartStationNew/ros2_ws/install/mqtt_ros2_bridge/lib/python3.10/site-packages:${PYTHONPATH} /usr/bin/python3 -W ignore:setup.py install is deprecated -W ignore:easy_install command is deprecated setup.py egg_info --egg-base ../../build/mqtt_ros2_bridge build --build-base /home/sagre/SmartStationNew/ros2_ws/build/mqtt_ros2_bridge/build install --record /home/sagre/SmartStationNew/ros2_ws/build/mqtt_ros2_bridge/install.log --single-version-externally-managed install_data
