[7.554s] Invoking command in '/home/sagre/SmartStationNew/ros2_ws/src/station_web_gui': PYTHONPATH=/home/sagre/SmartStationNew/ros2_ws/build/station_web_gui/prefix_override:/usr/lib/python3/dist-packages/colcon_core/task/python/colcon_distutils_commands:/home/sagre/SmartStationNew/ros2_ws/install/station_web_gui/lib/python3.10/site-packages:${PYTHONPATH} /usr/bin/python3 -W ignore:setup.py install is deprecated -W ignore:easy_install command is deprecated setup.py egg_info --egg-base ../../build/station_web_gui build --build-base /home/sagre/SmartStationNew/ros2_ws/build/station_web_gui/build install --record /home/sagre/SmartStationNew/ros2_ws/build/station_web_gui/install.log --single-version-externally-managed install_data
[9.209s] running egg_info
[9.215s] writing ../../build/station_web_gui/station_web_gui.egg-info/PKG-INFO
[9.217s] writing dependency_links to ../../build/station_web_gui/station_web_gui.egg-info/dependency_links.txt
[9.220s] writing entry points to ../../build/station_web_gui/station_web_gui.egg-info/entry_points.txt
[9.221s] writing requirements to ../../build/station_web_gui/station_web_gui.egg-info/requires.txt
[9.221s] writing top-level names to ../../build/station_web_gui/station_web_gui.egg-info/top_level.txt
[9.230s] reading manifest file '../../build/station_web_gui/station_web_gui.egg-info/SOURCES.txt'
[9.237s] writing manifest file '../../build/station_web_gui/station_web_gui.egg-info/SOURCES.txt'
[9.240s] running build
[9.242s] running build_py
[9.245s] copying station_web_gui/station_web_gui.py -> /home/sagre/SmartStationNew/ros2_ws/build/station_web_gui/build/lib/station_web_gui
[9.247s] running install
[9.251s] running install_lib
[9.254s] copying /home/sagre/SmartStationNew/ros2_ws/build/station_web_gui/build/lib/station_web_gui/station_web_gui.py -> /home/sagre/SmartStationNew/ros2_ws/install/station_web_gui/lib/python3.10/site-packages/station_web_gui
[9.257s] byte-compiling /home/sagre/SmartStationNew/ros2_ws/install/station_web_gui/lib/python3.10/site-packages/station_web_gui/station_web_gui.py to station_web_gui.cpython-310.pyc
[9.284s] running install_data
[9.285s] running install_egg_info
[9.314s] removing '/home/sagre/SmartStationNew/ros2_ws/install/station_web_gui/lib/python3.10/site-packages/station_web_gui-0.1.0-py3.10.egg-info' (and everything under it)
[9.323s] Copying ../../build/station_web_gui/station_web_gui.egg-info to /home/sagre/SmartStationNew/ros2_ws/install/station_web_gui/lib/python3.10/site-packages/station_web_gui-0.1.0-py3.10.egg-info
[9.342s] running install_scripts
[9.451s] Installing station_web_gui script to /home/sagre/SmartStationNew/ros2_ws/install/station_web_gui/bin
[9.455s] writing list of installed files to '/home/sagre/SmartStationNew/ros2_ws/build/station_web_gui/install.log'
[9.855s] Invoked command in '/home/sagre/SmartStationNew/ros2_ws/src/station_web_gui' returned '0': PYTHONPATH=/home/sagre/SmartStationNew/ros2_ws/build/station_web_gui/prefix_override:/usr/lib/python3/dist-packages/colcon_core/task/python/colcon_distutils_commands:/home/sagre/SmartStationNew/ros2_ws/install/station_web_gui/lib/python3.10/site-packages:${PYTHONPATH} /usr/bin/python3 -W ignore:setup.py install is deprecated -W ignore:easy_install command is deprecated setup.py egg_info --egg-base ../../build/station_web_gui build --build-base /home/sagre/SmartStationNew/ros2_ws/build/station_web_gui/build install --record /home/sagre/SmartStationNew/ros2_ws/build/station_web_gui/install.log --single-version-externally-managed install_data
